<?xml version="1.0" encoding="ISO-8859-1" ?>
<link_info>
   <banner>MSP430 Linker PC v18.12.1.LTS</banner>
   <copyright>Copyright (c) 2003-2018 Texas Instruments Incorporated</copyright>
   <link_time>0x5e20f435</link_time>
   <link_errors>0x0</link_errors>
   <output_file>Lab02_Part02.out</output_file>
   <entry_point>
      <name>_c_int00_noargs</name>
      <address>0x75f6</address>
   </entry_point>
   <input_file_list>
      <input_file id="fl-2">
         <path>.\</path>
         <kind>object</kind>
         <file>main.obj</file>
         <name>main.obj</name>
      </input_file>
      <input_file id="fl-7">
         <kind>object</kind>
         <file>&lt;internal&gt;</file>
         <name>&lt;internal&gt;</name>
      </input_file>
      <input_file id="fl-1d">
         <path>C:\ti\ccs901\ccs\tools\compiler\ti-cgt-msp430_18.12.1.LTS\lib\</path>
         <kind>archive</kind>
         <file>rts430_eabi.lib</file>
         <name>printf.c.obj</name>
      </input_file>
      <input_file id="fl-1e">
         <path>C:\ti\ccs901\ccs\tools\compiler\ti-cgt-msp430_18.12.1.LTS\lib\</path>
         <kind>archive</kind>
         <file>rts430_eabi.lib</file>
         <name>_printfi.c.obj</name>
      </input_file>
      <input_file id="fl-1f">
         <path>C:\ti\ccs901\ccs\tools\compiler\ti-cgt-msp430_18.12.1.LTS\lib\</path>
         <kind>archive</kind>
         <file>rts430_eabi.lib</file>
         <name>fputc.c.obj</name>
      </input_file>
      <input_file id="fl-20">
         <path>C:\ti\ccs901\ccs\tools\compiler\ti-cgt-msp430_18.12.1.LTS\lib\</path>
         <kind>archive</kind>
         <file>rts430_eabi.lib</file>
         <name>fputs.c.obj</name>
      </input_file>
      <input_file id="fl-21">
         <path>C:\ti\ccs901\ccs\tools\compiler\ti-cgt-msp430_18.12.1.LTS\lib\</path>
         <kind>archive</kind>
         <file>rts430_eabi.lib</file>
         <name>_io_perm.c.obj</name>
      </input_file>
      <input_file id="fl-22">
         <path>C:\ti\ccs901\ccs\tools\compiler\ti-cgt-msp430_18.12.1.LTS\lib\</path>
         <kind>archive</kind>
         <file>rts430_eabi.lib</file>
         <name>setvbuf.c.obj</name>
      </input_file>
      <input_file id="fl-23">
         <path>C:\ti\ccs901\ccs\tools\compiler\ti-cgt-msp430_18.12.1.LTS\lib\</path>
         <kind>archive</kind>
         <file>rts430_eabi.lib</file>
         <name>s_frexp.c.obj</name>
      </input_file>
      <input_file id="fl-24">
         <path>C:\ti\ccs901\ccs\tools\compiler\ti-cgt-msp430_18.12.1.LTS\lib\</path>
         <kind>archive</kind>
         <file>rts430_eabi.lib</file>
         <name>s_scalbn.c.obj</name>
      </input_file>
      <input_file id="fl-25">
         <path>C:\ti\ccs901\ccs\tools\compiler\ti-cgt-msp430_18.12.1.LTS\lib\</path>
         <kind>archive</kind>
         <file>rts430_eabi.lib</file>
         <name>wcslen.c.obj</name>
      </input_file>
      <input_file id="fl-26">
         <path>C:\ti\ccs901\ccs\tools\compiler\ti-cgt-msp430_18.12.1.LTS\lib\</path>
         <kind>archive</kind>
         <file>rts430_eabi.lib</file>
         <name>s_copysign.c.obj</name>
      </input_file>
      <input_file id="fl-27">
         <path>C:\ti\ccs901\ccs\tools\compiler\ti-cgt-msp430_18.12.1.LTS\lib\</path>
         <kind>archive</kind>
         <file>rts430_eabi.lib</file>
         <name>asr16.asm.obj</name>
      </input_file>
      <input_file id="fl-28">
         <path>C:\ti\ccs901\ccs\tools\compiler\ti-cgt-msp430_18.12.1.LTS\lib\</path>
         <kind>archive</kind>
         <file>rts430_eabi.lib</file>
         <name>div16u.asm.obj</name>
      </input_file>
      <input_file id="fl-29">
         <path>C:\ti\ccs901\ccs\tools\compiler\ti-cgt-msp430_18.12.1.LTS\lib\</path>
         <kind>archive</kind>
         <file>rts430_eabi.lib</file>
         <name>div32u.asm.obj</name>
      </input_file>
      <input_file id="fl-2a">
         <path>C:\ti\ccs901\ccs\tools\compiler\ti-cgt-msp430_18.12.1.LTS\lib\</path>
         <kind>archive</kind>
         <file>rts430_eabi.lib</file>
         <name>epilog.asm.obj</name>
      </input_file>
      <input_file id="fl-2b">
         <path>C:\ti\ccs901\ccs\tools\compiler\ti-cgt-msp430_18.12.1.LTS\lib\</path>
         <kind>archive</kind>
         <file>rts430_eabi.lib</file>
         <name>int14.asm.obj</name>
      </input_file>
      <input_file id="fl-2c">
         <path>C:\ti\ccs901\ccs\tools\compiler\ti-cgt-msp430_18.12.1.LTS\lib\</path>
         <kind>archive</kind>
         <file>rts430_eabi.lib</file>
         <name>int15.asm.obj</name>
      </input_file>
      <input_file id="fl-2d">
         <path>C:\ti\ccs901\ccs\tools\compiler\ti-cgt-msp430_18.12.1.LTS\lib\</path>
         <kind>archive</kind>
         <file>rts430_eabi.lib</file>
         <name>int16.asm.obj</name>
      </input_file>
      <input_file id="fl-2e">
         <path>C:\ti\ccs901\ccs\tools\compiler\ti-cgt-msp430_18.12.1.LTS\lib\</path>
         <kind>archive</kind>
         <file>rts430_eabi.lib</file>
         <name>int17.asm.obj</name>
      </input_file>
      <input_file id="fl-2f">
         <path>C:\ti\ccs901\ccs\tools\compiler\ti-cgt-msp430_18.12.1.LTS\lib\</path>
         <kind>archive</kind>
         <file>rts430_eabi.lib</file>
         <name>int18.asm.obj</name>
      </input_file>
      <input_file id="fl-30">
         <path>C:\ti\ccs901\ccs\tools\compiler\ti-cgt-msp430_18.12.1.LTS\lib\</path>
         <kind>archive</kind>
         <file>rts430_eabi.lib</file>
         <name>int19.asm.obj</name>
      </input_file>
      <input_file id="fl-31">
         <path>C:\ti\ccs901\ccs\tools\compiler\ti-cgt-msp430_18.12.1.LTS\lib\</path>
         <kind>archive</kind>
         <file>rts430_eabi.lib</file>
         <name>int20.asm.obj</name>
      </input_file>
      <input_file id="fl-32">
         <path>C:\ti\ccs901\ccs\tools\compiler\ti-cgt-msp430_18.12.1.LTS\lib\</path>
         <kind>archive</kind>
         <file>rts430_eabi.lib</file>
         <name>int21.asm.obj</name>
      </input_file>
      <input_file id="fl-33">
         <path>C:\ti\ccs901\ccs\tools\compiler\ti-cgt-msp430_18.12.1.LTS\lib\</path>
         <kind>archive</kind>
         <file>rts430_eabi.lib</file>
         <name>int22.asm.obj</name>
      </input_file>
      <input_file id="fl-34">
         <path>C:\ti\ccs901\ccs\tools\compiler\ti-cgt-msp430_18.12.1.LTS\lib\</path>
         <kind>archive</kind>
         <file>rts430_eabi.lib</file>
         <name>int23.asm.obj</name>
      </input_file>
      <input_file id="fl-35">
         <path>C:\ti\ccs901\ccs\tools\compiler\ti-cgt-msp430_18.12.1.LTS\lib\</path>
         <kind>archive</kind>
         <file>rts430_eabi.lib</file>
         <name>int24.asm.obj</name>
      </input_file>
      <input_file id="fl-36">
         <path>C:\ti\ccs901\ccs\tools\compiler\ti-cgt-msp430_18.12.1.LTS\lib\</path>
         <kind>archive</kind>
         <file>rts430_eabi.lib</file>
         <name>int25.asm.obj</name>
      </input_file>
      <input_file id="fl-37">
         <path>C:\ti\ccs901\ccs\tools\compiler\ti-cgt-msp430_18.12.1.LTS\lib\</path>
         <kind>archive</kind>
         <file>rts430_eabi.lib</file>
         <name>int26.asm.obj</name>
      </input_file>
      <input_file id="fl-38">
         <path>C:\ti\ccs901\ccs\tools\compiler\ti-cgt-msp430_18.12.1.LTS\lib\</path>
         <kind>archive</kind>
         <file>rts430_eabi.lib</file>
         <name>int27.asm.obj</name>
      </input_file>
      <input_file id="fl-39">
         <path>C:\ti\ccs901\ccs\tools\compiler\ti-cgt-msp430_18.12.1.LTS\lib\</path>
         <kind>archive</kind>
         <file>rts430_eabi.lib</file>
         <name>int28.asm.obj</name>
      </input_file>
      <input_file id="fl-3a">
         <path>C:\ti\ccs901\ccs\tools\compiler\ti-cgt-msp430_18.12.1.LTS\lib\</path>
         <kind>archive</kind>
         <file>rts430_eabi.lib</file>
         <name>int29.asm.obj</name>
      </input_file>
      <input_file id="fl-3b">
         <path>C:\ti\ccs901\ccs\tools\compiler\ti-cgt-msp430_18.12.1.LTS\lib\</path>
         <kind>archive</kind>
         <file>rts430_eabi.lib</file>
         <name>int30.asm.obj</name>
      </input_file>
      <input_file id="fl-3c">
         <path>C:\ti\ccs901\ccs\tools\compiler\ti-cgt-msp430_18.12.1.LTS\lib\</path>
         <kind>archive</kind>
         <file>rts430_eabi.lib</file>
         <name>isr_trap.asm.obj</name>
      </input_file>
      <input_file id="fl-3d">
         <path>C:\ti\ccs901\ccs\tools\compiler\ti-cgt-msp430_18.12.1.LTS\lib\</path>
         <kind>archive</kind>
         <file>rts430_eabi.lib</file>
         <name>lsl16.asm.obj</name>
      </input_file>
      <input_file id="fl-3e">
         <path>C:\ti\ccs901\ccs\tools\compiler\ti-cgt-msp430_18.12.1.LTS\lib\</path>
         <kind>archive</kind>
         <file>rts430_eabi.lib</file>
         <name>lsr16.asm.obj</name>
      </input_file>
      <input_file id="fl-3f">
         <path>C:\ti\ccs901\ccs\tools\compiler\ti-cgt-msp430_18.12.1.LTS\lib\</path>
         <kind>archive</kind>
         <file>rts430_eabi.lib</file>
         <name>mult16.asm.obj</name>
      </input_file>
      <input_file id="fl-40">
         <path>C:\ti\ccs901\ccs\tools\compiler\ti-cgt-msp430_18.12.1.LTS\lib\</path>
         <kind>archive</kind>
         <file>rts430_eabi.lib</file>
         <name>mult16_hw.asm.obj</name>
      </input_file>
      <input_file id="fl-41">
         <path>C:\ti\ccs901\ccs\tools\compiler\ti-cgt-msp430_18.12.1.LTS\lib\</path>
         <kind>archive</kind>
         <file>rts430_eabi.lib</file>
         <name>mult1632_hw.asm.obj</name>
      </input_file>
      <input_file id="fl-42">
         <path>C:\ti\ccs901\ccs\tools\compiler\ti-cgt-msp430_18.12.1.LTS\lib\</path>
         <kind>archive</kind>
         <file>rts430_eabi.lib</file>
         <name>mult32_hw.asm.obj</name>
      </input_file>
      <input_file id="fl-43">
         <path>C:\ti\ccs901\ccs\tools\compiler\ti-cgt-msp430_18.12.1.LTS\lib\</path>
         <kind>archive</kind>
         <file>rts430_eabi.lib</file>
         <name>mult3264_hw.asm.obj</name>
      </input_file>
      <input_file id="fl-44">
         <path>C:\ti\ccs901\ccs\tools\compiler\ti-cgt-msp430_18.12.1.LTS\lib\</path>
         <kind>archive</kind>
         <file>rts430_eabi.lib</file>
         <name>mult64_hw.asm.obj</name>
      </input_file>
      <input_file id="fl-45">
         <path>C:\ti\ccs901\ccs\tools\compiler\ti-cgt-msp430_18.12.1.LTS\lib\</path>
         <kind>archive</kind>
         <file>rts430_eabi.lib</file>
         <name>boot.c.obj</name>
      </input_file>
      <input_file id="fl-46">
         <path>C:\ti\ccs901\ccs\tools\compiler\ti-cgt-msp430_18.12.1.LTS\lib\</path>
         <kind>archive</kind>
         <file>rts430_eabi.lib</file>
         <name>autoinit.c.obj</name>
      </input_file>
      <input_file id="fl-47">
         <path>C:\ti\ccs901\ccs\tools\compiler\ti-cgt-msp430_18.12.1.LTS\lib\</path>
         <kind>archive</kind>
         <file>rts430_eabi.lib</file>
         <name>copy_zero_init.c.obj</name>
      </input_file>
      <input_file id="fl-48">
         <path>C:\ti\ccs901\ccs\tools\compiler\ti-cgt-msp430_18.12.1.LTS\lib\</path>
         <kind>archive</kind>
         <file>rts430_eabi.lib</file>
         <name>exit_gvars.c.obj</name>
      </input_file>
      <input_file id="fl-49">
         <path>C:\ti\ccs901\ccs\tools\compiler\ti-cgt-msp430_18.12.1.LTS\lib\</path>
         <kind>archive</kind>
         <file>rts430_eabi.lib</file>
         <name>cpy_tbl.c.obj</name>
      </input_file>
      <input_file id="fl-4a">
         <path>C:\ti\ccs901\ccs\tools\compiler\ti-cgt-msp430_18.12.1.LTS\lib\</path>
         <kind>archive</kind>
         <file>rts430_eabi.lib</file>
         <name>mpu_init.c.obj</name>
      </input_file>
      <input_file id="fl-4b">
         <path>C:\ti\ccs901\ccs\tools\compiler\ti-cgt-msp430_18.12.1.LTS\lib\</path>
         <kind>archive</kind>
         <file>rts430_eabi.lib</file>
         <name>lsr64.c.obj</name>
      </input_file>
      <input_file id="fl-4c">
         <path>C:\ti\ccs901\ccs\tools\compiler\ti-cgt-msp430_18.12.1.LTS\lib\</path>
         <kind>archive</kind>
         <file>rts430_eabi.lib</file>
         <name>div64u.c.obj</name>
      </input_file>
      <input_file id="fl-4d">
         <path>C:\ti\ccs901\ccs\tools\compiler\ti-cgt-msp430_18.12.1.LTS\lib\</path>
         <kind>archive</kind>
         <file>rts430_eabi.lib</file>
         <name>pre_init.c.obj</name>
      </input_file>
      <input_file id="fl-4e">
         <path>C:\ti\ccs901\ccs\tools\compiler\ti-cgt-msp430_18.12.1.LTS\lib\</path>
         <kind>archive</kind>
         <file>rts430_eabi.lib</file>
         <name>startup.c.obj</name>
      </input_file>
      <input_file id="fl-4f">
         <path>C:\ti\ccs901\ccs\tools\compiler\ti-cgt-msp430_18.12.1.LTS\lib\</path>
         <kind>archive</kind>
         <file>rts430_eabi.lib</file>
         <name>copy_decompress_none.c.obj</name>
      </input_file>
      <input_file id="fl-50">
         <path>C:\ti\ccs901\ccs\tools\compiler\ti-cgt-msp430_18.12.1.LTS\lib\</path>
         <kind>archive</kind>
         <file>rts430_eabi.lib</file>
         <name>copy_decompress_lzss.c.obj</name>
      </input_file>
      <input_file id="fl-51">
         <path>C:\ti\ccs901\ccs\tools\compiler\ti-cgt-msp430_18.12.1.LTS\lib\</path>
         <kind>archive</kind>
         <file>rts430_eabi.lib</file>
         <name>addd.c.obj</name>
      </input_file>
      <input_file id="fl-52">
         <path>C:\ti\ccs901\ccs\tools\compiler\ti-cgt-msp430_18.12.1.LTS\lib\</path>
         <kind>archive</kind>
         <file>rts430_eabi.lib</file>
         <name>cmpd.c.obj</name>
      </input_file>
      <input_file id="fl-53">
         <path>C:\ti\ccs901\ccs\tools\compiler\ti-cgt-msp430_18.12.1.LTS\lib\</path>
         <kind>archive</kind>
         <file>rts430_eabi.lib</file>
         <name>divd.c.obj</name>
      </input_file>
      <input_file id="fl-54">
         <path>C:\ti\ccs901\ccs\tools\compiler\ti-cgt-msp430_18.12.1.LTS\lib\</path>
         <kind>archive</kind>
         <file>rts430_eabi.lib</file>
         <name>fixdi.c.obj</name>
      </input_file>
      <input_file id="fl-55">
         <path>C:\ti\ccs901\ccs\tools\compiler\ti-cgt-msp430_18.12.1.LTS\lib\</path>
         <kind>archive</kind>
         <file>rts430_eabi.lib</file>
         <name>fixdli.c.obj</name>
      </input_file>
      <input_file id="fl-56">
         <path>C:\ti\ccs901\ccs\tools\compiler\ti-cgt-msp430_18.12.1.LTS\lib\</path>
         <kind>archive</kind>
         <file>rts430_eabi.lib</file>
         <name>fltid.c.obj</name>
      </input_file>
      <input_file id="fl-57">
         <path>C:\ti\ccs901\ccs\tools\compiler\ti-cgt-msp430_18.12.1.LTS\lib\</path>
         <kind>archive</kind>
         <file>rts430_eabi.lib</file>
         <name>fltlid.c.obj</name>
      </input_file>
      <input_file id="fl-58">
         <path>C:\ti\ccs901\ccs\tools\compiler\ti-cgt-msp430_18.12.1.LTS\lib\</path>
         <kind>archive</kind>
         <file>rts430_eabi.lib</file>
         <name>frcaddd.c.obj</name>
      </input_file>
      <input_file id="fl-59">
         <path>C:\ti\ccs901\ccs\tools\compiler\ti-cgt-msp430_18.12.1.LTS\lib\</path>
         <kind>archive</kind>
         <file>rts430_eabi.lib</file>
         <name>frcdivd.c.obj</name>
      </input_file>
      <input_file id="fl-5a">
         <path>C:\ti\ccs901\ccs\tools\compiler\ti-cgt-msp430_18.12.1.LTS\lib\</path>
         <kind>archive</kind>
         <file>rts430_eabi.lib</file>
         <name>mpyd.c.obj</name>
      </input_file>
      <input_file id="fl-5b">
         <path>C:\ti\ccs901\ccs\tools\compiler\ti-cgt-msp430_18.12.1.LTS\lib\</path>
         <kind>archive</kind>
         <file>rts430_eabi.lib</file>
         <name>negd.c.obj</name>
      </input_file>
      <input_file id="fl-5c">
         <path>C:\ti\ccs901\ccs\tools\compiler\ti-cgt-msp430_18.12.1.LTS\lib\</path>
         <kind>archive</kind>
         <file>rts430_eabi.lib</file>
         <name>renormd.c.obj</name>
      </input_file>
      <input_file id="fl-5d">
         <path>C:\ti\ccs901\ccs\tools\compiler\ti-cgt-msp430_18.12.1.LTS\lib\</path>
         <kind>archive</kind>
         <file>rts430_eabi.lib</file>
         <name>subd.c.obj</name>
      </input_file>
      <input_file id="fl-5e">
         <path>C:\ti\ccs901\ccs\tools\compiler\ti-cgt-msp430_18.12.1.LTS\lib\</path>
         <kind>archive</kind>
         <file>rts430_eabi.lib</file>
         <name>exit.c.obj</name>
      </input_file>
      <input_file id="fl-5f">
         <path>C:\ti\ccs901\ccs\tools\compiler\ti-cgt-msp430_18.12.1.LTS\lib\</path>
         <kind>archive</kind>
         <file>rts430_eabi.lib</file>
         <name>_lock.c.obj</name>
      </input_file>
      <input_file id="fl-60">
         <path>C:\ti\ccs901\ccs\tools\compiler\ti-cgt-msp430_18.12.1.LTS\lib\</path>
         <kind>archive</kind>
         <file>rts430_eabi.lib</file>
         <name>args_main.c.obj</name>
      </input_file>
      <input_file id="fl-61">
         <path>C:\ti\ccs901\ccs\tools\compiler\ti-cgt-msp430_18.12.1.LTS\lib\</path>
         <kind>archive</kind>
         <file>rts430_eabi.lib</file>
         <name>atoi.c.obj</name>
      </input_file>
      <input_file id="fl-62">
         <path>C:\ti\ccs901\ccs\tools\compiler\ti-cgt-msp430_18.12.1.LTS\lib\</path>
         <kind>archive</kind>
         <file>rts430_eabi.lib</file>
         <name>ctype.c.obj</name>
      </input_file>
      <input_file id="fl-63">
         <path>C:\ti\ccs901\ccs\tools\compiler\ti-cgt-msp430_18.12.1.LTS\lib\</path>
         <kind>archive</kind>
         <file>rts430_eabi.lib</file>
         <name>defs.c.obj</name>
      </input_file>
      <input_file id="fl-64">
         <path>C:\ti\ccs901\ccs\tools\compiler\ti-cgt-msp430_18.12.1.LTS\lib\</path>
         <kind>archive</kind>
         <file>rts430_eabi.lib</file>
         <name>ltoa.c.obj</name>
      </input_file>
      <input_file id="fl-65">
         <path>C:\ti\ccs901\ccs\tools\compiler\ti-cgt-msp430_18.12.1.LTS\lib\</path>
         <kind>archive</kind>
         <file>rts430_eabi.lib</file>
         <name>memccpy.c.obj</name>
      </input_file>
      <input_file id="fl-66">
         <path>C:\ti\ccs901\ccs\tools\compiler\ti-cgt-msp430_18.12.1.LTS\lib\</path>
         <kind>archive</kind>
         <file>rts430_eabi.lib</file>
         <name>memchr.c.obj</name>
      </input_file>
      <input_file id="fl-67">
         <path>C:\ti\ccs901\ccs\tools\compiler\ti-cgt-msp430_18.12.1.LTS\lib\</path>
         <kind>archive</kind>
         <file>rts430_eabi.lib</file>
         <name>memcpy.c.obj</name>
      </input_file>
      <input_file id="fl-68">
         <path>C:\ti\ccs901\ccs\tools\compiler\ti-cgt-msp430_18.12.1.LTS\lib\</path>
         <kind>archive</kind>
         <file>rts430_eabi.lib</file>
         <name>memory.c.obj</name>
      </input_file>
      <input_file id="fl-69">
         <path>C:\ti\ccs901\ccs\tools\compiler\ti-cgt-msp430_18.12.1.LTS\lib\</path>
         <kind>archive</kind>
         <file>rts430_eabi.lib</file>
         <name>memset.c.obj</name>
      </input_file>
      <input_file id="fl-6a">
         <path>C:\ti\ccs901\ccs\tools\compiler\ti-cgt-msp430_18.12.1.LTS\lib\</path>
         <kind>archive</kind>
         <file>rts430_eabi.lib</file>
         <name>strchr.c.obj</name>
      </input_file>
      <input_file id="fl-6b">
         <path>C:\ti\ccs901\ccs\tools\compiler\ti-cgt-msp430_18.12.1.LTS\lib\</path>
         <kind>archive</kind>
         <file>rts430_eabi.lib</file>
         <name>strlen.c.obj</name>
      </input_file>
      <input_file id="fl-6c">
         <path>C:\ti\ccs901\ccs\tools\compiler\ti-cgt-msp430_18.12.1.LTS\lib\</path>
         <kind>archive</kind>
         <file>rts430_eabi.lib</file>
         <name>toupper.c.obj</name>
      </input_file>
      <input_file id="fl-6d">
         <path>C:\ti\ccs901\ccs\tools\compiler\ti-cgt-msp430_18.12.1.LTS\lib\</path>
         <kind>archive</kind>
         <file>rts430_eabi.lib</file>
         <name>errno.c.obj</name>
      </input_file>
      <input_file id="fl-6e">
         <path>C:\ti\ccs901\ccs\tools\compiler\ti-cgt-msp430_18.12.1.LTS\lib\</path>
         <kind>archive</kind>
         <file>rts430_eabi.lib</file>
         <name>write.c.obj</name>
      </input_file>
      <input_file id="fl-6f">
         <path>C:\ti\ccs901\ccs\tools\compiler\ti-cgt-msp430_18.12.1.LTS\lib\</path>
         <kind>archive</kind>
         <file>rts430_eabi.lib</file>
         <name>host_device.c.obj</name>
      </input_file>
      <input_file id="fl-70">
         <path>C:\ti\ccs901\ccs\tools\compiler\ti-cgt-msp430_18.12.1.LTS\lib\</path>
         <kind>archive</kind>
         <file>rts430_eabi.lib</file>
         <name>abs.c.obj</name>
      </input_file>
      <input_file id="fl-71">
         <path>C:\ti\ccs901\ccs\tools\compiler\ti-cgt-msp430_18.12.1.LTS\lib\</path>
         <kind>archive</kind>
         <file>rts430_eabi.lib</file>
         <name>fflush.c.obj</name>
      </input_file>
      <input_file id="fl-72">
         <path>C:\ti\ccs901\ccs\tools\compiler\ti-cgt-msp430_18.12.1.LTS\lib\</path>
         <kind>archive</kind>
         <file>rts430_eabi.lib</file>
         <name>fopen.c.obj</name>
      </input_file>
      <input_file id="fl-73">
         <path>C:\ti\ccs901\ccs\tools\compiler\ti-cgt-msp430_18.12.1.LTS\lib\</path>
         <kind>archive</kind>
         <file>rts430_eabi.lib</file>
         <name>fseek.c.obj</name>
      </input_file>
      <input_file id="fl-74">
         <path>C:\ti\ccs901\ccs\tools\compiler\ti-cgt-msp430_18.12.1.LTS\lib\</path>
         <kind>archive</kind>
         <file>rts430_eabi.lib</file>
         <name>asr32.asm.obj</name>
      </input_file>
      <input_file id="fl-75">
         <path>C:\ti\ccs901\ccs\tools\compiler\ti-cgt-msp430_18.12.1.LTS\lib\</path>
         <kind>archive</kind>
         <file>rts430_eabi.lib</file>
         <name>div32s.asm.obj</name>
      </input_file>
      <input_file id="fl-76">
         <path>C:\ti\ccs901\ccs\tools\compiler\ti-cgt-msp430_18.12.1.LTS\lib\</path>
         <kind>archive</kind>
         <file>rts430_eabi.lib</file>
         <name>lsl32.asm.obj</name>
      </input_file>
      <input_file id="fl-77">
         <path>C:\ti\ccs901\ccs\tools\compiler\ti-cgt-msp430_18.12.1.LTS\lib\</path>
         <kind>archive</kind>
         <file>rts430_eabi.lib</file>
         <name>lsr32.asm.obj</name>
      </input_file>
      <input_file id="fl-78">
         <path>C:\ti\ccs901\ccs\tools\compiler\ti-cgt-msp430_18.12.1.LTS\lib\</path>
         <kind>archive</kind>
         <file>rts430_eabi.lib</file>
         <name>mult32.asm.obj</name>
      </input_file>
      <input_file id="fl-79">
         <path>C:\ti\ccs901\ccs\tools\compiler\ti-cgt-msp430_18.12.1.LTS\lib\</path>
         <kind>archive</kind>
         <file>rts430_eabi.lib</file>
         <name>lsl64.c.obj</name>
      </input_file>
      <input_file id="fl-7a">
         <path>C:\ti\ccs901\ccs\tools\compiler\ti-cgt-msp430_18.12.1.LTS\lib\</path>
         <kind>archive</kind>
         <file>rts430_eabi.lib</file>
         <name>frcmpyd.c.obj</name>
      </input_file>
      <input_file id="fl-7b">
         <path>C:\ti\ccs901\ccs\tools\compiler\ti-cgt-msp430_18.12.1.LTS\lib\</path>
         <kind>archive</kind>
         <file>rts430_eabi.lib</file>
         <name>hostclose.c.obj</name>
      </input_file>
      <input_file id="fl-7c">
         <path>C:\ti\ccs901\ccs\tools\compiler\ti-cgt-msp430_18.12.1.LTS\lib\</path>
         <kind>archive</kind>
         <file>rts430_eabi.lib</file>
         <name>hostlseek.c.obj</name>
      </input_file>
      <input_file id="fl-7d">
         <path>C:\ti\ccs901\ccs\tools\compiler\ti-cgt-msp430_18.12.1.LTS\lib\</path>
         <kind>archive</kind>
         <file>rts430_eabi.lib</file>
         <name>hostopen.c.obj</name>
      </input_file>
      <input_file id="fl-7e">
         <path>C:\ti\ccs901\ccs\tools\compiler\ti-cgt-msp430_18.12.1.LTS\lib\</path>
         <kind>archive</kind>
         <file>rts430_eabi.lib</file>
         <name>hostread.c.obj</name>
      </input_file>
      <input_file id="fl-7f">
         <path>C:\ti\ccs901\ccs\tools\compiler\ti-cgt-msp430_18.12.1.LTS\lib\</path>
         <kind>archive</kind>
         <file>rts430_eabi.lib</file>
         <name>hostrename.c.obj</name>
      </input_file>
      <input_file id="fl-80">
         <path>C:\ti\ccs901\ccs\tools\compiler\ti-cgt-msp430_18.12.1.LTS\lib\</path>
         <kind>archive</kind>
         <file>rts430_eabi.lib</file>
         <name>hostunlink.c.obj</name>
      </input_file>
      <input_file id="fl-81">
         <path>C:\ti\ccs901\ccs\tools\compiler\ti-cgt-msp430_18.12.1.LTS\lib\</path>
         <kind>archive</kind>
         <file>rts430_eabi.lib</file>
         <name>hostwrite.c.obj</name>
      </input_file>
      <input_file id="fl-82">
         <path>C:\ti\ccs901\ccs\tools\compiler\ti-cgt-msp430_18.12.1.LTS\lib\</path>
         <kind>archive</kind>
         <file>rts430_eabi.lib</file>
         <name>trgmsg.c.obj</name>
      </input_file>
      <input_file id="fl-83">
         <path>C:\ti\ccs901\ccs\tools\compiler\ti-cgt-msp430_18.12.1.LTS\lib\</path>
         <kind>archive</kind>
         <file>rts430_eabi.lib</file>
         <name>open.c.obj</name>
      </input_file>
      <input_file id="fl-84">
         <path>C:\ti\ccs901\ccs\tools\compiler\ti-cgt-msp430_18.12.1.LTS\lib\</path>
         <kind>archive</kind>
         <file>rts430_eabi.lib</file>
         <name>lseek.c.obj</name>
      </input_file>
      <input_file id="fl-85">
         <path>C:\ti\ccs901\ccs\tools\compiler\ti-cgt-msp430_18.12.1.LTS\lib\</path>
         <kind>archive</kind>
         <file>rts430_eabi.lib</file>
         <name>fclose.c.obj</name>
      </input_file>
      <input_file id="fl-86">
         <path>C:\ti\ccs901\ccs\tools\compiler\ti-cgt-msp430_18.12.1.LTS\lib\</path>
         <kind>archive</kind>
         <file>rts430_eabi.lib</file>
         <name>getdevice.c.obj</name>
      </input_file>
      <input_file id="fl-87">
         <path>C:\ti\ccs901\ccs\tools\compiler\ti-cgt-msp430_18.12.1.LTS\lib\</path>
         <kind>archive</kind>
         <file>rts430_eabi.lib</file>
         <name>strcmp.c.obj</name>
      </input_file>
      <input_file id="fl-88">
         <path>C:\ti\ccs901\ccs\tools\compiler\ti-cgt-msp430_18.12.1.LTS\lib\</path>
         <kind>archive</kind>
         <file>rts430_eabi.lib</file>
         <name>strcpy.c.obj</name>
      </input_file>
      <input_file id="fl-89">
         <path>C:\ti\ccs901\ccs\tools\compiler\ti-cgt-msp430_18.12.1.LTS\lib\</path>
         <kind>archive</kind>
         <file>rts430_eabi.lib</file>
         <name>strncpy.c.obj</name>
      </input_file>
      <input_file id="fl-8a">
         <path>C:\ti\ccs901\ccs\tools\compiler\ti-cgt-msp430_18.12.1.LTS\lib\</path>
         <kind>archive</kind>
         <file>rts430_eabi.lib</file>
         <name>remove.c.obj</name>
      </input_file>
      <input_file id="fl-8b">
         <path>C:\ti\ccs901\ccs\tools\compiler\ti-cgt-msp430_18.12.1.LTS\lib\</path>
         <kind>archive</kind>
         <file>rts430_eabi.lib</file>
         <name>close.c.obj</name>
      </input_file>
      <input_file id="fl-8c">
         <path>C:\ti\ccs901\ccs\tools\compiler\ti-cgt-msp430_18.12.1.LTS\lib\</path>
         <kind>archive</kind>
         <file>rts430_eabi.lib</file>
         <name>unlink.c.obj</name>
      </input_file>
   </input_file_list>
   <object_component_list>
      <object_component id="oc-51c">
         <name>.bss</name>
         <uninitialized>true</uninitialized>
         <run_address>0x14f2</run_address>
         <size>0x2</size>
         <input_file_ref idref="fl-68"/>
      </object_component>
      <object_component id="oc-531">
         <name>.common:__TI_tmpnams</name>
         <uninitialized>true</uninitialized>
         <run_address>0x144a</run_address>
         <size>0xa0</size>
      </object_component>
      <object_component id="oc-53c">
         <name>.common:parmbuf</name>
         <uninitialized>true</uninitialized>
         <run_address>0x14ea</run_address>
         <size>0x8</size>
      </object_component>
      <object_component id="oc-2d7">
         <name>.data:__TI_cleanup_ptr</name>
         <load_address>0x143a</load_address>
         <run_address>0x143a</run_address>
         <size>0x2</size>
         <input_file_ref idref="fl-48"/>
      </object_component>
      <object_component id="oc-2d4">
         <name>.data:__TI_dtors_ptr</name>
         <load_address>0x143c</load_address>
         <run_address>0x143c</run_address>
         <size>0x2</size>
         <input_file_ref idref="fl-48"/>
      </object_component>
      <object_component id="oc-2d1">
         <name>.data</name>
         <load_address>0x1446</load_address>
         <run_address>0x1446</run_address>
         <size>0x2</size>
         <input_file_ref idref="fl-5e"/>
      </object_component>
      <object_component id="oc-291">
         <name>.data:_lock</name>
         <load_address>0x143e</load_address>
         <run_address>0x143e</run_address>
         <size>0x2</size>
         <input_file_ref idref="fl-5f"/>
      </object_component>
      <object_component id="oc-2a6">
         <name>.data:_unlock</name>
         <load_address>0x1440</load_address>
         <run_address>0x1440</run_address>
         <size>0x2</size>
         <input_file_ref idref="fl-5f"/>
      </object_component>
      <object_component id="oc-242">
         <name>.data:_ftable</name>
         <load_address>0x134c</load_address>
         <run_address>0x134c</run_address>
         <size>0x78</size>
         <input_file_ref idref="fl-63"/>
      </object_component>
      <object_component id="oc-474">
         <name>.data</name>
         <load_address>0x1442</load_address>
         <run_address>0x1442</run_address>
         <size>0x2</size>
         <input_file_ref idref="fl-63"/>
      </object_component>
      <object_component id="oc-521">
         <name>.data</name>
         <load_address>0x1448</load_address>
         <run_address>0x1448</run_address>
         <size>0x2</size>
         <input_file_ref idref="fl-68"/>
      </object_component>
      <object_component id="oc-3b1">
         <name>.data</name>
         <load_address>0x1444</load_address>
         <run_address>0x1444</run_address>
         <size>0x2</size>
         <input_file_ref idref="fl-6d"/>
      </object_component>
      <object_component id="oc-3e6">
         <name>.data:_device</name>
         <load_address>0x13c4</load_address>
         <run_address>0x13c4</run_address>
         <size>0x4e</size>
         <input_file_ref idref="fl-6f"/>
      </object_component>
      <object_component id="oc-353">
         <name>.data:_stream</name>
         <load_address>0x1412</load_address>
         <run_address>0x1412</run_address>
         <size>0x28</size>
         <input_file_ref idref="fl-6f"/>
      </object_component>
      <object_component id="oc-160">
         <name>.sysmem</name>
         <uninitialized>true</uninitialized>
         <run_address>0x1100</run_address>
         <size>0x8</size>
         <input_file_ref idref="fl-68"/>
      </object_component>
      <object_component id="oc-6f3">
         <name>.sysmem</name>
         <uninitialized>true</uninitialized>
         <run_address>0x1100</run_address>
         <size>0x0</size>
      </object_component>
      <object_component id="oc-15c">
         <name>.stack</name>
         <uninitialized>true</uninitialized>
         <run_address>0x30b0</run_address>
         <size>0x2</size>
         <input_file_ref idref="fl-45"/>
      </object_component>
      <object_component id="oc-6f2">
         <name>.stack</name>
         <uninitialized>true</uninitialized>
         <run_address>0x30b0</run_address>
         <size>0x0</size>
      </object_component>
      <object_component id="oc-5b2">
         <name>.text:__TI_frcdivd</name>
         <load_address>0x3100</load_address>
         <run_address>0x3100</run_address>
         <size>0x478</size>
         <input_file_ref idref="fl-59"/>
      </object_component>
      <object_component id="oc-4b2">
         <name>.text:__mspabi_divull</name>
         <load_address>0x3578</load_address>
         <run_address>0x3578</run_address>
         <size>0x360</size>
         <input_file_ref idref="fl-4c"/>
      </object_component>
      <object_component id="oc-610">
         <name>.text:__mspabi_addd</name>
         <load_address>0x38d8</load_address>
         <run_address>0x38d8</run_address>
         <size>0x2fa</size>
         <input_file_ref idref="fl-51"/>
      </object_component>
      <object_component id="oc-2a0">
         <name>.text:__TI_printfi</name>
         <load_address>0x3bd2</load_address>
         <run_address>0x3bd2</run_address>
         <size>0x288</size>
         <input_file_ref idref="fl-1e"/>
      </object_component>
      <object_component id="oc-5aa">
         <name>.text:__TI_frcmpyd</name>
         <load_address>0x3e5a</load_address>
         <run_address>0x3e5a</run_address>
         <size>0x286</size>
         <input_file_ref idref="fl-7a"/>
      </object_component>
      <object_component id="oc-4f1">
         <name>.text:__mspabi_mpyd</name>
         <load_address>0x40e0</load_address>
         <run_address>0x40e0</run_address>
         <size>0x26e</size>
         <input_file_ref idref="fl-5a"/>
      </object_component>
      <object_component id="oc-39d">
         <name>.text:_pproc_fgea</name>
         <load_address>0x434e</load_address>
         <run_address>0x434e</run_address>
         <size>0x26e</size>
         <input_file_ref idref="fl-1e"/>
      </object_component>
      <object_component id="oc-660">
         <name>.text:__TI_frcaddd</name>
         <load_address>0x45bc</load_address>
         <run_address>0x45bc</run_address>
         <size>0x260</size>
         <input_file_ref idref="fl-58"/>
      </object_component>
      <object_component id="oc-31a">
         <name>.text:_setfield</name>
         <load_address>0x481c</load_address>
         <run_address>0x481c</run_address>
         <size>0x252</size>
         <input_file_ref idref="fl-1e"/>
      </object_component>
      <object_component id="oc-504">
         <name>.text:acvt</name>
         <load_address>0x4a6e</load_address>
         <run_address>0x4a6e</run_address>
         <size>0x244</size>
         <input_file_ref idref="fl-1e"/>
      </object_component>
      <object_component id="oc-4f7">
         <name>.text:__mspabi_divd</name>
         <load_address>0x4cb2</load_address>
         <run_address>0x4cb2</run_address>
         <size>0x238</size>
         <input_file_ref idref="fl-53"/>
      </object_component>
      <object_component id="oc-40e">
         <name>.text:_getarg_diouxp</name>
         <load_address>0x4eea</load_address>
         <run_address>0x4eea</run_address>
         <size>0x1ec</size>
         <input_file_ref idref="fl-1e"/>
      </object_component>
      <object_component id="oc-4d1">
         <name>.text:ecvt</name>
         <load_address>0x50d6</load_address>
         <run_address>0x50d6</run_address>
         <size>0x1de</size>
         <input_file_ref idref="fl-1e"/>
      </object_component>
      <object_component id="oc-4e4">
         <name>.text:fcvt</name>
         <load_address>0x52b4</load_address>
         <run_address>0x52b4</run_address>
         <size>0x1c4</size>
         <input_file_ref idref="fl-1e"/>
      </object_component>
      <object_component id="oc-438">
         <name>.text:_pconv_e</name>
         <load_address>0x5478</load_address>
         <run_address>0x5478</run_address>
         <size>0x1a6</size>
         <input_file_ref idref="fl-1e"/>
      </object_component>
      <object_component id="oc-43e">
         <name>.text:_pconv_a</name>
         <load_address>0x561e</load_address>
         <run_address>0x561e</run_address>
         <size>0x174</size>
         <input_file_ref idref="fl-1e"/>
      </object_component>
      <object_component id="oc-5c1">
         <name>.text:scalbn</name>
         <load_address>0x5792</load_address>
         <run_address>0x5792</run_address>
         <size>0x16a</size>
         <input_file_ref idref="fl-24"/>
      </object_component>
      <object_component id="oc-397">
         <name>.text:_pproc_diouxp</name>
         <load_address>0x58fc</load_address>
         <run_address>0x58fc</run_address>
         <size>0x14c</size>
         <input_file_ref idref="fl-1e"/>
      </object_component>
      <object_component id="oc-414">
         <name>.text:_ltostr</name>
         <load_address>0x5a48</load_address>
         <run_address>0x5a48</run_address>
         <size>0x12e</size>
         <input_file_ref idref="fl-1e"/>
      </object_component>
      <object_component id="oc-42c">
         <name>.text:_pconv_g</name>
         <load_address>0x5b76</load_address>
         <run_address>0x5b76</run_address>
         <size>0xf8</size>
         <input_file_ref idref="fl-1e"/>
      </object_component>
      <object_component id="oc-1f6">
         <name>.text:main</name>
         <load_address>0x5c6e</load_address>
         <run_address>0x5c6e</run_address>
         <size>0xf0</size>
         <input_file_ref idref="fl-2"/>
      </object_component>
      <object_component id="oc-306">
         <name>.text:fputs</name>
         <load_address>0x5d5e</load_address>
         <run_address>0x5d5e</run_address>
         <size>0xea</size>
         <input_file_ref idref="fl-20"/>
      </object_component>
      <object_component id="oc-467">
         <name>.text:aligned_alloc</name>
         <load_address>0x5e48</load_address>
         <run_address>0x5e48</run_address>
         <size>0xe6</size>
         <input_file_ref idref="fl-68"/>
      </object_component>
      <object_component id="oc-314">
         <name>.text:_pproc_fwp</name>
         <load_address>0x5f2e</load_address>
         <run_address>0x5f2e</run_address>
         <size>0xe0</size>
         <input_file_ref idref="fl-1e"/>
      </object_component>
      <object_component id="oc-444">
         <name>.text:__mspabi_cmpd</name>
         <load_address>0x600e</load_address>
         <run_address>0x600e</run_address>
         <size>0xdc</size>
         <input_file_ref idref="fl-52"/>
      </object_component>
      <object_component id="oc-349">
         <name>.text:setvbuf</name>
         <load_address>0x60ea</load_address>
         <run_address>0x60ea</run_address>
         <size>0xd0</size>
         <input_file_ref idref="fl-22"/>
      </object_component>
      <object_component id="oc-3c9">
         <name>.text:free</name>
         <load_address>0x61ba</load_address>
         <run_address>0x61ba</run_address>
         <size>0xca</size>
         <input_file_ref idref="fl-68"/>
      </object_component>
      <object_component id="oc-326">
         <name>.text:_pproc_wstr</name>
         <load_address>0x6284</load_address>
         <run_address>0x6284</run_address>
         <size>0xc4</size>
         <input_file_ref idref="fl-1e"/>
      </object_component>
      <object_component id="oc-688">
         <name>.text:__TI_renormd</name>
         <load_address>0x6348</load_address>
         <run_address>0x6348</run_address>
         <size>0xbe</size>
         <input_file_ref idref="fl-5c"/>
      </object_component>
      <object_component id="oc-4fe">
         <name>.text:frexp</name>
         <load_address>0x6406</load_address>
         <run_address>0x6406</run_address>
         <size>0xb0</size>
         <input_file_ref idref="fl-23"/>
      </object_component>
      <object_component id="oc-58d">
         <name>.text:__mspabi_fltlid</name>
         <load_address>0x64b6</load_address>
         <run_address>0x64b6</run_address>
         <size>0xac</size>
         <input_file_ref idref="fl-57"/>
      </object_component>
      <object_component id="oc-320">
         <name>.text:_pproc_str</name>
         <load_address>0x6562</load_address>
         <run_address>0x6562</run_address>
         <size>0xac</size>
         <input_file_ref idref="fl-1e"/>
      </object_component>
      <object_component id="oc-4dd">
         <name>.text:_mcpy</name>
         <load_address>0x660e</load_address>
         <run_address>0x660e</run_address>
         <size>0x92</size>
         <input_file_ref idref="fl-1e"/>
      </object_component>
      <object_component id="oc-245">
         <name>.text:fputc</name>
         <load_address>0x66a0</load_address>
         <run_address>0x66a0</run_address>
         <size>0x90</size>
         <input_file_ref idref="fl-1f"/>
      </object_component>
      <object_component id="oc-4d7">
         <name>.text:_ecpy</name>
         <load_address>0x6730</load_address>
         <run_address>0x6730</run_address>
         <size>0x8e</size>
         <input_file_ref idref="fl-1e"/>
      </object_component>
      <object_component id="oc-492">
         <name>.text:HOSTlseek</name>
         <load_address>0x67be</load_address>
         <run_address>0x67be</run_address>
         <size>0x88</size>
         <input_file_ref idref="fl-7c"/>
      </object_component>
      <object_component id="oc-587">
         <name>.text:ltoa</name>
         <load_address>0x6846</load_address>
         <run_address>0x6846</run_address>
         <size>0x84</size>
         <input_file_ref idref="fl-64"/>
      </object_component>
      <object_component id="oc-47">
         <name>.text:decompress:lzss:__TI_decompress_lzss</name>
         <load_address>0x68ca</load_address>
         <run_address>0x68ca</run_address>
         <size>0x7c</size>
         <input_file_ref idref="fl-50"/>
      </object_component>
      <object_component id="oc-2b0">
         <name>.text:__TI_wrt_ok</name>
         <load_address>0x6946</load_address>
         <run_address>0x6946</run_address>
         <size>0x7a</size>
         <input_file_ref idref="fl-21"/>
      </object_component>
      <object_component id="oc-432">
         <name>.text:_pconv_f</name>
         <load_address>0x69c0</load_address>
         <run_address>0x69c0</run_address>
         <size>0x7a</size>
         <input_file_ref idref="fl-1e"/>
      </object_component>
      <object_component id="oc-46e">
         <name>.text:__TI_closefile</name>
         <load_address>0x6a3a</load_address>
         <run_address>0x6a3a</run_address>
         <size>0x72</size>
         <input_file_ref idref="fl-85"/>
      </object_component>
      <object_component id="oc-581">
         <name>.text:__mspabi_fixdli</name>
         <load_address>0x6aac</load_address>
         <run_address>0x6aac</run_address>
         <size>0x72</size>
         <input_file_ref idref="fl-55"/>
      </object_component>
      <object_component id="oc-343">
         <name>.text:fseek</name>
         <load_address>0x6b1e</load_address>
         <run_address>0x6b1e</run_address>
         <size>0x70</size>
         <input_file_ref idref="fl-73"/>
      </object_component>
      <object_component id="oc-524">
         <name>.text:split</name>
         <load_address>0x6b8e</load_address>
         <run_address>0x6b8e</run_address>
         <size>0x6e</size>
         <input_file_ref idref="fl-68"/>
      </object_component>
      <object_component id="oc-49e">
         <name>.text:HOSTrename</name>
         <load_address>0x6bfc</load_address>
         <run_address>0x6bfc</run_address>
         <size>0x6a</size>
         <input_file_ref idref="fl-7f"/>
      </object_component>
      <object_component id="oc-47a">
         <name>.text:HOSTopen</name>
         <load_address>0x6c66</load_address>
         <run_address>0x6c66</run_address>
         <size>0x66</size>
         <input_file_ref idref="fl-7d"/>
      </object_component>
      <object_component id="oc-23c">
         <name>.text:printArray</name>
         <load_address>0x6ccc</load_address>
         <run_address>0x6ccc</run_address>
         <size>0x66</size>
         <input_file_ref idref="fl-2"/>
      </object_component>
      <object_component id="oc-48c">
         <name>.text:HOSTwrite</name>
         <load_address>0x6d32</load_address>
         <run_address>0x6d32</run_address>
         <size>0x62</size>
         <input_file_ref idref="fl-81"/>
      </object_component>
      <object_component id="oc-2b6">
         <name>.text:__TI_doflush</name>
         <load_address>0x6d94</load_address>
         <run_address>0x6d94</run_address>
         <size>0x62</size>
         <input_file_ref idref="fl-71"/>
      </object_component>
      <object_component id="oc-486">
         <name>.text:HOSTread</name>
         <load_address>0x6df6</load_address>
         <run_address>0x6df6</run_address>
         <size>0x60</size>
         <input_file_ref idref="fl-7e"/>
      </object_component>
      <object_component id="oc-609">
         <name>.text:l_lsr_const</name>
         <load_address>0x6e56</load_address>
         <run_address>0x6e56</run_address>
         <size>0x5c</size>
         <input_file_ref idref="fl-77"/>
      </object_component>
      <object_component id="oc-271">
         <name>.text:__TI_auto_init_nobinit_nopinit_hold_wdt:__TI_auto_init_nobinit_nopinit_hold_wdt</name>
         <load_address>0x6eb2</load_address>
         <run_address>0x6eb2</run_address>
         <size>0x58</size>
         <input_file_ref idref="fl-46"/>
      </object_component>
      <object_component id="oc-5db">
         <name>.text:getdevice</name>
         <load_address>0x6f0a</load_address>
         <run_address>0x6f0a</run_address>
         <size>0x58</size>
         <input_file_ref idref="fl-86"/>
      </object_component>
      <object_component id="oc-4b8">
         <name>.text</name>
         <load_address>0x6f62</load_address>
         <run_address>0x6f62</run_address>
         <size>0x58</size>
         <input_file_ref idref="fl-29"/>
      </object_component>
      <object_component id="oc-389">
         <name>.text:atoi</name>
         <load_address>0x6fba</load_address>
         <run_address>0x6fba</run_address>
         <size>0x52</size>
         <input_file_ref idref="fl-61"/>
      </object_component>
      <object_component id="oc-4ea">
         <name>.text:_fcpy</name>
         <load_address>0x700c</load_address>
         <run_address>0x700c</run_address>
         <size>0x4e</size>
         <input_file_ref idref="fl-1e"/>
      </object_component>
      <object_component id="oc-168">
         <name>.text</name>
         <load_address>0x705a</load_address>
         <run_address>0x705a</run_address>
         <size>0x4c</size>
         <input_file_ref idref="fl-3e"/>
      </object_component>
      <object_component id="oc-52b">
         <name>.text:close</name>
         <load_address>0x70a6</load_address>
         <run_address>0x70a6</run_address>
         <size>0x4a</size>
         <input_file_ref idref="fl-8b"/>
      </object_component>
      <object_component id="oc-4c2">
         <name>.text:__mspabi_srlll</name>
         <load_address>0x70f0</load_address>
         <run_address>0x70f0</run_address>
         <size>0x46</size>
         <input_file_ref idref="fl-4b"/>
      </object_component>
      <object_component id="oc-480">
         <name>.text:HOSTclose</name>
         <load_address>0x7136</load_address>
         <run_address>0x7136</run_address>
         <size>0x44</size>
         <input_file_ref idref="fl-7b"/>
      </object_component>
      <object_component id="oc-565">
         <name>.text:__mspabi_sllll</name>
         <load_address>0x717a</load_address>
         <run_address>0x717a</run_address>
         <size>0x44</size>
         <input_file_ref idref="fl-79"/>
      </object_component>
      <object_component id="oc-253">
         <name>.text:exit</name>
         <load_address>0x71be</load_address>
         <run_address>0x71be</run_address>
         <size>0x44</size>
         <input_file_ref idref="fl-5e"/>
      </object_component>
      <object_component id="oc-498">
         <name>.text:HOSTunlink</name>
         <load_address>0x7202</load_address>
         <run_address>0x7202</run_address>
         <size>0x40</size>
         <input_file_ref idref="fl-80"/>
      </object_component>
      <object_component id="oc-602">
         <name>.text</name>
         <load_address>0x7242</load_address>
         <run_address>0x7242</run_address>
         <size>0x40</size>
         <input_file_ref idref="fl-75"/>
      </object_component>
      <object_component id="oc-619">
         <name>.text:l_asr_const</name>
         <load_address>0x7282</load_address>
         <run_address>0x7282</run_address>
         <size>0x3e</size>
         <input_file_ref idref="fl-74"/>
      </object_component>
      <object_component id="oc-552">
         <name>.text:l_lsl_const</name>
         <load_address>0x72c0</load_address>
         <run_address>0x72c0</run_address>
         <size>0x3e</size>
         <input_file_ref idref="fl-76"/>
      </object_component>
      <object_component id="oc-236">
         <name>.text:printf</name>
         <load_address>0x72fe</load_address>
         <run_address>0x72fe</run_address>
         <size>0x3c</size>
         <input_file_ref idref="fl-1d"/>
      </object_component>
      <object_component id="oc-3d5">
         <name>.text:__TI_cleanup</name>
         <load_address>0x733a</load_address>
         <run_address>0x733a</run_address>
         <size>0x34</size>
         <input_file_ref idref="fl-72"/>
      </object_component>
      <object_component id="oc-645">
         <name>.text:finddevice</name>
         <load_address>0x736e</load_address>
         <run_address>0x736e</run_address>
         <size>0x34</size>
         <input_file_ref idref="fl-86"/>
      </object_component>
      <object_component id="oc-53f">
         <name>.text:__TI_writemsg</name>
         <load_address>0x73a2</load_address>
         <run_address>0x73a2</run_address>
         <size>0x2e</size>
         <input_file_ref idref="fl-82"/>
      </object_component>
      <object_component id="oc-593">
         <name>.text:__mspabi_subd</name>
         <load_address>0x73d0</load_address>
         <run_address>0x73d0</run_address>
         <size>0x2e</size>
         <input_file_ref idref="fl-5d"/>
      </object_component>
      <object_component id="oc-632">
         <name>.text:copysign</name>
         <load_address>0x73fe</load_address>
         <run_address>0x73fe</run_address>
         <size>0x2e</size>
         <input_file_ref idref="fl-26"/>
      </object_component>
      <object_component id="oc-61e">
         <name>.text</name>
         <load_address>0x742c</load_address>
         <run_address>0x742c</run_address>
         <size>0x2e</size>
         <input_file_ref idref="fl-42"/>
      </object_component>
      <object_component id="oc-545">
         <name>.text:__TI_readmsg</name>
         <load_address>0x745a</load_address>
         <run_address>0x745a</run_address>
         <size>0x2c</size>
         <input_file_ref idref="fl-82"/>
      </object_component>
      <object_component id="oc-574">
         <name>.text</name>
         <load_address>0x7486</load_address>
         <run_address>0x7486</run_address>
         <size>0x2c</size>
         <input_file_ref idref="fl-27"/>
      </object_component>
      <object_component id="oc-163">
         <name>.text</name>
         <load_address>0x74b2</load_address>
         <run_address>0x74b2</run_address>
         <size>0x2c</size>
         <input_file_ref idref="fl-3d"/>
      </object_component>
      <object_component id="oc-63f">
         <name>.text:strncpy</name>
         <load_address>0x74de</load_address>
         <run_address>0x74de</run_address>
         <size>0x2c</size>
         <input_file_ref idref="fl-89"/>
      </object_component>
      <object_component id="oc-426">
         <name>.text:__mspabi_negd</name>
         <load_address>0x750a</load_address>
         <run_address>0x750a</run_address>
         <size>0x2a</size>
         <input_file_ref idref="fl-5b"/>
      </object_component>
      <object_component id="oc-599">
         <name>.text:__mspabi_fixdi</name>
         <load_address>0x7534</load_address>
         <run_address>0x7534</run_address>
         <size>0x28</size>
         <input_file_ref idref="fl-54"/>
      </object_component>
      <object_component id="oc-460">
         <name>.text:free_list_insert</name>
         <load_address>0x755c</load_address>
         <run_address>0x755c</run_address>
         <size>0x28</size>
         <input_file_ref idref="fl-68"/>
      </object_component>
      <object_component id="oc-532">
         <name>.text:unlink</name>
         <load_address>0x7584</load_address>
         <run_address>0x7584</run_address>
         <size>0x28</size>
         <input_file_ref idref="fl-8c"/>
      </object_component>
      <object_component id="oc-3c1">
         <name>.text:lseek</name>
         <load_address>0x75ac</load_address>
         <run_address>0x75ac</run_address>
         <size>0x26</size>
         <input_file_ref idref="fl-84"/>
      </object_component>
      <object_component id="oc-2bc">
         <name>.text:write</name>
         <load_address>0x75d2</load_address>
         <run_address>0x75d2</run_address>
         <size>0x24</size>
         <input_file_ref idref="fl-6e"/>
      </object_component>
      <object_component id="oc-1a1">
         <name>.text:_c_int00_noargs</name>
         <load_address>0x75f6</load_address>
         <run_address>0x75f6</run_address>
         <size>0x1c</size>
         <input_file_ref idref="fl-45"/>
      </object_component>
      <object_component id="oc-45a">
         <name>.text:free_list_remove</name>
         <load_address>0x7612</load_address>
         <run_address>0x7612</run_address>
         <size>0x1c</size>
         <input_file_ref idref="fl-68"/>
      </object_component>
      <object_component id="oc-3a3">
         <name>.text:memccpy</name>
         <load_address>0x762e</load_address>
         <run_address>0x762e</run_address>
         <size>0x1a</size>
         <input_file_ref idref="fl-65"/>
      </object_component>
      <object_component id="oc-5c7">
         <name>.text:strchr</name>
         <load_address>0x7648</load_address>
         <run_address>0x7648</run_address>
         <size>0x1a</size>
         <input_file_ref idref="fl-6a"/>
      </object_component>
      <object_component id="oc-675">
         <name>.text:strcmp</name>
         <load_address>0x7662</load_address>
         <run_address>0x7662</run_address>
         <size>0x18</size>
         <input_file_ref idref="fl-87"/>
      </object_component>
      <object_component id="oc-4bd">
         <name>.text</name>
         <load_address>0x767a</load_address>
         <run_address>0x767a</run_address>
         <size>0x16</size>
         <input_file_ref idref="fl-28"/>
      </object_component>
      <object_component id="oc-18f">
         <name>.text:decompress:ZI:__TI_zero_init_nomemset:__TI_zero_init_nomemset</name>
         <load_address>0x7690</load_address>
         <run_address>0x7690</run_address>
         <size>0x14</size>
         <input_file_ref idref="fl-47"/>
      </object_component>
      <object_component id="oc-37f">
         <name>.text:memchr</name>
         <load_address>0x76a4</load_address>
         <run_address>0x76a4</run_address>
         <size>0x14</size>
         <input_file_ref idref="fl-66"/>
      </object_component>
      <object_component id="oc-390">
         <name>.text:memset</name>
         <load_address>0x76b8</load_address>
         <run_address>0x76b8</run_address>
         <size>0x14</size>
         <input_file_ref idref="fl-69"/>
      </object_component>
      <object_component id="oc-230">
         <name>.text</name>
         <load_address>0x76cc</load_address>
         <run_address>0x76cc</run_address>
         <size>0x14</size>
         <input_file_ref idref="fl-40"/>
      </object_component>
      <object_component id="oc-3ab">
         <name>.text:wcslen</name>
         <load_address>0x76e0</load_address>
         <run_address>0x76e0</run_address>
         <size>0x14</size>
         <input_file_ref idref="fl-25"/>
      </object_component>
      <object_component id="oc-4d">
         <name>.text:decompress:none:__TI_decompress_none</name>
         <load_address>0x76f4</load_address>
         <run_address>0x76f4</run_address>
         <size>0x12</size>
         <input_file_ref idref="fl-4f"/>
      </object_component>
      <object_component id="oc-56b">
         <name>.text:l_lsr</name>
         <load_address>0x7706</load_address>
         <run_address>0x7706</run_address>
         <size>0x12</size>
         <input_file_ref idref="fl-77"/>
      </object_component>
      <object_component id="oc-17d">
         <name>.text:memcpy</name>
         <load_address>0x7718</load_address>
         <run_address>0x7718</run_address>
         <size>0x12</size>
         <input_file_ref idref="fl-67"/>
      </object_component>
      <object_component id="oc-683">
         <name>.text:l_asr</name>
         <load_address>0x772a</load_address>
         <run_address>0x772a</run_address>
         <size>0x10</size>
         <input_file_ref idref="fl-74"/>
      </object_component>
      <object_component id="oc-67e">
         <name>.text:l_lsl</name>
         <load_address>0x773a</load_address>
         <run_address>0x773a</run_address>
         <size>0x10</size>
         <input_file_ref idref="fl-76"/>
      </object_component>
      <object_component id="oc-16d">
         <name>.text</name>
         <load_address>0x774a</load_address>
         <run_address>0x774a</run_address>
         <size>0x10</size>
         <input_file_ref idref="fl-2a"/>
      </object_component>
      <object_component id="oc-55b">
         <name>.text:strcpy</name>
         <load_address>0x775a</load_address>
         <run_address>0x775a</run_address>
         <size>0x10</size>
         <input_file_ref idref="fl-88"/>
      </object_component>
      <object_component id="oc-30e">
         <name>.text:strlen</name>
         <load_address>0x776a</load_address>
         <run_address>0x776a</run_address>
         <size>0xe</size>
         <input_file_ref idref="fl-6b"/>
      </object_component>
      <object_component id="oc-5cd">
         <name>.text:__mspabi_fltid</name>
         <load_address>0x7778</load_address>
         <run_address>0x7778</run_address>
         <size>0xc</size>
         <input_file_ref idref="fl-56"/>
      </object_component>
      <object_component id="oc-420">
         <name>.text:toupper</name>
         <load_address>0x7784</load_address>
         <run_address>0x7784</run_address>
         <size>0xc</size>
         <input_file_ref idref="fl-6c"/>
      </object_component>
      <object_component id="oc-5a0">
         <name>.text:abs</name>
         <load_address>0x7790</load_address>
         <run_address>0x7790</run_address>
         <size>0xa</size>
         <input_file_ref idref="fl-70"/>
      </object_component>
      <object_component id="oc-3cf">
         <name>.text:malloc</name>
         <load_address>0x779a</load_address>
         <run_address>0x779a</run_address>
         <size>0x8</size>
         <input_file_ref idref="fl-68"/>
      </object_component>
      <object_component id="oc-29a">
         <name>.text:_outc</name>
         <load_address>0x77a2</load_address>
         <run_address>0x77a2</run_address>
         <size>0x6</size>
         <input_file_ref idref="fl-1d"/>
      </object_component>
      <object_component id="oc-24d">
         <name>.text:abort</name>
         <load_address>0x77a8</load_address>
         <run_address>0x77a8</run_address>
         <size>0x6</size>
         <input_file_ref idref="fl-5e"/>
      </object_component>
      <object_component id="oc-294">
         <name>.text:_outs</name>
         <load_address>0x77ae</load_address>
         <run_address>0x77ae</run_address>
         <size>0x4</size>
         <input_file_ref idref="fl-1d"/>
      </object_component>
      <object_component id="oc-1f0">
         <name>.text:_system_pre_init</name>
         <load_address>0x77b2</load_address>
         <run_address>0x77b2</run_address>
         <size>0x4</size>
         <input_file_ref idref="fl-4d"/>
      </object_component>
      <object_component id="oc-2fd">
         <name>.text:_nop</name>
         <load_address>0x77b6</load_address>
         <run_address>0x77b6</run_address>
         <size>0x2</size>
         <input_file_ref idref="fl-5f"/>
      </object_component>
      <object_component id="oc-2dc">
         <name>.text:_system_post_cinit</name>
         <load_address>0x77b8</load_address>
         <run_address>0x77b8</run_address>
         <size>0x2</size>
         <input_file_ref idref="fl-4e"/>
      </object_component>
      <object_component id="oc-18a">
         <name>.text:_isr:__TI_ISR_TRAP</name>
         <load_address>0x7934</load_address>
         <run_address>0x7934</run_address>
         <size>0x8</size>
         <input_file_ref idref="fl-3c"/>
      </object_component>
      <object_component id="oc-6f1">
         <name>.cinit..data.load</name>
         <load_address>0x793c</load_address>
         <run_address>0x793c</run_address>
         <size>0x44</size>
      </object_component>
      <object_component id="oc-6ee">
         <name>__TI_handler_table</name>
         <load_address>0x7980</load_address>
         <run_address>0x7980</run_address>
         <size>0x6</size>
      </object_component>
      <object_component id="oc-6f0">
         <name>.cinit..bss.load</name>
         <load_address>0x7986</load_address>
         <run_address>0x7986</run_address>
         <size>0x4</size>
      </object_component>
      <object_component id="oc-6ef">
         <name>__TI_cinit_table</name>
         <load_address>0x798a</load_address>
         <run_address>0x798a</run_address>
         <size>0x8</size>
      </object_component>
      <object_component id="oc-407">
         <name>.const:.string:_ctypes_</name>
         <load_address>0x77ba</load_address>
         <run_address>0x77ba</run_address>
         <size>0x101</size>
         <input_file_ref idref="fl-62"/>
      </object_component>
      <object_component id="oc-235">
         <name>.const:.string</name>
         <load_address>0x78bc</load_address>
         <run_address>0x78bc</run_address>
         <size>0x3a</size>
         <input_file_ref idref="fl-2"/>
      </object_component>
      <object_component id="oc-396">
         <name>.const:.string</name>
         <load_address>0x78f6</load_address>
         <run_address>0x78f6</run_address>
         <size>0x26</size>
         <input_file_ref idref="fl-1e"/>
      </object_component>
      <object_component id="oc-22a">
         <name>.const:$P$T0$1</name>
         <load_address>0x791c</load_address>
         <run_address>0x791c</run_address>
         <size>0xc</size>
         <input_file_ref idref="fl-2"/>
      </object_component>
      <object_component id="oc-22d">
         <name>.const:$P$T1$2</name>
         <load_address>0x7928</load_address>
         <run_address>0x7928</run_address>
         <size>0xc</size>
         <input_file_ref idref="fl-2"/>
      </object_component>
      <object_component id="oc-5e7">
         <name>.cio</name>
         <uninitialized>true</uninitialized>
         <run_address>0x122c</run_address>
         <size>0x120</size>
         <input_file_ref idref="fl-82"/>
      </object_component>
      <object_component id="oc-6a1">
         <name>.binit</name>
         <load_address>0x3100</load_address>
         <run_address>0x3100</run_address>
         <size>0x0</size>
      </object_component>
      <object_component id="oc-53">
         <name>.int14</name>
         <load_address>0xffdc</load_address>
         <run_address>0xffdc</run_address>
         <size>0x2</size>
         <input_file_ref idref="fl-2b"/>
      </object_component>
      <object_component id="oc-54">
         <name>.int15</name>
         <load_address>0xffde</load_address>
         <run_address>0xffde</run_address>
         <size>0x2</size>
         <input_file_ref idref="fl-2c"/>
      </object_component>
      <object_component id="oc-55">
         <name>.int16</name>
         <load_address>0xffe0</load_address>
         <run_address>0xffe0</run_address>
         <size>0x2</size>
         <input_file_ref idref="fl-2d"/>
      </object_component>
      <object_component id="oc-56">
         <name>.int17</name>
         <load_address>0xffe2</load_address>
         <run_address>0xffe2</run_address>
         <size>0x2</size>
         <input_file_ref idref="fl-2e"/>
      </object_component>
      <object_component id="oc-57">
         <name>.int18</name>
         <load_address>0xffe4</load_address>
         <run_address>0xffe4</run_address>
         <size>0x2</size>
         <input_file_ref idref="fl-2f"/>
      </object_component>
      <object_component id="oc-58">
         <name>.int19</name>
         <load_address>0xffe6</load_address>
         <run_address>0xffe6</run_address>
         <size>0x2</size>
         <input_file_ref idref="fl-30"/>
      </object_component>
      <object_component id="oc-59">
         <name>.int20</name>
         <load_address>0xffe8</load_address>
         <run_address>0xffe8</run_address>
         <size>0x2</size>
         <input_file_ref idref="fl-31"/>
      </object_component>
      <object_component id="oc-5a">
         <name>.int21</name>
         <load_address>0xffea</load_address>
         <run_address>0xffea</run_address>
         <size>0x2</size>
         <input_file_ref idref="fl-32"/>
      </object_component>
      <object_component id="oc-5b">
         <name>.int22</name>
         <load_address>0xffec</load_address>
         <run_address>0xffec</run_address>
         <size>0x2</size>
         <input_file_ref idref="fl-33"/>
      </object_component>
      <object_component id="oc-5c">
         <name>.int23</name>
         <load_address>0xffee</load_address>
         <run_address>0xffee</run_address>
         <size>0x2</size>
         <input_file_ref idref="fl-34"/>
      </object_component>
      <object_component id="oc-5d">
         <name>.int24</name>
         <load_address>0xfff0</load_address>
         <run_address>0xfff0</run_address>
         <size>0x2</size>
         <input_file_ref idref="fl-35"/>
      </object_component>
      <object_component id="oc-5e">
         <name>.int25</name>
         <load_address>0xfff2</load_address>
         <run_address>0xfff2</run_address>
         <size>0x2</size>
         <input_file_ref idref="fl-36"/>
      </object_component>
      <object_component id="oc-5f">
         <name>.int26</name>
         <load_address>0xfff4</load_address>
         <run_address>0xfff4</run_address>
         <size>0x2</size>
         <input_file_ref idref="fl-37"/>
      </object_component>
      <object_component id="oc-60">
         <name>.int27</name>
         <load_address>0xfff6</load_address>
         <run_address>0xfff6</run_address>
         <size>0x2</size>
         <input_file_ref idref="fl-38"/>
      </object_component>
      <object_component id="oc-61">
         <name>.int28</name>
         <load_address>0xfff8</load_address>
         <run_address>0xfff8</run_address>
         <size>0x2</size>
         <input_file_ref idref="fl-39"/>
      </object_component>
      <object_component id="oc-62">
         <name>.int29</name>
         <load_address>0xfffa</load_address>
         <run_address>0xfffa</run_address>
         <size>0x2</size>
         <input_file_ref idref="fl-3a"/>
      </object_component>
      <object_component id="oc-63">
         <name>.int30</name>
         <load_address>0xfffc</load_address>
         <run_address>0xfffc</run_address>
         <size>0x2</size>
         <input_file_ref idref="fl-3b"/>
      </object_component>
      <object_component id="oc-15f">
         <name>.reset</name>
         <load_address>0xfffe</load_address>
         <run_address>0xfffe</run_address>
         <size>0x2</size>
         <input_file_ref idref="fl-45"/>
      </object_component>
      <object_component id="oc-24c">
         <name>.debug_info</name>
         <load_address>0x0</load_address>
         <run_address>0x0</run_address>
         <size>0x245</size>
         <input_file_ref idref="fl-2"/>
      </object_component>
      <object_component id="oc-22b">
         <name>.debug_info</name>
         <load_address>0x245</load_address>
         <run_address>0x245</run_address>
         <size>0xd4</size>
         <input_file_ref idref="fl-2"/>
      </object_component>
      <object_component id="oc-22e">
         <name>.debug_info</name>
         <load_address>0x319</load_address>
         <run_address>0x319</run_address>
         <size>0xd4</size>
         <input_file_ref idref="fl-2"/>
      </object_component>
      <object_component id="oc-1f9">
         <name>.debug_info</name>
         <load_address>0x3ed</load_address>
         <run_address>0x3ed</run_address>
         <size>0x200</size>
         <input_file_ref idref="fl-2"/>
      </object_component>
      <object_component id="oc-23e">
         <name>.debug_info</name>
         <load_address>0x5ed</load_address>
         <run_address>0x5ed</run_address>
         <size>0x17e</size>
         <input_file_ref idref="fl-2"/>
      </object_component>
      <object_component id="oc-2c6">
         <name>.debug_info</name>
         <load_address>0x76b</load_address>
         <run_address>0x76b</run_address>
         <size>0x26b</size>
         <input_file_ref idref="fl-2"/>
      </object_component>
      <object_component id="oc-178">
         <name>.debug_info</name>
         <load_address>0x9d6</load_address>
         <run_address>0x9d6</run_address>
         <size>0x84</size>
         <input_file_ref idref="fl-2"/>
      </object_component>
      <object_component id="oc-35a">
         <name>.debug_info</name>
         <load_address>0xa5a</load_address>
         <run_address>0xa5a</run_address>
         <size>0x275</size>
         <input_file_ref idref="fl-2"/>
      </object_component>
      <object_component id="oc-2cb">
         <name>.debug_info</name>
         <load_address>0xccf</load_address>
         <run_address>0xccf</run_address>
         <size>0xcc</size>
         <input_file_ref idref="fl-2"/>
      </object_component>
      <object_component id="oc-32e">
         <name>.debug_info</name>
         <load_address>0xd9b</load_address>
         <run_address>0xd9b</run_address>
         <size>0x2c</size>
         <input_file_ref idref="fl-2"/>
      </object_component>
      <object_component id="oc-2aa">
         <name>.debug_info</name>
         <load_address>0xdc7</load_address>
         <run_address>0xdc7</run_address>
         <size>0x2c1</size>
         <input_file_ref idref="fl-1d"/>
      </object_component>
      <object_component id="oc-29d">
         <name>.debug_info</name>
         <load_address>0x1088</load_address>
         <run_address>0x1088</run_address>
         <size>0x166</size>
         <input_file_ref idref="fl-1d"/>
      </object_component>
      <object_component id="oc-295">
         <name>.debug_info</name>
         <load_address>0x11ee</load_address>
         <run_address>0x11ee</run_address>
         <size>0x16a</size>
         <input_file_ref idref="fl-1d"/>
      </object_component>
      <object_component id="oc-238">
         <name>.debug_info</name>
         <load_address>0x1358</load_address>
         <run_address>0x1358</run_address>
         <size>0x188</size>
         <input_file_ref idref="fl-1d"/>
      </object_component>
      <object_component id="oc-33c">
         <name>.debug_info</name>
         <load_address>0x14e0</load_address>
         <run_address>0x14e0</run_address>
         <size>0xb2</size>
         <input_file_ref idref="fl-1d"/>
      </object_component>
      <object_component id="oc-32d">
         <name>.debug_info</name>
         <load_address>0x1592</load_address>
         <run_address>0x1592</run_address>
         <size>0x428</size>
         <input_file_ref idref="fl-1e"/>
      </object_component>
      <object_component id="oc-315">
         <name>.debug_info</name>
         <load_address>0x19ba</load_address>
         <run_address>0x19ba</run_address>
         <size>0x232</size>
         <input_file_ref idref="fl-1e"/>
      </object_component>
      <object_component id="oc-40f">
         <name>.debug_info</name>
         <load_address>0x1bec</load_address>
         <run_address>0x1bec</run_address>
         <size>0x1b7</size>
         <input_file_ref idref="fl-1e"/>
      </object_component>
      <object_component id="oc-415">
         <name>.debug_info</name>
         <load_address>0x1da3</load_address>
         <run_address>0x1da3</run_address>
         <size>0x28b</size>
         <input_file_ref idref="fl-1e"/>
      </object_component>
      <object_component id="oc-398">
         <name>.debug_info</name>
         <load_address>0x202e</load_address>
         <run_address>0x202e</run_address>
         <size>0x24f</size>
         <input_file_ref idref="fl-1e"/>
      </object_component>
      <object_component id="oc-4d2">
         <name>.debug_info</name>
         <load_address>0x227d</load_address>
         <run_address>0x227d</run_address>
         <size>0x3cf</size>
         <input_file_ref idref="fl-1e"/>
      </object_component>
      <object_component id="oc-4d8">
         <name>.debug_info</name>
         <load_address>0x264c</load_address>
         <run_address>0x264c</run_address>
         <size>0x1c1</size>
         <input_file_ref idref="fl-1e"/>
      </object_component>
      <object_component id="oc-4de">
         <name>.debug_info</name>
         <load_address>0x280d</load_address>
         <run_address>0x280d</run_address>
         <size>0x21f</size>
         <input_file_ref idref="fl-1e"/>
      </object_component>
      <object_component id="oc-42d">
         <name>.debug_info</name>
         <load_address>0x2a2c</load_address>
         <run_address>0x2a2c</run_address>
         <size>0x271</size>
         <input_file_ref idref="fl-1e"/>
      </object_component>
      <object_component id="oc-4e5">
         <name>.debug_info</name>
         <load_address>0x2c9d</load_address>
         <run_address>0x2c9d</run_address>
         <size>0x3e6</size>
         <input_file_ref idref="fl-1e"/>
      </object_component>
      <object_component id="oc-4eb">
         <name>.debug_info</name>
         <load_address>0x3083</load_address>
         <run_address>0x3083</run_address>
         <size>0x20a</size>
         <input_file_ref idref="fl-1e"/>
      </object_component>
      <object_component id="oc-433">
         <name>.debug_info</name>
         <load_address>0x328d</load_address>
         <run_address>0x328d</run_address>
         <size>0x236</size>
         <input_file_ref idref="fl-1e"/>
      </object_component>
      <object_component id="oc-439">
         <name>.debug_info</name>
         <load_address>0x34c3</load_address>
         <run_address>0x34c3</run_address>
         <size>0x37a</size>
         <input_file_ref idref="fl-1e"/>
      </object_component>
      <object_component id="oc-505">
         <name>.debug_info</name>
         <load_address>0x383d</load_address>
         <run_address>0x383d</run_address>
         <size>0x45d</size>
         <input_file_ref idref="fl-1e"/>
      </object_component>
      <object_component id="oc-43f">
         <name>.debug_info</name>
         <load_address>0x3c9a</load_address>
         <run_address>0x3c9a</run_address>
         <size>0x284</size>
         <input_file_ref idref="fl-1e"/>
      </object_component>
      <object_component id="oc-39e">
         <name>.debug_info</name>
         <load_address>0x3f1e</load_address>
         <run_address>0x3f1e</run_address>
         <size>0x399</size>
         <input_file_ref idref="fl-1e"/>
      </object_component>
      <object_component id="oc-31b">
         <name>.debug_info</name>
         <load_address>0x42b7</load_address>
         <run_address>0x42b7</run_address>
         <size>0x309</size>
         <input_file_ref idref="fl-1e"/>
      </object_component>
      <object_component id="oc-321">
         <name>.debug_info</name>
         <load_address>0x45c0</load_address>
         <run_address>0x45c0</run_address>
         <size>0x271</size>
         <input_file_ref idref="fl-1e"/>
      </object_component>
      <object_component id="oc-327">
         <name>.debug_info</name>
         <load_address>0x4831</load_address>
         <run_address>0x4831</run_address>
         <size>0x26e</size>
         <input_file_ref idref="fl-1e"/>
      </object_component>
      <object_component id="oc-2a1">
         <name>.debug_info</name>
         <load_address>0x4a9f</load_address>
         <run_address>0x4a9f</run_address>
         <size>0x34b</size>
         <input_file_ref idref="fl-1e"/>
      </object_component>
      <object_component id="oc-333">
         <name>.debug_info</name>
         <load_address>0x4dea</load_address>
         <run_address>0x4dea</run_address>
         <size>0x86</size>
         <input_file_ref idref="fl-1e"/>
      </object_component>
      <object_component id="oc-3bc">
         <name>.debug_info</name>
         <load_address>0x4e70</load_address>
         <run_address>0x4e70</run_address>
         <size>0x39</size>
         <input_file_ref idref="fl-1e"/>
      </object_component>
      <object_component id="oc-57a">
         <name>.debug_info</name>
         <load_address>0x4ea9</load_address>
         <run_address>0x4ea9</run_address>
         <size>0x94</size>
         <input_file_ref idref="fl-1e"/>
      </object_component>
      <object_component id="oc-4c9">
         <name>.debug_info</name>
         <load_address>0x4f3d</load_address>
         <run_address>0x4f3d</run_address>
         <size>0x46</size>
         <input_file_ref idref="fl-1e"/>
      </object_component>
      <object_component id="oc-41b">
         <name>.debug_info</name>
         <load_address>0x4f83</load_address>
         <run_address>0x4f83</run_address>
         <size>0x46</size>
         <input_file_ref idref="fl-1e"/>
      </object_component>
      <object_component id="oc-3b7">
         <name>.debug_info</name>
         <load_address>0x4fc9</load_address>
         <run_address>0x4fc9</run_address>
         <size>0x2c</size>
         <input_file_ref idref="fl-1e"/>
      </object_component>
      <object_component id="oc-2c3">
         <name>.debug_info</name>
         <load_address>0x4ff5</load_address>
         <run_address>0x4ff5</run_address>
         <size>0x25f</size>
         <input_file_ref idref="fl-1f"/>
      </object_component>
      <object_component id="oc-249">
         <name>.debug_info</name>
         <load_address>0x5254</load_address>
         <run_address>0x5254</run_address>
         <size>0x1d4</size>
         <input_file_ref idref="fl-1f"/>
      </object_component>
      <object_component id="oc-386">
         <name>.debug_info</name>
         <load_address>0x5428</load_address>
         <run_address>0x5428</run_address>
         <size>0x2d8</size>
         <input_file_ref idref="fl-20"/>
      </object_component>
      <object_component id="oc-30a">
         <name>.debug_info</name>
         <load_address>0x5700</load_address>
         <run_address>0x5700</run_address>
         <size>0x2cb</size>
         <input_file_ref idref="fl-20"/>
      </object_component>
      <object_component id="oc-1db">
         <name>.debug_info</name>
         <load_address>0x59cb</load_address>
         <run_address>0x59cb</run_address>
         <size>0x2c</size>
         <input_file_ref idref="fl-20"/>
      </object_component>
      <object_component id="oc-350">
         <name>.debug_info</name>
         <load_address>0x59f7</load_address>
         <run_address>0x59f7</run_address>
         <size>0x1dc</size>
         <input_file_ref idref="fl-21"/>
[...]
         <name>__TI_dtors_ptr</name>
         <value>0x143c</value>
         <object_component_ref idref="oc-2d4"/>
      </symbol>
      <symbol id="sm-548">
         <name>__TI_cleanup_ptr</name>
         <value>0x143a</value>
         <object_component_ref idref="oc-2d7"/>
      </symbol>
      <symbol id="sm-557">
         <name>__mspabi_srlll</name>
         <value>0x70f0</value>
         <object_component_ref idref="oc-4c2"/>
      </symbol>
      <symbol id="sm-58a">
         <name>__mspabi_divull</name>
         <value>0x3578</value>
         <object_component_ref idref="oc-4b2"/>
      </symbol>
      <symbol id="sm-593">
         <name>_system_pre_init</name>
         <value>0x77b2</value>
         <object_component_ref idref="oc-1f0"/>
      </symbol>
      <symbol id="sm-59c">
         <name>_system_post_cinit</name>
         <value>0x77b8</value>
         <object_component_ref idref="oc-2dc"/>
      </symbol>
      <symbol id="sm-5b2">
         <name>__TI_decompress_none</name>
         <value>0x76f4</value>
         <object_component_ref idref="oc-4d"/>
      </symbol>
      <symbol id="sm-5d5">
         <name>__TI_decompress_lzss</name>
         <value>0x68ca</value>
         <object_component_ref idref="oc-47"/>
      </symbol>
      <symbol id="sm-5fc">
         <name>__mspabi_addd</name>
         <value>0x38d8</value>
         <object_component_ref idref="oc-610"/>
      </symbol>
      <symbol id="sm-616">
         <name>__mspabi_cmpd</name>
         <value>0x600e</value>
         <object_component_ref idref="oc-444"/>
      </symbol>
      <symbol id="sm-637">
         <name>__mspabi_divd</name>
         <value>0x4cb2</value>
         <object_component_ref idref="oc-4f7"/>
      </symbol>
      <symbol id="sm-644">
         <name>__mspabi_fixdi</name>
         <value>0x7534</value>
         <object_component_ref idref="oc-599"/>
      </symbol>
      <symbol id="sm-653">
         <name>__mspabi_fixdli</name>
         <value>0x6aac</value>
         <object_component_ref idref="oc-581"/>
      </symbol>
      <symbol id="sm-65c">
         <name>__mspabi_fltid</name>
         <value>0x7778</value>
         <object_component_ref idref="oc-5cd"/>
      </symbol>
      <symbol id="sm-673">
         <name>__mspabi_fltlid</name>
         <value>0x64b6</value>
         <object_component_ref idref="oc-58d"/>
      </symbol>
      <symbol id="sm-694">
         <name>__TI_frcaddd</name>
         <value>0x45bc</value>
         <object_component_ref idref="oc-660"/>
      </symbol>
      <symbol id="sm-6af">
         <name>__TI_frcdivd</name>
         <value>0x3100</value>
         <object_component_ref idref="oc-5b2"/>
      </symbol>
      <symbol id="sm-6d1">
         <name>__mspabi_mpyd</name>
         <value>0x40e0</value>
         <object_component_ref idref="oc-4f1"/>
      </symbol>
      <symbol id="sm-6da">
         <name>__mspabi_negd</name>
         <value>0x750a</value>
         <object_component_ref idref="oc-426"/>
      </symbol>
      <symbol id="sm-6ed">
         <name>__TI_renormd</name>
         <value>0x6348</value>
         <object_component_ref idref="oc-688"/>
      </symbol>
      <symbol id="sm-6f6">
         <name>__mspabi_subd</name>
         <value>0x73d0</value>
         <object_component_ref idref="oc-593"/>
      </symbol>
      <symbol id="sm-713">
         <name>C$$EXIT</name>
         <value>0x77a8</value>
         <object_component_ref idref="oc-24d"/>
      </symbol>
      <symbol id="sm-714">
         <name>abort</name>
         <value>0x77a8</value>
         <object_component_ref idref="oc-24d"/>
      </symbol>
      <symbol id="sm-715">
         <name>__TI_enable_exit_profile_output</name>
         <value>0x1446</value>
         <object_component_ref idref="oc-2d1"/>
      </symbol>
      <symbol id="sm-716">
         <name>exit</name>
         <value>0x71be</value>
         <object_component_ref idref="oc-253"/>
      </symbol>
      <symbol id="sm-72c">
         <name>_nop</name>
         <value>0x77b6</value>
         <object_component_ref idref="oc-2fd"/>
      </symbol>
      <symbol id="sm-72d">
         <name>_lock</name>
         <value>0x143e</value>
         <object_component_ref idref="oc-291"/>
      </symbol>
      <symbol id="sm-72e">
         <name>_unlock</name>
         <value>0x1440</value>
         <object_component_ref idref="oc-2a6"/>
      </symbol>
      <symbol id="sm-742">
         <name>atoi</name>
         <value>0x6fba</value>
         <object_component_ref idref="oc-389"/>
      </symbol>
      <symbol id="sm-74c">
         <name>_ctypes_</name>
         <value>0x77ba</value>
         <object_component_ref idref="oc-407"/>
      </symbol>
      <symbol id="sm-75c">
         <name>__TI_tmpnams</name>
         <value>0x144a</value>
      </symbol>
      <symbol id="sm-75d">
         <name>_ftable</name>
         <value>0x134c</value>
         <object_component_ref idref="oc-242"/>
      </symbol>
      <symbol id="sm-75e">
         <name>__TI_ft_end</name>
         <value>0x1442</value>
         <object_component_ref idref="oc-474"/>
      </symbol>
      <symbol id="sm-76d">
         <name>ltoa</name>
         <value>0x6846</value>
         <object_component_ref idref="oc-587"/>
      </symbol>
      <symbol id="sm-77c">
         <name>memccpy</name>
         <value>0x762e</value>
         <object_component_ref idref="oc-3a3"/>
      </symbol>
      <symbol id="sm-78b">
         <name>memchr</name>
         <value>0x76a4</value>
         <object_component_ref idref="oc-37f"/>
      </symbol>
      <symbol id="sm-799">
         <name>memcpy</name>
         <value>0x7718</value>
         <object_component_ref idref="oc-17d"/>
      </symbol>
      <symbol id="sm-80e">
         <name>_sys_memory</name>
         <value>0x1100</value>
         <object_component_ref idref="oc-160"/>
      </symbol>
      <symbol id="sm-80f">
         <name>free</name>
         <value>0x61ba</value>
         <object_component_ref idref="oc-3c9"/>
      </symbol>
      <symbol id="sm-810">
         <name>memalign</name>
         <value>0x5e48</value>
         <object_component_ref idref="oc-467"/>
      </symbol>
      <symbol id="sm-811">
         <name>malloc</name>
         <value>0x779a</value>
         <object_component_ref idref="oc-3cf"/>
      </symbol>
      <symbol id="sm-812">
         <name>aligned_alloc</name>
         <value>0x5e48</value>
         <object_component_ref idref="oc-467"/>
      </symbol>
      <symbol id="sm-820">
         <name>memset</name>
         <value>0x76b8</value>
         <object_component_ref idref="oc-390"/>
      </symbol>
      <symbol id="sm-82f">
         <name>strchr</name>
         <value>0x7648</value>
         <object_component_ref idref="oc-5c7"/>
      </symbol>
      <symbol id="sm-83c">
         <name>strlen</name>
         <value>0x776a</value>
         <object_component_ref idref="oc-30e"/>
      </symbol>
      <symbol id="sm-849">
         <name>toupper</name>
         <value>0x7784</value>
         <object_component_ref idref="oc-420"/>
      </symbol>
      <symbol id="sm-850">
         <name>errno</name>
         <value>0x1444</value>
         <object_component_ref idref="oc-3b1"/>
      </symbol>
      <symbol id="sm-867">
         <name>write</name>
         <value>0x75d2</value>
         <object_component_ref idref="oc-2bc"/>
      </symbol>
      <symbol id="sm-876">
         <name>_stream</name>
         <value>0x1412</value>
         <object_component_ref idref="oc-353"/>
      </symbol>
      <symbol id="sm-877">
         <name>_device</name>
         <value>0x13c4</value>
         <object_component_ref idref="oc-3e6"/>
      </symbol>
      <symbol id="sm-881">
         <name>abs</name>
         <value>0x7790</value>
         <object_component_ref idref="oc-5a0"/>
      </symbol>
      <symbol id="sm-892">
         <name>__TI_doflush</name>
         <value>0x6d94</value>
         <object_component_ref idref="oc-2b6"/>
      </symbol>
      <symbol id="sm-89e">
         <name>__TI_cleanup</name>
         <value>0x733a</value>
         <object_component_ref idref="oc-3d5"/>
      </symbol>
      <symbol id="sm-8ae">
         <name>fseek</name>
         <value>0x6b1e</value>
         <object_component_ref idref="oc-343"/>
      </symbol>
      <symbol id="sm-8be">
         <name>__mspabi_sral</name>
         <value>0x772a</value>
         <object_component_ref idref="oc-683"/>
      </symbol>
      <symbol id="sm-8bf">
         <name>__mspabi_sral_15</name>
         <value>0x7282</value>
         <object_component_ref idref="oc-619"/>
      </symbol>
      <symbol id="sm-8c0">
         <name>__mspabi_sral_14</name>
         <value>0x7286</value>
         <object_component_ref idref="oc-619"/>
      </symbol>
      <symbol id="sm-8c1">
         <name>__mspabi_sral_13</name>
         <value>0x728a</value>
         <object_component_ref idref="oc-619"/>
      </symbol>
      <symbol id="sm-8c2">
         <name>__mspabi_sral_12</name>
         <value>0x728e</value>
         <object_component_ref idref="oc-619"/>
      </symbol>
      <symbol id="sm-8c3">
         <name>__mspabi_sral_11</name>
         <value>0x7292</value>
         <object_component_ref idref="oc-619"/>
      </symbol>
      <symbol id="sm-8c4">
         <name>__mspabi_sral_10</name>
         <value>0x7296</value>
         <object_component_ref idref="oc-619"/>
      </symbol>
      <symbol id="sm-8c5">
         <name>__mspabi_sral_8</name>
         <value>0x729e</value>
         <object_component_ref idref="oc-619"/>
      </symbol>
      <symbol id="sm-8c6">
         <name>__mspabi_sral_9</name>
         <value>0x729a</value>
         <object_component_ref idref="oc-619"/>
      </symbol>
      <symbol id="sm-8c7">
         <name>__mspabi_sral_6</name>
         <value>0x72a6</value>
         <object_component_ref idref="oc-619"/>
      </symbol>
      <symbol id="sm-8c8">
         <name>__mspabi_sral_7</name>
         <value>0x72a2</value>
         <object_component_ref idref="oc-619"/>
      </symbol>
      <symbol id="sm-8c9">
         <name>__mspabi_sral_4</name>
         <value>0x72ae</value>
         <object_component_ref idref="oc-619"/>
      </symbol>
      <symbol id="sm-8ca">
         <name>__mspabi_sral_5</name>
         <value>0x72aa</value>
         <object_component_ref idref="oc-619"/>
      </symbol>
      <symbol id="sm-8cb">
         <name>__mspabi_sral_2</name>
         <value>0x72b6</value>
         <object_component_ref idref="oc-619"/>
      </symbol>
      <symbol id="sm-8cc">
         <name>__mspabi_sral_3</name>
         <value>0x72b2</value>
         <object_component_ref idref="oc-619"/>
      </symbol>
      <symbol id="sm-8cd">
         <name>__mspabi_sral_1</name>
         <value>0x72ba</value>
         <object_component_ref idref="oc-619"/>
      </symbol>
      <symbol id="sm-8d9">
         <name>__mspabi_remli</name>
         <value>0x7242</value>
         <object_component_ref idref="oc-602"/>
      </symbol>
      <symbol id="sm-8da">
         <name>__mspabi_divli</name>
         <value>0x7242</value>
         <object_component_ref idref="oc-602"/>
      </symbol>
      <symbol id="sm-8ea">
         <name>__mspabi_slll_9</name>
         <value>0x72d8</value>
         <object_component_ref idref="oc-552"/>
      </symbol>
      <symbol id="sm-8eb">
         <name>__mspabi_slll_8</name>
         <value>0x72dc</value>
         <object_component_ref idref="oc-552"/>
      </symbol>
      <symbol id="sm-8ec">
         <name>__mspabi_slll_7</name>
         <value>0x72e0</value>
         <object_component_ref idref="oc-552"/>
      </symbol>
      <symbol id="sm-8ed">
         <name>__mspabi_slll_6</name>
         <value>0x72e4</value>
         <object_component_ref idref="oc-552"/>
      </symbol>
      <symbol id="sm-8ee">
         <name>__mspabi_slll_5</name>
         <value>0x72e8</value>
         <object_component_ref idref="oc-552"/>
      </symbol>
      <symbol id="sm-8ef">
         <name>__mspabi_slll_4</name>
         <value>0x72ec</value>
         <object_component_ref idref="oc-552"/>
      </symbol>
      <symbol id="sm-8f0">
         <name>__mspabi_slll_3</name>
         <value>0x72f0</value>
         <object_component_ref idref="oc-552"/>
      </symbol>
      <symbol id="sm-8f1">
         <name>__mspabi_slll_2</name>
         <value>0x72f4</value>
         <object_component_ref idref="oc-552"/>
      </symbol>
      <symbol id="sm-8f2">
         <name>__mspabi_slll_1</name>
         <value>0x72f8</value>
         <object_component_ref idref="oc-552"/>
      </symbol>
      <symbol id="sm-8f3">
         <name>__mspabi_slll</name>
         <value>0x773a</value>
         <object_component_ref idref="oc-67e"/>
      </symbol>
      <symbol id="sm-8f4">
         <name>__mspabi_slll_15</name>
         <value>0x72c0</value>
         <object_component_ref idref="oc-552"/>
      </symbol>
      <symbol id="sm-8f5">
         <name>__mspabi_slll_14</name>
         <value>0x72c4</value>
         <object_component_ref idref="oc-552"/>
      </symbol>
      <symbol id="sm-8f6">
         <name>__mspabi_slll_13</name>
         <value>0x72c8</value>
         <object_component_ref idref="oc-552"/>
      </symbol>
      <symbol id="sm-8f7">
         <name>__mspabi_slll_12</name>
         <value>0x72cc</value>
         <object_component_ref idref="oc-552"/>
      </symbol>
      <symbol id="sm-8f8">
         <name>__mspabi_slll_11</name>
         <value>0x72d0</value>
         <object_component_ref idref="oc-552"/>
      </symbol>
      <symbol id="sm-8f9">
         <name>__mspabi_slll_10</name>
         <value>0x72d4</value>
         <object_component_ref idref="oc-552"/>
      </symbol>
      <symbol id="sm-909">
         <name>__mspabi_srll_8</name>
         <value>0x6e80</value>
         <object_component_ref idref="oc-609"/>
      </symbol>
      <symbol id="sm-90a">
         <name>__mspabi_srll_9</name>
         <value>0x6e7a</value>
         <object_component_ref idref="oc-609"/>
      </symbol>
      <symbol id="sm-90b">
         <name>__mspabi_srll_6</name>
         <value>0x6e8c</value>
         <object_component_ref idref="oc-609"/>
      </symbol>
      <symbol id="sm-90c">
         <name>__mspabi_srll_7</name>
         <value>0x6e86</value>
         <object_component_ref idref="oc-609"/>
      </symbol>
      <symbol id="sm-90d">
         <name>__mspabi_srll_4</name>
         <value>0x6e98</value>
         <object_component_ref idref="oc-609"/>
      </symbol>
      <symbol id="sm-90e">
         <name>__mspabi_srll_5</name>
         <value>0x6e92</value>
         <object_component_ref idref="oc-609"/>
      </symbol>
      <symbol id="sm-90f">
         <name>__mspabi_srll_2</name>
         <value>0x6ea4</value>
         <object_component_ref idref="oc-609"/>
      </symbol>
      <symbol id="sm-910">
         <name>__mspabi_srll_3</name>
         <value>0x6e9e</value>
         <object_component_ref idref="oc-609"/>
      </symbol>
      <symbol id="sm-911">
         <name>__mspabi_srll_1</name>
         <value>0x6eaa</value>
         <object_component_ref idref="oc-609"/>
      </symbol>
      <symbol id="sm-912">
         <name>__mspabi_srll_15</name>
         <value>0x6e56</value>
         <object_component_ref idref="oc-609"/>
      </symbol>
      <symbol id="sm-913">
         <name>__mspabi_srll_14</name>
         <value>0x6e5c</value>
         <object_component_ref idref="oc-609"/>
      </symbol>
      <symbol id="sm-914">
         <name>__mspabi_srll_13</name>
         <value>0x6e62</value>
         <object_component_ref idref="oc-609"/>
      </symbol>
      <symbol id="sm-915">
         <name>__mspabi_srll_12</name>
         <value>0x6e68</value>
         <object_component_ref idref="oc-609"/>
      </symbol>
      <symbol id="sm-916">
         <name>__mspabi_srll_11</name>
         <value>0x6e6e</value>
         <object_component_ref idref="oc-609"/>
      </symbol>
      <symbol id="sm-917">
         <name>__mspabi_srll_10</name>
         <value>0x6e74</value>
         <object_component_ref idref="oc-609"/>
      </symbol>
      <symbol id="sm-918">
         <name>__mspabi_srll</name>
         <value>0x7706</value>
         <object_component_ref idref="oc-56b"/>
      </symbol>
      <symbol id="sm-926">
         <name>__mspabi_sllll</name>
         <value>0x717a</value>
         <object_component_ref idref="oc-565"/>
      </symbol>
      <symbol id="sm-936">
         <name>__TI_frcmpyd</name>
         <value>0x3e5a</value>
         <object_component_ref idref="oc-5aa"/>
      </symbol>
      <symbol id="sm-942">
         <name>HOSTclose</name>
         <value>0x7136</value>
         <object_component_ref idref="oc-480"/>
      </symbol>
      <symbol id="sm-94e">
         <name>HOSTlseek</name>
         <value>0x67be</value>
         <object_component_ref idref="oc-492"/>
      </symbol>
      <symbol id="sm-95c">
         <name>parmbuf</name>
         <value>0x14ea</value>
      </symbol>
      <symbol id="sm-95d">
         <name>HOSTopen</name>
         <value>0x6c66</value>
         <object_component_ref idref="oc-47a"/>
      </symbol>
      <symbol id="sm-96a">
         <name>HOSTread</name>
         <value>0x6df6</value>
         <object_component_ref idref="oc-486"/>
      </symbol>
      <symbol id="sm-976">
         <name>HOSTrename</name>
         <value>0x6bfc</value>
         <object_component_ref idref="oc-49e"/>
      </symbol>
      <symbol id="sm-982">
         <name>HOSTunlink</name>
         <value>0x7202</value>
         <object_component_ref idref="oc-498"/>
      </symbol>
      <symbol id="sm-98f">
         <name>HOSTwrite</name>
         <value>0x6d32</value>
         <object_component_ref idref="oc-48c"/>
      </symbol>
      <symbol id="sm-9ad">
         <name>__TI_readmsg</name>
         <value>0x745a</value>
         <object_component_ref idref="oc-545"/>
      </symbol>
      <symbol id="sm-9ae">
         <name>C$$IO$$</name>
         <value>0x73cc</value>
         <object_component_ref idref="oc-53f"/>
      </symbol>
      <symbol id="sm-9af">
         <name>_CIOBUF_</name>
         <value>0x122c</value>
         <object_component_ref idref="oc-5e7"/>
      </symbol>
      <symbol id="sm-9b0">
         <name>__TI_writemsg</name>
         <value>0x73a2</value>
         <object_component_ref idref="oc-53f"/>
      </symbol>
      <symbol id="sm-9be">
         <name>lseek</name>
         <value>0x75ac</value>
         <object_component_ref idref="oc-3c1"/>
      </symbol>
      <symbol id="sm-9ce">
         <name>__TI_closefile</name>
         <value>0x6a3a</value>
         <object_component_ref idref="oc-46e"/>
      </symbol>
      <symbol id="sm-9ec">
         <name>finddevice</name>
         <value>0x736e</value>
         <object_component_ref idref="oc-645"/>
      </symbol>
      <symbol id="sm-9ed">
         <name>getdevice</name>
         <value>0x6f0a</value>
         <object_component_ref idref="oc-5db"/>
      </symbol>
      <symbol id="sm-9fb">
         <name>strcmp</name>
         <value>0x7662</value>
         <object_component_ref idref="oc-675"/>
      </symbol>
      <symbol id="sm-a08">
         <name>strcpy</name>
         <value>0x775a</value>
         <object_component_ref idref="oc-55b"/>
      </symbol>
      <symbol id="sm-a18">
         <name>strncpy</name>
         <value>0x74de</value>
         <object_component_ref idref="oc-63f"/>
      </symbol>
      <symbol id="sm-a2b">
         <name>close</name>
         <value>0x70a6</value>
         <object_component_ref idref="oc-52b"/>
      </symbol>
      <symbol id="sm-a37">
         <name>unlink</name>
         <value>0x7584</value>
         <object_component_ref idref="oc-532"/>
      </symbol>
      <symbol id="sm-a3a">
         <name>remove</name>
         <value>0x7584</value>
      </symbol>
   </symbol_table>
   <title>Link successful</title>
</link_info>
