<?xml version="1.0" encoding="ISO-8859-1" ?>
<link_info>
   <banner>MSP430 Linker PC v18.12.1.LTS</banner>
   <copyright>Copyright (c) 2003-2018 Texas Instruments Incorporated</copyright>
   <link_time>0x5e1e3eba</link_time>
   <link_errors>0x0</link_errors>
   <output_file>Lab01.out</output_file>
   <entry_point>
      <name>_c_int00_noargs</name>
      <address>0x7674</address>
   </entry_point>
   <input_file_list>
      <input_file id="fl-2">
         <path>.\</path>
         <kind>object</kind>
         <file>main.obj</file>
         <name>main.obj</name>
      </input_file>
      <input_file id="fl-7">
         <kind>object</kind>
         <file>&lt;internal&gt;</file>
         <name>&lt;internal&gt;</name>
      </input_file>
      <input_file id="fl-1d">
         <path>C:\ti\ccs901\ccs\tools\compiler\ti-cgt-msp430_18.12.1.LTS\lib\</path>
         <kind>archive</kind>
         <file>rts430_eabi.lib</file>
         <name>printf.c.obj</name>
      </input_file>
      <input_file id="fl-1e">
         <path>C:\ti\ccs901\ccs\tools\compiler\ti-cgt-msp430_18.12.1.LTS\lib\</path>
         <kind>archive</kind>
         <file>rts430_eabi.lib</file>
         <name>_printfi.c.obj</name>
      </input_file>
      <input_file id="fl-1f">
         <path>C:\ti\ccs901\ccs\tools\compiler\ti-cgt-msp430_18.12.1.LTS\lib\</path>
         <kind>archive</kind>
         <file>rts430_eabi.lib</file>
         <name>fputc.c.obj</name>
      </input_file>
      <input_file id="fl-20">
         <path>C:\ti\ccs901\ccs\tools\compiler\ti-cgt-msp430_18.12.1.LTS\lib\</path>
         <kind>archive</kind>
         <file>rts430_eabi.lib</file>
         <name>fputs.c.obj</name>
      </input_file>
      <input_file id="fl-21">
         <path>C:\ti\ccs901\ccs\tools\compiler\ti-cgt-msp430_18.12.1.LTS\lib\</path>
         <kind>archive</kind>
         <file>rts430_eabi.lib</file>
         <name>_io_perm.c.obj</name>
      </input_file>
      <input_file id="fl-22">
         <path>C:\ti\ccs901\ccs\tools\compiler\ti-cgt-msp430_18.12.1.LTS\lib\</path>
         <kind>archive</kind>
         <file>rts430_eabi.lib</file>
         <name>setvbuf.c.obj</name>
      </input_file>
      <input_file id="fl-23">
         <path>C:\ti\ccs901\ccs\tools\compiler\ti-cgt-msp430_18.12.1.LTS\lib\</path>
         <kind>archive</kind>
         <file>rts430_eabi.lib</file>
         <name>s_frexp.c.obj</name>
      </input_file>
      <input_file id="fl-24">
         <path>C:\ti\ccs901\ccs\tools\compiler\ti-cgt-msp430_18.12.1.LTS\lib\</path>
         <kind>archive</kind>
         <file>rts430_eabi.lib</file>
         <name>s_scalbn.c.obj</name>
      </input_file>
      <input_file id="fl-25">
         <path>C:\ti\ccs901\ccs\tools\compiler\ti-cgt-msp430_18.12.1.LTS\lib\</path>
         <kind>archive</kind>
         <file>rts430_eabi.lib</file>
         <name>wcslen.c.obj</name>
      </input_file>
      <input_file id="fl-26">
         <path>C:\ti\ccs901\ccs\tools\compiler\ti-cgt-msp430_18.12.1.LTS\lib\</path>
         <kind>archive</kind>
         <file>rts430_eabi.lib</file>
         <name>s_copysign.c.obj</name>
      </input_file>
      <input_file id="fl-27">
         <path>C:\ti\ccs901\ccs\tools\compiler\ti-cgt-msp430_18.12.1.LTS\lib\</path>
         <kind>archive</kind>
         <file>rts430_eabi.lib</file>
         <name>asr16.asm.obj</name>
      </input_file>
      <input_file id="fl-28">
         <path>C:\ti\ccs901\ccs\tools\compiler\ti-cgt-msp430_18.12.1.LTS\lib\</path>
         <kind>archive</kind>
         <file>rts430_eabi.lib</file>
         <name>div16u.asm.obj</name>
      </input_file>
      <input_file id="fl-29">
         <path>C:\ti\ccs901\ccs\tools\compiler\ti-cgt-msp430_18.12.1.LTS\lib\</path>
         <kind>archive</kind>
         <file>rts430_eabi.lib</file>
         <name>div32s.asm.obj</name>
      </input_file>
      <input_file id="fl-2a">
         <path>C:\ti\ccs901\ccs\tools\compiler\ti-cgt-msp430_18.12.1.LTS\lib\</path>
         <kind>archive</kind>
         <file>rts430_eabi.lib</file>
         <name>div32u.asm.obj</name>
      </input_file>
      <input_file id="fl-2b">
         <path>C:\ti\ccs901\ccs\tools\compiler\ti-cgt-msp430_18.12.1.LTS\lib\</path>
         <kind>archive</kind>
         <file>rts430_eabi.lib</file>
         <name>epilog.asm.obj</name>
      </input_file>
      <input_file id="fl-2c">
         <path>C:\ti\ccs901\ccs\tools\compiler\ti-cgt-msp430_18.12.1.LTS\lib\</path>
         <kind>archive</kind>
         <file>rts430_eabi.lib</file>
         <name>int14.asm.obj</name>
      </input_file>
      <input_file id="fl-2d">
         <path>C:\ti\ccs901\ccs\tools\compiler\ti-cgt-msp430_18.12.1.LTS\lib\</path>
         <kind>archive</kind>
         <file>rts430_eabi.lib</file>
         <name>int15.asm.obj</name>
      </input_file>
      <input_file id="fl-2e">
         <path>C:\ti\ccs901\ccs\tools\compiler\ti-cgt-msp430_18.12.1.LTS\lib\</path>
         <kind>archive</kind>
         <file>rts430_eabi.lib</file>
         <name>int16.asm.obj</name>
      </input_file>
      <input_file id="fl-2f">
         <path>C:\ti\ccs901\ccs\tools\compiler\ti-cgt-msp430_18.12.1.LTS\lib\</path>
         <kind>archive</kind>
         <file>rts430_eabi.lib</file>
         <name>int17.asm.obj</name>
      </input_file>
      <input_file id="fl-30">
         <path>C:\ti\ccs901\ccs\tools\compiler\ti-cgt-msp430_18.12.1.LTS\lib\</path>
         <kind>archive</kind>
         <file>rts430_eabi.lib</file>
         <name>int18.asm.obj</name>
      </input_file>
      <input_file id="fl-31">
         <path>C:\ti\ccs901\ccs\tools\compiler\ti-cgt-msp430_18.12.1.LTS\lib\</path>
         <kind>archive</kind>
         <file>rts430_eabi.lib</file>
         <name>int19.asm.obj</name>
      </input_file>
      <input_file id="fl-32">
         <path>C:\ti\ccs901\ccs\tools\compiler\ti-cgt-msp430_18.12.1.LTS\lib\</path>
         <kind>archive</kind>
         <file>rts430_eabi.lib</file>
         <name>int20.asm.obj</name>
      </input_file>
      <input_file id="fl-33">
         <path>C:\ti\ccs901\ccs\tools\compiler\ti-cgt-msp430_18.12.1.LTS\lib\</path>
         <kind>archive</kind>
         <file>rts430_eabi.lib</file>
         <name>int21.asm.obj</name>
      </input_file>
      <input_file id="fl-34">
         <path>C:\ti\ccs901\ccs\tools\compiler\ti-cgt-msp430_18.12.1.LTS\lib\</path>
         <kind>archive</kind>
         <file>rts430_eabi.lib</file>
         <name>int22.asm.obj</name>
      </input_file>
      <input_file id="fl-35">
         <path>C:\ti\ccs901\ccs\tools\compiler\ti-cgt-msp430_18.12.1.LTS\lib\</path>
         <kind>archive</kind>
         <file>rts430_eabi.lib</file>
         <name>int23.asm.obj</name>
      </input_file>
      <input_file id="fl-36">
         <path>C:\ti\ccs901\ccs\tools\compiler\ti-cgt-msp430_18.12.1.LTS\lib\</path>
         <kind>archive</kind>
         <file>rts430_eabi.lib</file>
         <name>int24.asm.obj</name>
      </input_file>
      <input_file id="fl-37">
         <path>C:\ti\ccs901\ccs\tools\compiler\ti-cgt-msp430_18.12.1.LTS\lib\</path>
         <kind>archive</kind>
         <file>rts430_eabi.lib</file>
         <name>int25.asm.obj</name>
      </input_file>
      <input_file id="fl-38">
         <path>C:\ti\ccs901\ccs\tools\compiler\ti-cgt-msp430_18.12.1.LTS\lib\</path>
         <kind>archive</kind>
         <file>rts430_eabi.lib</file>
         <name>int26.asm.obj</name>
      </input_file>
      <input_file id="fl-39">
         <path>C:\ti\ccs901\ccs\tools\compiler\ti-cgt-msp430_18.12.1.LTS\lib\</path>
         <kind>archive</kind>
         <file>rts430_eabi.lib</file>
         <name>int27.asm.obj</name>
      </input_file>
      <input_file id="fl-3a">
         <path>C:\ti\ccs901\ccs\tools\compiler\ti-cgt-msp430_18.12.1.LTS\lib\</path>
         <kind>archive</kind>
         <file>rts430_eabi.lib</file>
         <name>int28.asm.obj</name>
      </input_file>
      <input_file id="fl-3b">
         <path>C:\ti\ccs901\ccs\tools\compiler\ti-cgt-msp430_18.12.1.LTS\lib\</path>
         <kind>archive</kind>
         <file>rts430_eabi.lib</file>
         <name>int29.asm.obj</name>
      </input_file>
      <input_file id="fl-3c">
         <path>C:\ti\ccs901\ccs\tools\compiler\ti-cgt-msp430_18.12.1.LTS\lib\</path>
         <kind>archive</kind>
         <file>rts430_eabi.lib</file>
         <name>int30.asm.obj</name>
      </input_file>
      <input_file id="fl-3d">
         <path>C:\ti\ccs901\ccs\tools\compiler\ti-cgt-msp430_18.12.1.LTS\lib\</path>
         <kind>archive</kind>
         <file>rts430_eabi.lib</file>
         <name>isr_trap.asm.obj</name>
      </input_file>
      <input_file id="fl-3e">
         <path>C:\ti\ccs901\ccs\tools\compiler\ti-cgt-msp430_18.12.1.LTS\lib\</path>
         <kind>archive</kind>
         <file>rts430_eabi.lib</file>
         <name>lsl16.asm.obj</name>
      </input_file>
      <input_file id="fl-3f">
         <path>C:\ti\ccs901\ccs\tools\compiler\ti-cgt-msp430_18.12.1.LTS\lib\</path>
         <kind>archive</kind>
         <file>rts430_eabi.lib</file>
         <name>lsr16.asm.obj</name>
      </input_file>
      <input_file id="fl-40">
         <path>C:\ti\ccs901\ccs\tools\compiler\ti-cgt-msp430_18.12.1.LTS\lib\</path>
         <kind>archive</kind>
         <file>rts430_eabi.lib</file>
         <name>mult16.asm.obj</name>
      </input_file>
      <input_file id="fl-41">
         <path>C:\ti\ccs901\ccs\tools\compiler\ti-cgt-msp430_18.12.1.LTS\lib\</path>
         <kind>archive</kind>
         <file>rts430_eabi.lib</file>
         <name>mult16_hw.asm.obj</name>
      </input_file>
      <input_file id="fl-42">
         <path>C:\ti\ccs901\ccs\tools\compiler\ti-cgt-msp430_18.12.1.LTS\lib\</path>
         <kind>archive</kind>
         <file>rts430_eabi.lib</file>
         <name>mult1632_hw.asm.obj</name>
      </input_file>
      <input_file id="fl-43">
         <path>C:\ti\ccs901\ccs\tools\compiler\ti-cgt-msp430_18.12.1.LTS\lib\</path>
         <kind>archive</kind>
         <file>rts430_eabi.lib</file>
         <name>mult32.asm.obj</name>
      </input_file>
      <input_file id="fl-44">
         <path>C:\ti\ccs901\ccs\tools\compiler\ti-cgt-msp430_18.12.1.LTS\lib\</path>
         <kind>archive</kind>
         <file>rts430_eabi.lib</file>
         <name>mult32_hw.asm.obj</name>
      </input_file>
      <input_file id="fl-45">
         <path>C:\ti\ccs901\ccs\tools\compiler\ti-cgt-msp430_18.12.1.LTS\lib\</path>
         <kind>archive</kind>
         <file>rts430_eabi.lib</file>
         <name>mult3264_hw.asm.obj</name>
      </input_file>
      <input_file id="fl-46">
         <path>C:\ti\ccs901\ccs\tools\compiler\ti-cgt-msp430_18.12.1.LTS\lib\</path>
         <kind>archive</kind>
         <file>rts430_eabi.lib</file>
         <name>mult64_hw.asm.obj</name>
      </input_file>
      <input_file id="fl-47">
         <path>C:\ti\ccs901\ccs\tools\compiler\ti-cgt-msp430_18.12.1.LTS\lib\</path>
         <kind>archive</kind>
         <file>rts430_eabi.lib</file>
         <name>boot.c.obj</name>
      </input_file>
      <input_file id="fl-48">
         <path>C:\ti\ccs901\ccs\tools\compiler\ti-cgt-msp430_18.12.1.LTS\lib\</path>
         <kind>archive</kind>
         <file>rts430_eabi.lib</file>
         <name>autoinit.c.obj</name>
      </input_file>
      <input_file id="fl-49">
         <path>C:\ti\ccs901\ccs\tools\compiler\ti-cgt-msp430_18.12.1.LTS\lib\</path>
         <kind>archive</kind>
         <file>rts430_eabi.lib</file>
         <name>copy_zero_init.c.obj</name>
      </input_file>
      <input_file id="fl-4a">
         <path>C:\ti\ccs901\ccs\tools\compiler\ti-cgt-msp430_18.12.1.LTS\lib\</path>
         <kind>archive</kind>
         <file>rts430_eabi.lib</file>
         <name>exit_gvars.c.obj</name>
      </input_file>
      <input_file id="fl-4b">
         <path>C:\ti\ccs901\ccs\tools\compiler\ti-cgt-msp430_18.12.1.LTS\lib\</path>
         <kind>archive</kind>
         <file>rts430_eabi.lib</file>
         <name>cpy_tbl.c.obj</name>
      </input_file>
      <input_file id="fl-4c">
         <path>C:\ti\ccs901\ccs\tools\compiler\ti-cgt-msp430_18.12.1.LTS\lib\</path>
         <kind>archive</kind>
         <file>rts430_eabi.lib</file>
         <name>mpu_init.c.obj</name>
      </input_file>
      <input_file id="fl-4d">
         <path>C:\ti\ccs901\ccs\tools\compiler\ti-cgt-msp430_18.12.1.LTS\lib\</path>
         <kind>archive</kind>
         <file>rts430_eabi.lib</file>
         <name>lsr64.c.obj</name>
      </input_file>
      <input_file id="fl-4e">
         <path>C:\ti\ccs901\ccs\tools\compiler\ti-cgt-msp430_18.12.1.LTS\lib\</path>
         <kind>archive</kind>
         <file>rts430_eabi.lib</file>
         <name>div64u.c.obj</name>
      </input_file>
      <input_file id="fl-4f">
         <path>C:\ti\ccs901\ccs\tools\compiler\ti-cgt-msp430_18.12.1.LTS\lib\</path>
         <kind>archive</kind>
         <file>rts430_eabi.lib</file>
         <name>pre_init.c.obj</name>
      </input_file>
      <input_file id="fl-50">
         <path>C:\ti\ccs901\ccs\tools\compiler\ti-cgt-msp430_18.12.1.LTS\lib\</path>
         <kind>archive</kind>
         <file>rts430_eabi.lib</file>
         <name>startup.c.obj</name>
      </input_file>
      <input_file id="fl-51">
         <path>C:\ti\ccs901\ccs\tools\compiler\ti-cgt-msp430_18.12.1.LTS\lib\</path>
         <kind>archive</kind>
         <file>rts430_eabi.lib</file>
         <name>copy_decompress_none.c.obj</name>
      </input_file>
      <input_file id="fl-52">
         <path>C:\ti\ccs901\ccs\tools\compiler\ti-cgt-msp430_18.12.1.LTS\lib\</path>
         <kind>archive</kind>
         <file>rts430_eabi.lib</file>
         <name>copy_decompress_lzss.c.obj</name>
      </input_file>
      <input_file id="fl-53">
         <path>C:\ti\ccs901\ccs\tools\compiler\ti-cgt-msp430_18.12.1.LTS\lib\</path>
         <kind>archive</kind>
         <file>rts430_eabi.lib</file>
         <name>addd.c.obj</name>
      </input_file>
      <input_file id="fl-54">
         <path>C:\ti\ccs901\ccs\tools\compiler\ti-cgt-msp430_18.12.1.LTS\lib\</path>
         <kind>archive</kind>
         <file>rts430_eabi.lib</file>
         <name>cmpd.c.obj</name>
      </input_file>
      <input_file id="fl-55">
         <path>C:\ti\ccs901\ccs\tools\compiler\ti-cgt-msp430_18.12.1.LTS\lib\</path>
         <kind>archive</kind>
         <file>rts430_eabi.lib</file>
         <name>divd.c.obj</name>
      </input_file>
      <input_file id="fl-56">
         <path>C:\ti\ccs901\ccs\tools\compiler\ti-cgt-msp430_18.12.1.LTS\lib\</path>
         <kind>archive</kind>
         <file>rts430_eabi.lib</file>
         <name>fixdi.c.obj</name>
      </input_file>
      <input_file id="fl-57">
         <path>C:\ti\ccs901\ccs\tools\compiler\ti-cgt-msp430_18.12.1.LTS\lib\</path>
         <kind>archive</kind>
         <file>rts430_eabi.lib</file>
         <name>fixdli.c.obj</name>
      </input_file>
      <input_file id="fl-58">
         <path>C:\ti\ccs901\ccs\tools\compiler\ti-cgt-msp430_18.12.1.LTS\lib\</path>
         <kind>archive</kind>
         <file>rts430_eabi.lib</file>
         <name>fltid.c.obj</name>
      </input_file>
      <input_file id="fl-59">
         <path>C:\ti\ccs901\ccs\tools\compiler\ti-cgt-msp430_18.12.1.LTS\lib\</path>
         <kind>archive</kind>
         <file>rts430_eabi.lib</file>
         <name>fltlid.c.obj</name>
      </input_file>
      <input_file id="fl-5a">
         <path>C:\ti\ccs901\ccs\tools\compiler\ti-cgt-msp430_18.12.1.LTS\lib\</path>
         <kind>archive</kind>
         <file>rts430_eabi.lib</file>
         <name>frcaddd.c.obj</name>
      </input_file>
      <input_file id="fl-5b">
         <path>C:\ti\ccs901\ccs\tools\compiler\ti-cgt-msp430_18.12.1.LTS\lib\</path>
         <kind>archive</kind>
         <file>rts430_eabi.lib</file>
         <name>frcdivd.c.obj</name>
      </input_file>
      <input_file id="fl-5c">
         <path>C:\ti\ccs901\ccs\tools\compiler\ti-cgt-msp430_18.12.1.LTS\lib\</path>
         <kind>archive</kind>
         <file>rts430_eabi.lib</file>
         <name>mpyd.c.obj</name>
      </input_file>
      <input_file id="fl-5d">
         <path>C:\ti\ccs901\ccs\tools\compiler\ti-cgt-msp430_18.12.1.LTS\lib\</path>
         <kind>archive</kind>
         <file>rts430_eabi.lib</file>
         <name>negd.c.obj</name>
      </input_file>
      <input_file id="fl-5e">
         <path>C:\ti\ccs901\ccs\tools\compiler\ti-cgt-msp430_18.12.1.LTS\lib\</path>
         <kind>archive</kind>
         <file>rts430_eabi.lib</file>
         <name>renormd.c.obj</name>
      </input_file>
      <input_file id="fl-5f">
         <path>C:\ti\ccs901\ccs\tools\compiler\ti-cgt-msp430_18.12.1.LTS\lib\</path>
         <kind>archive</kind>
         <file>rts430_eabi.lib</file>
         <name>subd.c.obj</name>
      </input_file>
      <input_file id="fl-60">
         <path>C:\ti\ccs901\ccs\tools\compiler\ti-cgt-msp430_18.12.1.LTS\lib\</path>
         <kind>archive</kind>
         <file>rts430_eabi.lib</file>
         <name>exit.c.obj</name>
      </input_file>
      <input_file id="fl-61">
         <path>C:\ti\ccs901\ccs\tools\compiler\ti-cgt-msp430_18.12.1.LTS\lib\</path>
         <kind>archive</kind>
         <file>rts430_eabi.lib</file>
         <name>_lock.c.obj</name>
      </input_file>
      <input_file id="fl-62">
         <path>C:\ti\ccs901\ccs\tools\compiler\ti-cgt-msp430_18.12.1.LTS\lib\</path>
         <kind>archive</kind>
         <file>rts430_eabi.lib</file>
         <name>args_main.c.obj</name>
      </input_file>
      <input_file id="fl-63">
         <path>C:\ti\ccs901\ccs\tools\compiler\ti-cgt-msp430_18.12.1.LTS\lib\</path>
         <kind>archive</kind>
         <file>rts430_eabi.lib</file>
         <name>atoi.c.obj</name>
      </input_file>
      <input_file id="fl-64">
         <path>C:\ti\ccs901\ccs\tools\compiler\ti-cgt-msp430_18.12.1.LTS\lib\</path>
         <kind>archive</kind>
         <file>rts430_eabi.lib</file>
         <name>ctype.c.obj</name>
      </input_file>
      <input_file id="fl-65">
         <path>C:\ti\ccs901\ccs\tools\compiler\ti-cgt-msp430_18.12.1.LTS\lib\</path>
         <kind>archive</kind>
         <file>rts430_eabi.lib</file>
         <name>defs.c.obj</name>
      </input_file>
      <input_file id="fl-66">
         <path>C:\ti\ccs901\ccs\tools\compiler\ti-cgt-msp430_18.12.1.LTS\lib\</path>
         <kind>archive</kind>
         <file>rts430_eabi.lib</file>
         <name>isalnum.c.obj</name>
      </input_file>
      <input_file id="fl-67">
         <path>C:\ti\ccs901\ccs\tools\compiler\ti-cgt-msp430_18.12.1.LTS\lib\</path>
         <kind>archive</kind>
         <file>rts430_eabi.lib</file>
         <name>ltoa.c.obj</name>
      </input_file>
      <input_file id="fl-68">
         <path>C:\ti\ccs901\ccs\tools\compiler\ti-cgt-msp430_18.12.1.LTS\lib\</path>
         <kind>archive</kind>
         <file>rts430_eabi.lib</file>
         <name>memccpy.c.obj</name>
      </input_file>
      <input_file id="fl-69">
         <path>C:\ti\ccs901\ccs\tools\compiler\ti-cgt-msp430_18.12.1.LTS\lib\</path>
         <kind>archive</kind>
         <file>rts430_eabi.lib</file>
         <name>memchr.c.obj</name>
      </input_file>
      <input_file id="fl-6a">
         <path>C:\ti\ccs901\ccs\tools\compiler\ti-cgt-msp430_18.12.1.LTS\lib\</path>
         <kind>archive</kind>
         <file>rts430_eabi.lib</file>
         <name>memcpy.c.obj</name>
      </input_file>
      <input_file id="fl-6b">
         <path>C:\ti\ccs901\ccs\tools\compiler\ti-cgt-msp430_18.12.1.LTS\lib\</path>
         <kind>archive</kind>
         <file>rts430_eabi.lib</file>
         <name>memory.c.obj</name>
      </input_file>
      <input_file id="fl-6c">
         <path>C:\ti\ccs901\ccs\tools\compiler\ti-cgt-msp430_18.12.1.LTS\lib\</path>
         <kind>archive</kind>
         <file>rts430_eabi.lib</file>
         <name>memset.c.obj</name>
      </input_file>
      <input_file id="fl-6d">
         <path>C:\ti\ccs901\ccs\tools\compiler\ti-cgt-msp430_18.12.1.LTS\lib\</path>
         <kind>archive</kind>
         <file>rts430_eabi.lib</file>
         <name>strchr.c.obj</name>
      </input_file>
      <input_file id="fl-6e">
         <path>C:\ti\ccs901\ccs\tools\compiler\ti-cgt-msp430_18.12.1.LTS\lib\</path>
         <kind>archive</kind>
         <file>rts430_eabi.lib</file>
         <name>strlen.c.obj</name>
      </input_file>
      <input_file id="fl-6f">
         <path>C:\ti\ccs901\ccs\tools\compiler\ti-cgt-msp430_18.12.1.LTS\lib\</path>
         <kind>archive</kind>
         <file>rts430_eabi.lib</file>
         <name>toupper.c.obj</name>
      </input_file>
      <input_file id="fl-70">
         <path>C:\ti\ccs901\ccs\tools\compiler\ti-cgt-msp430_18.12.1.LTS\lib\</path>
         <kind>archive</kind>
         <file>rts430_eabi.lib</file>
         <name>errno.c.obj</name>
      </input_file>
      <input_file id="fl-71">
         <path>C:\ti\ccs901\ccs\tools\compiler\ti-cgt-msp430_18.12.1.LTS\lib\</path>
         <kind>archive</kind>
         <file>rts430_eabi.lib</file>
         <name>write.c.obj</name>
      </input_file>
      <input_file id="fl-72">
         <path>C:\ti\ccs901\ccs\tools\compiler\ti-cgt-msp430_18.12.1.LTS\lib\</path>
         <kind>archive</kind>
         <file>rts430_eabi.lib</file>
         <name>host_device.c.obj</name>
      </input_file>
      <input_file id="fl-73">
         <path>C:\ti\ccs901\ccs\tools\compiler\ti-cgt-msp430_18.12.1.LTS\lib\</path>
         <kind>archive</kind>
         <file>rts430_eabi.lib</file>
         <name>abs.c.obj</name>
      </input_file>
      <input_file id="fl-74">
         <path>C:\ti\ccs901\ccs\tools\compiler\ti-cgt-msp430_18.12.1.LTS\lib\</path>
         <kind>archive</kind>
         <file>rts430_eabi.lib</file>
         <name>fflush.c.obj</name>
      </input_file>
      <input_file id="fl-75">
         <path>C:\ti\ccs901\ccs\tools\compiler\ti-cgt-msp430_18.12.1.LTS\lib\</path>
         <kind>archive</kind>
         <file>rts430_eabi.lib</file>
         <name>fopen.c.obj</name>
      </input_file>
      <input_file id="fl-76">
         <path>C:\ti\ccs901\ccs\tools\compiler\ti-cgt-msp430_18.12.1.LTS\lib\</path>
         <kind>archive</kind>
         <file>rts430_eabi.lib</file>
         <name>fseek.c.obj</name>
      </input_file>
      <input_file id="fl-77">
         <path>C:\ti\ccs901\ccs\tools\compiler\ti-cgt-msp430_18.12.1.LTS\lib\</path>
         <kind>archive</kind>
         <file>rts430_eabi.lib</file>
         <name>asr32.asm.obj</name>
      </input_file>
      <input_file id="fl-78">
         <path>C:\ti\ccs901\ccs\tools\compiler\ti-cgt-msp430_18.12.1.LTS\lib\</path>
         <kind>archive</kind>
         <file>rts430_eabi.lib</file>
         <name>lsl32.asm.obj</name>
      </input_file>
      <input_file id="fl-79">
         <path>C:\ti\ccs901\ccs\tools\compiler\ti-cgt-msp430_18.12.1.LTS\lib\</path>
         <kind>archive</kind>
         <file>rts430_eabi.lib</file>
         <name>lsr32.asm.obj</name>
      </input_file>
      <input_file id="fl-7a">
         <path>C:\ti\ccs901\ccs\tools\compiler\ti-cgt-msp430_18.12.1.LTS\lib\</path>
         <kind>archive</kind>
         <file>rts430_eabi.lib</file>
         <name>lsl64.c.obj</name>
      </input_file>
      <input_file id="fl-7b">
         <path>C:\ti\ccs901\ccs\tools\compiler\ti-cgt-msp430_18.12.1.LTS\lib\</path>
         <kind>archive</kind>
         <file>rts430_eabi.lib</file>
         <name>frcmpyd.c.obj</name>
      </input_file>
      <input_file id="fl-7c">
         <path>C:\ti\ccs901\ccs\tools\compiler\ti-cgt-msp430_18.12.1.LTS\lib\</path>
         <kind>archive</kind>
         <file>rts430_eabi.lib</file>
         <name>hostclose.c.obj</name>
      </input_file>
      <input_file id="fl-7d">
         <path>C:\ti\ccs901\ccs\tools\compiler\ti-cgt-msp430_18.12.1.LTS\lib\</path>
         <kind>archive</kind>
         <file>rts430_eabi.lib</file>
         <name>hostlseek.c.obj</name>
      </input_file>
      <input_file id="fl-7e">
         <path>C:\ti\ccs901\ccs\tools\compiler\ti-cgt-msp430_18.12.1.LTS\lib\</path>
         <kind>archive</kind>
         <file>rts430_eabi.lib</file>
         <name>hostopen.c.obj</name>
      </input_file>
      <input_file id="fl-7f">
         <path>C:\ti\ccs901\ccs\tools\compiler\ti-cgt-msp430_18.12.1.LTS\lib\</path>
         <kind>archive</kind>
         <file>rts430_eabi.lib</file>
         <name>hostread.c.obj</name>
      </input_file>
      <input_file id="fl-80">
         <path>C:\ti\ccs901\ccs\tools\compiler\ti-cgt-msp430_18.12.1.LTS\lib\</path>
         <kind>archive</kind>
         <file>rts430_eabi.lib</file>
         <name>hostrename.c.obj</name>
      </input_file>
      <input_file id="fl-81">
         <path>C:\ti\ccs901\ccs\tools\compiler\ti-cgt-msp430_18.12.1.LTS\lib\</path>
         <kind>archive</kind>
         <file>rts430_eabi.lib</file>
         <name>hostunlink.c.obj</name>
      </input_file>
      <input_file id="fl-82">
         <path>C:\ti\ccs901\ccs\tools\compiler\ti-cgt-msp430_18.12.1.LTS\lib\</path>
         <kind>archive</kind>
         <file>rts430_eabi.lib</file>
         <name>hostwrite.c.obj</name>
      </input_file>
      <input_file id="fl-83">
         <path>C:\ti\ccs901\ccs\tools\compiler\ti-cgt-msp430_18.12.1.LTS\lib\</path>
         <kind>archive</kind>
         <file>rts430_eabi.lib</file>
         <name>trgmsg.c.obj</name>
      </input_file>
      <input_file id="fl-84">
         <path>C:\ti\ccs901\ccs\tools\compiler\ti-cgt-msp430_18.12.1.LTS\lib\</path>
         <kind>archive</kind>
         <file>rts430_eabi.lib</file>
         <name>open.c.obj</name>
      </input_file>
      <input_file id="fl-85">
         <path>C:\ti\ccs901\ccs\tools\compiler\ti-cgt-msp430_18.12.1.LTS\lib\</path>
         <kind>archive</kind>
         <file>rts430_eabi.lib</file>
         <name>lseek.c.obj</name>
      </input_file>
      <input_file id="fl-86">
         <path>C:\ti\ccs901\ccs\tools\compiler\ti-cgt-msp430_18.12.1.LTS\lib\</path>
         <kind>archive</kind>
         <file>rts430_eabi.lib</file>
         <name>fclose.c.obj</name>
      </input_file>
      <input_file id="fl-87">
         <path>C:\ti\ccs901\ccs\tools\compiler\ti-cgt-msp430_18.12.1.LTS\lib\</path>
         <kind>archive</kind>
         <file>rts430_eabi.lib</file>
         <name>getdevice.c.obj</name>
      </input_file>
      <input_file id="fl-88">
         <path>C:\ti\ccs901\ccs\tools\compiler\ti-cgt-msp430_18.12.1.LTS\lib\</path>
         <kind>archive</kind>
         <file>rts430_eabi.lib</file>
         <name>strcmp.c.obj</name>
      </input_file>
      <input_file id="fl-89">
         <path>C:\ti\ccs901\ccs\tools\compiler\ti-cgt-msp430_18.12.1.LTS\lib\</path>
         <kind>archive</kind>
         <file>rts430_eabi.lib</file>
         <name>strcpy.c.obj</name>
      </input_file>
      <input_file id="fl-8a">
         <path>C:\ti\ccs901\ccs\tools\compiler\ti-cgt-msp430_18.12.1.LTS\lib\</path>
         <kind>archive</kind>
         <file>rts430_eabi.lib</file>
         <name>strncpy.c.obj</name>
      </input_file>
      <input_file id="fl-8b">
         <path>C:\ti\ccs901\ccs\tools\compiler\ti-cgt-msp430_18.12.1.LTS\lib\</path>
         <kind>archive</kind>
         <file>rts430_eabi.lib</file>
         <name>remove.c.obj</name>
      </input_file>
      <input_file id="fl-8c">
         <path>C:\ti\ccs901\ccs\tools\compiler\ti-cgt-msp430_18.12.1.LTS\lib\</path>
         <kind>archive</kind>
         <file>rts430_eabi.lib</file>
         <name>close.c.obj</name>
      </input_file>
      <input_file id="fl-8d">
         <path>C:\ti\ccs901\ccs\tools\compiler\ti-cgt-msp430_18.12.1.LTS\lib\</path>
         <kind>archive</kind>
         <file>rts430_eabi.lib</file>
         <name>unlink.c.obj</name>
      </input_file>
   </input_file_list>
   <object_component_list>
      <object_component id="oc-5a2">
         <name>.bss</name>
         <uninitialized>true</uninitialized>
         <run_address>0x14f2</run_address>
         <size>0x2</size>
         <input_file_ref idref="fl-6b"/>
      </object_component>
      <object_component id="oc-5b7">
         <name>.common:__TI_tmpnams</name>
         <uninitialized>true</uninitialized>
         <run_address>0x144a</run_address>
         <size>0xa0</size>
      </object_component>
      <object_component id="oc-5c2">
         <name>.common:parmbuf</name>
         <uninitialized>true</uninitialized>
         <run_address>0x14ea</run_address>
         <size>0x8</size>
      </object_component>
      <object_component id="oc-2b0">
         <name>.data:__TI_cleanup_ptr</name>
         <load_address>0x143a</load_address>
         <run_address>0x143a</run_address>
         <size>0x2</size>
         <input_file_ref idref="fl-4a"/>
      </object_component>
      <object_component id="oc-2ad">
         <name>.data:__TI_dtors_ptr</name>
         <load_address>0x143c</load_address>
         <run_address>0x143c</run_address>
         <size>0x2</size>
         <input_file_ref idref="fl-4a"/>
      </object_component>
      <object_component id="oc-2aa">
         <name>.data</name>
         <load_address>0x1446</load_address>
         <run_address>0x1446</run_address>
         <size>0x2</size>
         <input_file_ref idref="fl-60"/>
      </object_component>
      <object_component id="oc-27d">
         <name>.data:_lock</name>
         <load_address>0x143e</load_address>
         <run_address>0x143e</run_address>
         <size>0x2</size>
         <input_file_ref idref="fl-61"/>
      </object_component>
      <object_component id="oc-295">
         <name>.data:_unlock</name>
         <load_address>0x1440</load_address>
         <run_address>0x1440</run_address>
         <size>0x2</size>
         <input_file_ref idref="fl-61"/>
      </object_component>
      <object_component id="oc-280">
         <name>.data:_ftable</name>
         <load_address>0x134c</load_address>
         <run_address>0x134c</run_address>
         <size>0x78</size>
         <input_file_ref idref="fl-65"/>
      </object_component>
      <object_component id="oc-4fe">
         <name>.data</name>
         <load_address>0x1442</load_address>
         <run_address>0x1442</run_address>
         <size>0x2</size>
         <input_file_ref idref="fl-65"/>
      </object_component>
      <object_component id="oc-5a7">
         <name>.data</name>
         <load_address>0x1448</load_address>
         <run_address>0x1448</run_address>
         <size>0x2</size>
         <input_file_ref idref="fl-6b"/>
      </object_component>
      <object_component id="oc-3a8">
         <name>.data</name>
         <load_address>0x1444</load_address>
         <run_address>0x1444</run_address>
         <size>0x2</size>
         <input_file_ref idref="fl-70"/>
      </object_component>
      <object_component id="oc-466">
         <name>.data:_device</name>
         <load_address>0x13c4</load_address>
         <run_address>0x13c4</run_address>
         <size>0x4e</size>
         <input_file_ref idref="fl-72"/>
      </object_component>
      <object_component id="oc-3e5">
         <name>.data:_stream</name>
         <load_address>0x1412</load_address>
         <run_address>0x1412</run_address>
         <size>0x28</size>
         <input_file_ref idref="fl-72"/>
      </object_component>
      <object_component id="oc-160">
         <name>.sysmem</name>
         <uninitialized>true</uninitialized>
         <run_address>0x1100</run_address>
         <size>0x8</size>
         <input_file_ref idref="fl-6b"/>
      </object_component>
      <object_component id="oc-6fc">
         <name>.sysmem</name>
         <uninitialized>true</uninitialized>
         <run_address>0x1100</run_address>
         <size>0x0</size>
      </object_component>
      <object_component id="oc-15c">
         <name>.stack</name>
         <uninitialized>true</uninitialized>
         <run_address>0x30b0</run_address>
         <size>0x2</size>
         <input_file_ref idref="fl-47"/>
      </object_component>
      <object_component id="oc-6fb">
         <name>.stack</name>
         <uninitialized>true</uninitialized>
         <run_address>0x30b0</run_address>
         <size>0x0</size>
      </object_component>
      <object_component id="oc-57e">
         <name>.text:__TI_frcdivd</name>
         <load_address>0x3100</load_address>
         <run_address>0x3100</run_address>
         <size>0x478</size>
         <input_file_ref idref="fl-5b"/>
      </object_component>
      <object_component id="oc-47d">
         <name>.text:__mspabi_divull</name>
         <load_address>0x3578</load_address>
         <run_address>0x3578</run_address>
         <size>0x360</size>
         <input_file_ref idref="fl-4e"/>
      </object_component>
      <object_component id="oc-5f8">
         <name>.text:__mspabi_addd</name>
         <load_address>0x38d8</load_address>
         <run_address>0x38d8</run_address>
         <size>0x2fa</size>
         <input_file_ref idref="fl-53"/>
      </object_component>
      <object_component id="oc-28f">
         <name>.text:__TI_printfi</name>
         <load_address>0x3bd2</load_address>
         <run_address>0x3bd2</run_address>
         <size>0x288</size>
         <input_file_ref idref="fl-1e"/>
      </object_component>
      <object_component id="oc-576">
         <name>.text:__TI_frcmpyd</name>
         <load_address>0x3e5a</load_address>
         <run_address>0x3e5a</run_address>
         <size>0x286</size>
         <input_file_ref idref="fl-7b"/>
      </object_component>
      <object_component id="oc-4b7">
         <name>.text:__mspabi_mpyd</name>
         <load_address>0x40e0</load_address>
         <run_address>0x40e0</run_address>
         <size>0x26e</size>
         <input_file_ref idref="fl-5c"/>
      </object_component>
      <object_component id="oc-394">
         <name>.text:_pproc_fgea</name>
         <load_address>0x434e</load_address>
         <run_address>0x434e</run_address>
         <size>0x26e</size>
         <input_file_ref idref="fl-1e"/>
      </object_component>
      <object_component id="oc-64d">
         <name>.text:__TI_frcaddd</name>
         <load_address>0x45bc</load_address>
         <run_address>0x45bc</run_address>
         <size>0x260</size>
         <input_file_ref idref="fl-5a"/>
      </object_component>
      <object_component id="oc-2fd">
         <name>.text:_setfield</name>
         <load_address>0x481c</load_address>
         <run_address>0x481c</run_address>
         <size>0x252</size>
         <input_file_ref idref="fl-1e"/>
      </object_component>
      <object_component id="oc-4ca">
         <name>.text:acvt</name>
         <load_address>0x4a6e</load_address>
         <run_address>0x4a6e</run_address>
         <size>0x244</size>
         <input_file_ref idref="fl-1e"/>
      </object_component>
      <object_component id="oc-4bd">
         <name>.text:__mspabi_divd</name>
         <load_address>0x4cb2</load_address>
         <run_address>0x4cb2</run_address>
         <size>0x238</size>
         <input_file_ref idref="fl-55"/>
      </object_component>
      <object_component id="oc-3f4">
         <name>.text:_getarg_diouxp</name>
         <load_address>0x4eea</load_address>
         <run_address>0x4eea</run_address>
         <size>0x1ec</size>
         <input_file_ref idref="fl-1e"/>
      </object_component>
      <object_component id="oc-497">
         <name>.text:ecvt</name>
         <load_address>0x50d6</load_address>
         <run_address>0x50d6</run_address>
         <size>0x1de</size>
         <input_file_ref idref="fl-1e"/>
      </object_component>
      <object_component id="oc-4aa">
         <name>.text:fcvt</name>
         <load_address>0x52b4</load_address>
         <run_address>0x52b4</run_address>
         <size>0x1c4</size>
         <input_file_ref idref="fl-1e"/>
      </object_component>
      <object_component id="oc-41e">
         <name>.text:_pconv_e</name>
         <load_address>0x5478</load_address>
         <run_address>0x5478</run_address>
         <size>0x1a6</size>
         <input_file_ref idref="fl-1e"/>
      </object_component>
      <object_component id="oc-424">
         <name>.text:_pconv_a</name>
         <load_address>0x561e</load_address>
         <run_address>0x561e</run_address>
         <size>0x174</size>
         <input_file_ref idref="fl-1e"/>
      </object_component>
      <object_component id="oc-58d">
         <name>.text:scalbn</name>
         <load_address>0x5792</load_address>
         <run_address>0x5792</run_address>
         <size>0x16a</size>
         <input_file_ref idref="fl-24"/>
      </object_component>
      <object_component id="oc-38e">
         <name>.text:_pproc_diouxp</name>
         <load_address>0x58fc</load_address>
         <run_address>0x58fc</run_address>
         <size>0x14c</size>
         <input_file_ref idref="fl-1e"/>
      </object_component>
      <object_component id="oc-3fa">
         <name>.text:_ltostr</name>
         <load_address>0x5a48</load_address>
         <run_address>0x5a48</run_address>
         <size>0x12e</size>
         <input_file_ref idref="fl-1e"/>
      </object_component>
      <object_component id="oc-412">
         <name>.text:_pconv_g</name>
         <load_address>0x5b76</load_address>
         <run_address>0x5b76</run_address>
         <size>0xf8</size>
         <input_file_ref idref="fl-1e"/>
      </object_component>
      <object_component id="oc-2e3">
         <name>.text:fputs</name>
         <load_address>0x5c6e</load_address>
         <run_address>0x5c6e</run_address>
         <size>0xea</size>
         <input_file_ref idref="fl-20"/>
      </object_component>
      <object_component id="oc-4f1">
         <name>.text:aligned_alloc</name>
         <load_address>0x5d58</load_address>
         <run_address>0x5d58</run_address>
         <size>0xe6</size>
         <input_file_ref idref="fl-6b"/>
      </object_component>
      <object_component id="oc-2f7">
         <name>.text:_pproc_fwp</name>
         <load_address>0x5e3e</load_address>
         <run_address>0x5e3e</run_address>
         <size>0xe0</size>
         <input_file_ref idref="fl-1e"/>
      </object_component>
      <object_component id="oc-42a">
         <name>.text:__mspabi_cmpd</name>
         <load_address>0x5f1e</load_address>
         <run_address>0x5f1e</run_address>
         <size>0xdc</size>
         <input_file_ref idref="fl-54"/>
      </object_component>
      <object_component id="oc-3d9">
         <name>.text:setvbuf</name>
         <load_address>0x5ffa</load_address>
         <run_address>0x5ffa</run_address>
         <size>0xd0</size>
         <input_file_ref idref="fl-22"/>
      </object_component>
      <object_component id="oc-447">
         <name>.text:free</name>
         <load_address>0x60ca</load_address>
         <run_address>0x60ca</run_address>
         <size>0xca</size>
         <input_file_ref idref="fl-6b"/>
      </object_component>
      <object_component id="oc-237">
         <name>.text:partTwo</name>
         <load_address>0x6194</load_address>
         <run_address>0x6194</run_address>
         <size>0xca</size>
         <input_file_ref idref="fl-2"/>
      </object_component>
      <object_component id="oc-309">
         <name>.text:_pproc_wstr</name>
         <load_address>0x625e</load_address>
         <run_address>0x625e</run_address>
         <size>0xc4</size>
         <input_file_ref idref="fl-1e"/>
      </object_component>
      <object_component id="oc-686">
         <name>.text:__TI_renormd</name>
         <load_address>0x6322</load_address>
         <run_address>0x6322</run_address>
         <size>0xbe</size>
         <input_file_ref idref="fl-5e"/>
      </object_component>
      <object_component id="oc-4c4">
         <name>.text:frexp</name>
         <load_address>0x63e0</load_address>
         <run_address>0x63e0</run_address>
         <size>0xb0</size>
         <input_file_ref idref="fl-23"/>
      </object_component>
      <object_component id="oc-559">
         <name>.text:__mspabi_fltlid</name>
         <load_address>0x6490</load_address>
         <run_address>0x6490</run_address>
         <size>0xac</size>
         <input_file_ref idref="fl-59"/>
      </object_component>
      <object_component id="oc-303">
         <name>.text:_pproc_str</name>
         <load_address>0x653c</load_address>
         <run_address>0x653c</run_address>
         <size>0xac</size>
         <input_file_ref idref="fl-1e"/>
      </object_component>
      <object_component id="oc-29a">
         <name>.text:myPower</name>
         <load_address>0x65e8</load_address>
         <run_address>0x65e8</run_address>
         <size>0x9a</size>
         <input_file_ref idref="fl-2"/>
      </object_component>
      <object_component id="oc-4a3">
         <name>.text:_mcpy</name>
         <load_address>0x6682</load_address>
         <run_address>0x6682</run_address>
         <size>0x92</size>
         <input_file_ref idref="fl-1e"/>
      </object_component>
      <object_component id="oc-2ea">
         <name>.text:fputc</name>
         <load_address>0x6714</load_address>
         <run_address>0x6714</run_address>
         <size>0x90</size>
         <input_file_ref idref="fl-1f"/>
      </object_component>
      <object_component id="oc-49d">
         <name>.text:_ecpy</name>
         <load_address>0x67a4</load_address>
         <run_address>0x67a4</run_address>
         <size>0x8e</size>
         <input_file_ref idref="fl-1e"/>
      </object_component>
      <object_component id="oc-51c">
         <name>.text:HOSTlseek</name>
         <load_address>0x6832</load_address>
         <run_address>0x6832</run_address>
         <size>0x88</size>
         <input_file_ref idref="fl-7d"/>
      </object_component>
      <object_component id="oc-553">
         <name>.text:ltoa</name>
         <load_address>0x68ba</load_address>
         <run_address>0x68ba</run_address>
         <size>0x84</size>
         <input_file_ref idref="fl-67"/>
      </object_component>
      <object_component id="oc-47">
         <name>.text:decompress:lzss:__TI_decompress_lzss</name>
         <load_address>0x693e</load_address>
         <run_address>0x693e</run_address>
         <size>0x7c</size>
         <input_file_ref idref="fl-52"/>
      </object_component>
      <object_component id="oc-362">
         <name>.text:__TI_wrt_ok</name>
         <load_address>0x69ba</load_address>
         <run_address>0x69ba</run_address>
         <size>0x7a</size>
         <input_file_ref idref="fl-21"/>
      </object_component>
      <object_component id="oc-418">
         <name>.text:_pconv_f</name>
         <load_address>0x6a34</load_address>
         <run_address>0x6a34</run_address>
         <size>0x7a</size>
         <input_file_ref idref="fl-1e"/>
      </object_component>
      <object_component id="oc-4f8">
         <name>.text:__TI_closefile</name>
         <load_address>0x6aae</load_address>
         <run_address>0x6aae</run_address>
         <size>0x72</size>
         <input_file_ref idref="fl-86"/>
      </object_component>
      <object_component id="oc-54d">
         <name>.text:__mspabi_fixdli</name>
         <load_address>0x6b20</load_address>
         <run_address>0x6b20</run_address>
         <size>0x72</size>
         <input_file_ref idref="fl-57"/>
      </object_component>
      <object_component id="oc-3d3">
         <name>.text:fseek</name>
         <load_address>0x6b92</load_address>
         <run_address>0x6b92</run_address>
         <size>0x70</size>
         <input_file_ref idref="fl-76"/>
      </object_component>
      <object_component id="oc-5aa">
         <name>.text:split</name>
         <load_address>0x6c02</load_address>
         <run_address>0x6c02</run_address>
         <size>0x6e</size>
         <input_file_ref idref="fl-6b"/>
      </object_component>
      <object_component id="oc-528">
         <name>.text:HOSTrename</name>
         <load_address>0x6c70</load_address>
         <run_address>0x6c70</run_address>
         <size>0x6a</size>
         <input_file_ref idref="fl-80"/>
      </object_component>
      <object_component id="oc-504">
         <name>.text:HOSTopen</name>
         <load_address>0x6cda</load_address>
         <run_address>0x6cda</run_address>
         <size>0x66</size>
         <input_file_ref idref="fl-7e"/>
      </object_component>
      <object_component id="oc-516">
         <name>.text:HOSTwrite</name>
         <load_address>0x6d40</load_address>
         <run_address>0x6d40</run_address>
         <size>0x62</size>
         <input_file_ref idref="fl-82"/>
      </object_component>
      <object_component id="oc-36e">
         <name>.text:__TI_doflush</name>
         <load_address>0x6da2</load_address>
         <run_address>0x6da2</run_address>
         <size>0x62</size>
         <input_file_ref idref="fl-74"/>
      </object_component>
      <object_component id="oc-510">
         <name>.text:HOSTread</name>
         <load_address>0x6e04</load_address>
         <run_address>0x6e04</run_address>
         <size>0x60</size>
         <input_file_ref idref="fl-7f"/>
      </object_component>
      <object_component id="oc-5f1">
         <name>.text:l_lsr_const</name>
         <load_address>0x6e64</load_address>
         <run_address>0x6e64</run_address>
         <size>0x5c</size>
         <input_file_ref idref="fl-79"/>
      </object_component>
      <object_component id="oc-262">
         <name>.text:__TI_auto_init_nobinit_nopinit_hold_wdt:__TI_auto_init_nobinit_nopinit_hold_wdt</name>
         <load_address>0x6ec0</load_address>
         <run_address>0x6ec0</run_address>
         <size>0x58</size>
         <input_file_ref idref="fl-48"/>
      </object_component>
      <object_component id="oc-627">
         <name>.text:getdevice</name>
         <load_address>0x6f18</load_address>
         <run_address>0x6f18</run_address>
         <size>0x58</size>
         <input_file_ref idref="fl-87"/>
      </object_component>
      <object_component id="oc-3bd">
         <name>.text</name>
         <load_address>0x6f70</load_address>
         <run_address>0x6f70</run_address>
         <size>0x58</size>
         <input_file_ref idref="fl-2a"/>
      </object_component>
      <object_component id="oc-380">
         <name>.text:atoi</name>
         <load_address>0x6fc8</load_address>
         <run_address>0x6fc8</run_address>
         <size>0x52</size>
         <input_file_ref idref="fl-63"/>
      </object_component>
      <object_component id="oc-4b0">
         <name>.text:_fcpy</name>
         <load_address>0x701a</load_address>
         <run_address>0x701a</run_address>
         <size>0x4e</size>
         <input_file_ref idref="fl-1e"/>
      </object_component>
      <object_component id="oc-168">
         <name>.text</name>
         <load_address>0x7068</load_address>
         <run_address>0x7068</run_address>
         <size>0x4c</size>
         <input_file_ref idref="fl-3f"/>
      </object_component>
      <object_component id="oc-5b1">
         <name>.text:close</name>
         <load_address>0x70b4</load_address>
         <run_address>0x70b4</run_address>
         <size>0x4a</size>
         <input_file_ref idref="fl-8c"/>
      </object_component>
      <object_component id="oc-488">
         <name>.text:__mspabi_srlll</name>
         <load_address>0x70fe</load_address>
         <run_address>0x70fe</run_address>
         <size>0x46</size>
         <input_file_ref idref="fl-4d"/>
      </object_component>
      <object_component id="oc-231">
         <name>.text:partOne</name>
         <load_address>0x7144</load_address>
         <run_address>0x7144</run_address>
         <size>0x46</size>
         <input_file_ref idref="fl-2"/>
      </object_component>
      <object_component id="oc-50a">
         <name>.text:HOSTclose</name>
         <load_address>0x718a</load_address>
         <run_address>0x718a</run_address>
         <size>0x44</size>
         <input_file_ref idref="fl-7c"/>
      </object_component>
      <object_component id="oc-532">
         <name>.text:__mspabi_sllll</name>
         <load_address>0x71ce</load_address>
         <run_address>0x71ce</run_address>
         <size>0x44</size>
         <input_file_ref idref="fl-7a"/>
      </object_component>
      <object_component id="oc-244">
         <name>.text:exit</name>
         <load_address>0x7212</load_address>
         <run_address>0x7212</run_address>
         <size>0x44</size>
         <input_file_ref idref="fl-60"/>
      </object_component>
      <object_component id="oc-522">
         <name>.text:HOSTunlink</name>
         <load_address>0x7256</load_address>
         <run_address>0x7256</run_address>
         <size>0x40</size>
         <input_file_ref idref="fl-81"/>
      </object_component>
      <object_component id="oc-324">
         <name>.text</name>
         <load_address>0x7296</load_address>
         <run_address>0x7296</run_address>
         <size>0x40</size>
         <input_file_ref idref="fl-29"/>
      </object_component>
      <object_component id="oc-601">
         <name>.text:l_asr_const</name>
         <load_address>0x72d6</load_address>
         <run_address>0x72d6</run_address>
         <size>0x3e</size>
         <input_file_ref idref="fl-77"/>
      </object_component>
      <object_component id="oc-5d8">
         <name>.text:l_lsl_const</name>
         <load_address>0x7314</load_address>
         <run_address>0x7314</run_address>
         <size>0x3e</size>
         <input_file_ref idref="fl-78"/>
      </object_component>
      <object_component id="oc-22b">
         <name>.text:printf</name>
         <load_address>0x7352</load_address>
         <run_address>0x7352</run_address>
         <size>0x3c</size>
         <input_file_ref idref="fl-1d"/>
      </object_component>
      <object_component id="oc-453">
         <name>.text:__TI_cleanup</name>
         <load_address>0x738e</load_address>
         <run_address>0x738e</run_address>
         <size>0x34</size>
         <input_file_ref idref="fl-75"/>
      </object_component>
      <object_component id="oc-667">
         <name>.text:finddevice</name>
         <load_address>0x73c2</load_address>
         <run_address>0x73c2</run_address>
         <size>0x34</size>
         <input_file_ref idref="fl-87"/>
      </object_component>
      <object_component id="oc-5c5">
         <name>.text:__TI_writemsg</name>
         <load_address>0x73f6</load_address>
         <run_address>0x73f6</run_address>
         <size>0x2e</size>
         <input_file_ref idref="fl-83"/>
      </object_component>
      <object_component id="oc-55f">
         <name>.text:__mspabi_subd</name>
         <load_address>0x7424</load_address>
         <run_address>0x7424</run_address>
         <size>0x2e</size>
         <input_file_ref idref="fl-5f"/>
      </object_component>
      <object_component id="oc-615">
         <name>.text:copysign</name>
         <load_address>0x7452</load_address>
         <run_address>0x7452</run_address>
         <size>0x2e</size>
         <input_file_ref idref="fl-26"/>
      </object_component>
      <object_component id="oc-329">
         <name>.text</name>
         <load_address>0x7480</load_address>
         <run_address>0x7480</run_address>
         <size>0x2e</size>
         <input_file_ref idref="fl-44"/>
      </object_component>
      <object_component id="oc-5cb">
         <name>.text:__TI_readmsg</name>
         <load_address>0x74ae</load_address>
         <run_address>0x74ae</run_address>
         <size>0x2c</size>
         <input_file_ref idref="fl-83"/>
      </object_component>
      <object_component id="oc-540">
         <name>.text</name>
         <load_address>0x74da</load_address>
         <run_address>0x74da</run_address>
         <size>0x2c</size>
         <input_file_ref idref="fl-27"/>
      </object_component>
      <object_component id="oc-163">
         <name>.text</name>
         <load_address>0x7506</load_address>
         <run_address>0x7506</run_address>
         <size>0x2c</size>
         <input_file_ref idref="fl-3e"/>
      </object_component>
      <object_component id="oc-661">
         <name>.text:strncpy</name>
         <load_address>0x7532</load_address>
         <run_address>0x7532</run_address>
         <size>0x2c</size>
         <input_file_ref idref="fl-8a"/>
      </object_component>
      <object_component id="oc-40c">
         <name>.text:__mspabi_negd</name>
         <load_address>0x755e</load_address>
         <run_address>0x755e</run_address>
         <size>0x2a</size>
         <input_file_ref idref="fl-5d"/>
      </object_component>
      <object_component id="oc-1f6">
         <name>.text:main</name>
         <load_address>0x7588</load_address>
         <run_address>0x7588</run_address>
         <size>0x2a</size>
         <input_file_ref idref="fl-2"/>
      </object_component>
      <object_component id="oc-565">
         <name>.text:__mspabi_fixdi</name>
         <load_address>0x75b2</load_address>
         <run_address>0x75b2</run_address>
         <size>0x28</size>
         <input_file_ref idref="fl-56"/>
      </object_component>
      <object_component id="oc-4ea">
         <name>.text:free_list_insert</name>
         <load_address>0x75da</load_address>
         <run_address>0x75da</run_address>
         <size>0x28</size>
         <input_file_ref idref="fl-6b"/>
      </object_component>
      <object_component id="oc-5b8">
         <name>.text:unlink</name>
         <load_address>0x7602</load_address>
         <run_address>0x7602</run_address>
         <size>0x28</size>
         <input_file_ref idref="fl-8d"/>
      </object_component>
      <object_component id="oc-43f">
         <name>.text:lseek</name>
         <load_address>0x762a</load_address>
         <run_address>0x762a</run_address>
         <size>0x26</size>
         <input_file_ref idref="fl-85"/>
      </object_component>
      <object_component id="oc-374">
         <name>.text:write</name>
         <load_address>0x7650</load_address>
         <run_address>0x7650</run_address>
         <size>0x24</size>
         <input_file_ref idref="fl-71"/>
      </object_component>
      <object_component id="oc-1a1">
         <name>.text:_c_int00_noargs</name>
         <load_address>0x7674</load_address>
         <run_address>0x7674</run_address>
         <size>0x1c</size>
         <input_file_ref idref="fl-47"/>
      </object_component>
      <object_component id="oc-4e4">
         <name>.text:free_list_remove</name>
         <load_address>0x7690</load_address>
         <run_address>0x7690</run_address>
         <size>0x1c</size>
         <input_file_ref idref="fl-6b"/>
      </object_component>
      <object_component id="oc-39a">
         <name>.text:memccpy</name>
         <load_address>0x76ac</load_address>
         <run_address>0x76ac</run_address>
         <size>0x1a</size>
         <input_file_ref idref="fl-68"/>
      </object_component>
      <object_component id="oc-593">
         <name>.text:strchr</name>
         <load_address>0x76c6</load_address>
         <run_address>0x76c6</run_address>
         <size>0x1a</size>
         <input_file_ref idref="fl-6d"/>
      </object_component>
      <object_component id="oc-692">
         <name>.text:strcmp</name>
         <load_address>0x76e0</load_address>
         <run_address>0x76e0</run_address>
         <size>0x18</size>
         <input_file_ref idref="fl-88"/>
      </object_component>
      <object_component id="oc-483">
         <name>.text</name>
         <load_address>0x76f8</load_address>
         <run_address>0x76f8</run_address>
         <size>0x16</size>
         <input_file_ref idref="fl-28"/>
      </object_component>
      <object_component id="oc-18f">
         <name>.text:decompress:ZI:__TI_zero_init_nomemset:__TI_zero_init_nomemset</name>
         <load_address>0x770e</load_address>
         <run_address>0x770e</run_address>
         <size>0x14</size>
         <input_file_ref idref="fl-49"/>
      </object_component>
      <object_component id="oc-368">
         <name>.text:memchr</name>
         <load_address>0x7722</load_address>
         <run_address>0x7722</run_address>
         <size>0x14</size>
         <input_file_ref idref="fl-69"/>
      </object_component>
      <object_component id="oc-387">
         <name>.text:memset</name>
         <load_address>0x7736</load_address>
         <run_address>0x7736</run_address>
         <size>0x14</size>
         <input_file_ref idref="fl-6c"/>
      </object_component>
      <object_component id="oc-351">
         <name>.text</name>
         <load_address>0x774a</load_address>
         <run_address>0x774a</run_address>
         <size>0x14</size>
         <input_file_ref idref="fl-41"/>
      </object_component>
      <object_component id="oc-3a2">
         <name>.text:wcslen</name>
         <load_address>0x775e</load_address>
         <run_address>0x775e</run_address>
         <size>0x14</size>
         <input_file_ref idref="fl-25"/>
      </object_component>
      <object_component id="oc-4d">
         <name>.text:decompress:none:__TI_decompress_none</name>
         <load_address>0x7772</load_address>
         <run_address>0x7772</run_address>
         <size>0x12</size>
         <input_file_ref idref="fl-51"/>
      </object_component>
      <object_component id="oc-538">
         <name>.text:l_lsr</name>
         <load_address>0x7784</load_address>
         <run_address>0x7784</run_address>
         <size>0x12</size>
         <input_file_ref idref="fl-79"/>
      </object_component>
      <object_component id="oc-17d">
         <name>.text:memcpy</name>
         <load_address>0x7796</load_address>
         <run_address>0x7796</run_address>
         <size>0x12</size>
         <input_file_ref idref="fl-6a"/>
      </object_component>
      <object_component id="oc-681">
         <name>.text:l_asr</name>
         <load_address>0x77a8</load_address>
         <run_address>0x77a8</run_address>
         <size>0x10</size>
         <input_file_ref idref="fl-77"/>
      </object_component>
      <object_component id="oc-67c">
         <name>.text:l_lsl</name>
         <load_address>0x77b8</load_address>
         <run_address>0x77b8</run_address>
         <size>0x10</size>
         <input_file_ref idref="fl-78"/>
      </object_component>
      <object_component id="oc-16d">
         <name>.text</name>
         <load_address>0x77c8</load_address>
         <run_address>0x77c8</run_address>
         <size>0x10</size>
         <input_file_ref idref="fl-2b"/>
      </object_component>
      <object_component id="oc-5e1">
         <name>.text:strcpy</name>
         <load_address>0x77d8</load_address>
         <run_address>0x77d8</run_address>
         <size>0x10</size>
         <input_file_ref idref="fl-89"/>
      </object_component>
      <object_component id="oc-2f1">
         <name>.text:strlen</name>
         <load_address>0x77e8</load_address>
         <run_address>0x77e8</run_address>
         <size>0xe</size>
         <input_file_ref idref="fl-6e"/>
      </object_component>
      <object_component id="oc-599">
         <name>.text:__mspabi_fltid</name>
         <load_address>0x77f6</load_address>
         <run_address>0x77f6</run_address>
         <size>0xc</size>
         <input_file_ref idref="fl-58"/>
      </object_component>
      <object_component id="oc-406">
         <name>.text:toupper</name>
         <load_address>0x7802</load_address>
         <run_address>0x7802</run_address>
         <size>0xc</size>
         <input_file_ref idref="fl-6f"/>
      </object_component>
      <object_component id="oc-56c">
         <name>.text:abs</name>
         <load_address>0x780e</load_address>
         <run_address>0x780e</run_address>
         <size>0xa</size>
         <input_file_ref idref="fl-73"/>
      </object_component>
      <object_component id="oc-2a2">
         <name>.text:isalnum</name>
         <load_address>0x7818</load_address>
         <run_address>0x7818</run_address>
         <size>0xa</size>
         <input_file_ref idref="fl-66"/>
      </object_component>
      <object_component id="oc-44d">
         <name>.text:malloc</name>
         <load_address>0x7822</load_address>
         <run_address>0x7822</run_address>
         <size>0x8</size>
         <input_file_ref idref="fl-6b"/>
      </object_component>
      <object_component id="oc-289">
         <name>.text:_outc</name>
         <load_address>0x782a</load_address>
         <run_address>0x782a</run_address>
         <size>0x6</size>
         <input_file_ref idref="fl-1d"/>
      </object_component>
      <object_component id="oc-23e">
         <name>.text:abort</name>
         <load_address>0x7830</load_address>
         <run_address>0x7830</run_address>
         <size>0x6</size>
         <input_file_ref idref="fl-60"/>
      </object_component>
      <object_component id="oc-283">
         <name>.text:_outs</name>
         <load_address>0x7836</load_address>
         <run_address>0x7836</run_address>
         <size>0x4</size>
         <input_file_ref idref="fl-1d"/>
      </object_component>
      <object_component id="oc-1f0">
         <name>.text:_system_pre_init</name>
         <load_address>0x783a</load_address>
         <run_address>0x783a</run_address>
         <size>0x4</size>
         <input_file_ref idref="fl-4f"/>
      </object_component>
      <object_component id="oc-2d6">
         <name>.text:_nop</name>
         <load_address>0x783e</load_address>
         <run_address>0x783e</run_address>
         <size>0x2</size>
         <input_file_ref idref="fl-61"/>
      </object_component>
      <object_component id="oc-2b5">
         <name>.text:_system_post_cinit</name>
         <load_address>0x7840</load_address>
         <run_address>0x7840</run_address>
         <size>0x2</size>
         <input_file_ref idref="fl-50"/>
      </object_component>
      <object_component id="oc-18a">
         <name>.text:_isr:__TI_ISR_TRAP</name>
         <load_address>0x7a22</load_address>
         <run_address>0x7a22</run_address>
         <size>0x8</size>
         <input_file_ref idref="fl-3d"/>
      </object_component>
      <object_component id="oc-6fa">
         <name>.cinit..data.load</name>
         <load_address>0x7a2a</load_address>
         <run_address>0x7a2a</run_address>
         <size>0x44</size>
      </object_component>
      <object_component id="oc-6f7">
         <name>__TI_handler_table</name>
         <load_address>0x7a6e</load_address>
         <run_address>0x7a6e</run_address>
         <size>0x6</size>
      </object_component>
      <object_component id="oc-6f9">
         <name>.cinit..bss.load</name>
         <load_address>0x7a74</load_address>
         <run_address>0x7a74</run_address>
         <size>0x4</size>
      </object_component>
      <object_component id="oc-6f8">
         <name>__TI_cinit_table</name>
         <load_address>0x7a78</load_address>
         <run_address>0x7a78</run_address>
         <size>0x8</size>
      </object_component>
      <object_component id="oc-336">
         <name>.const:.string:_ctypes_</name>
         <load_address>0x7842</load_address>
         <run_address>0x7842</run_address>
         <size>0x101</size>
         <input_file_ref idref="fl-64"/>
      </object_component>
      <object_component id="oc-22a">
         <name>.const:.string</name>
         <load_address>0x7944</load_address>
         <run_address>0x7944</run_address>
         <size>0xb8</size>
         <input_file_ref idref="fl-2"/>
      </object_component>
      <object_component id="oc-38d">
         <name>.const:.string</name>
         <load_address>0x79fc</load_address>
         <run_address>0x79fc</run_address>
         <size>0x26</size>
         <input_file_ref idref="fl-1e"/>
      </object_component>
      <object_component id="oc-633">
         <name>.cio</name>
         <uninitialized>true</uninitialized>
         <run_address>0x122c</run_address>
         <size>0x120</size>
         <input_file_ref idref="fl-83"/>
      </object_component>
      <object_component id="oc-6aa">
         <name>.binit</name>
         <load_address>0x3100</load_address>
         <run_address>0x3100</run_address>
         <size>0x0</size>
      </object_component>
      <object_component id="oc-53">
         <name>.int14</name>
         <load_address>0xffdc</load_address>
         <run_address>0xffdc</run_address>
         <size>0x2</size>
         <input_file_ref idref="fl-2c"/>
      </object_component>
      <object_component id="oc-54">
         <name>.int15</name>
         <load_address>0xffde</load_address>
         <run_address>0xffde</run_address>
         <size>0x2</size>
         <input_file_ref idref="fl-2d"/>
      </object_component>
      <object_component id="oc-55">
         <name>.int16</name>
         <load_address>0xffe0</load_address>
         <run_address>0xffe0</run_address>
         <size>0x2</size>
         <input_file_ref idref="fl-2e"/>
      </object_component>
      <object_component id="oc-56">
         <name>.int17</name>
         <load_address>0xffe2</load_address>
         <run_address>0xffe2</run_address>
         <size>0x2</size>
         <input_file_ref idref="fl-2f"/>
      </object_component>
      <object_component id="oc-57">
         <name>.int18</name>
         <load_address>0xffe4</load_address>
         <run_address>0xffe4</run_address>
         <size>0x2</size>
         <input_file_ref idref="fl-30"/>
      </object_component>
      <object_component id="oc-58">
         <name>.int19</name>
         <load_address>0xffe6</load_address>
         <run_address>0xffe6</run_address>
         <size>0x2</size>
         <input_file_ref idref="fl-31"/>
      </object_component>
      <object_component id="oc-59">
         <name>.int20</name>
         <load_address>0xffe8</load_address>
         <run_address>0xffe8</run_address>
         <size>0x2</size>
         <input_file_ref idref="fl-32"/>
      </object_component>
      <object_component id="oc-5a">
         <name>.int21</name>
         <load_address>0xffea</load_address>
         <run_address>0xffea</run_address>
         <size>0x2</size>
         <input_file_ref idref="fl-33"/>
      </object_component>
      <object_component id="oc-5b">
         <name>.int22</name>
         <load_address>0xffec</load_address>
         <run_address>0xffec</run_address>
         <size>0x2</size>
         <input_file_ref idref="fl-34"/>
      </object_component>
      <object_component id="oc-5c">
         <name>.int23</name>
         <load_address>0xffee</load_address>
         <run_address>0xffee</run_address>
         <size>0x2</size>
         <input_file_ref idref="fl-35"/>
      </object_component>
      <object_component id="oc-5d">
         <name>.int24</name>
         <load_address>0xfff0</load_address>
         <run_address>0xfff0</run_address>
         <size>0x2</size>
         <input_file_ref idref="fl-36"/>
      </object_component>
      <object_component id="oc-5e">
         <name>.int25</name>
         <load_address>0xfff2</load_address>
         <run_address>0xfff2</run_address>
         <size>0x2</size>
         <input_file_ref idref="fl-37"/>
      </object_component>
      <object_component id="oc-5f">
         <name>.int26</name>
         <load_address>0xfff4</load_address>
         <run_address>0xfff4</run_address>
         <size>0x2</size>
         <input_file_ref idref="fl-38"/>
      </object_component>
      <object_component id="oc-60">
         <name>.int27</name>
         <load_address>0xfff6</load_address>
         <run_address>0xfff6</run_address>
         <size>0x2</size>
         <input_file_ref idref="fl-39"/>
      </object_component>
      <object_component id="oc-61">
         <name>.int28</name>
         <load_address>0xfff8</load_address>
         <run_address>0xfff8</run_address>
         <size>0x2</size>
         <input_file_ref idref="fl-3a"/>
      </object_component>
      <object_component id="oc-62">
         <name>.int29</name>
         <load_address>0xfffa</load_address>
         <run_address>0xfffa</run_address>
         <size>0x2</size>
         <input_file_ref idref="fl-3b"/>
      </object_component>
      <object_component id="oc-63">
         <name>.int30</name>
         <load_address>0xfffc</load_address>
         <run_address>0xfffc</run_address>
         <size>0x2</size>
         <input_file_ref idref="fl-3c"/>
      </object_component>
      <object_component id="oc-15f">
         <name>.reset</name>
         <load_address>0xfffe</load_address>
         <run_address>0xfffe</run_address>
         <size>0x2</size>
         <input_file_ref idref="fl-47"/>
      </object_component>
      <object_component id="oc-2a1">
         <name>.debug_info</name>
         <load_address>0x0</load_address>
         <run_address>0x0</run_address>
         <size>0x1bb</size>
         <input_file_ref idref="fl-2"/>
      </object_component>
      <object_component id="oc-1f7">
         <name>.debug_info</name>
         <load_address>0x1bb</load_address>
         <run_address>0x1bb</run_address>
         <size>0x12c</size>
         <input_file_ref idref="fl-2"/>
      </object_component>
      <object_component id="oc-232">
         <name>.debug_info</name>
         <load_address>0x2e7</load_address>
         <run_address>0x2e7</run_address>
         <size>0x137</size>
         <input_file_ref idref="fl-2"/>
      </object_component>
      <object_component id="oc-238">
         <name>.debug_info</name>
         <load_address>0x41e</load_address>
         <run_address>0x41e</run_address>
         <size>0x185</size>
         <input_file_ref idref="fl-2"/>
      </object_component>
      <object_component id="oc-29b">
         <name>.debug_info</name>
         <load_address>0x5a3</load_address>
         <run_address>0x5a3</run_address>
         <size>0x203</size>
         <input_file_ref idref="fl-2"/>
      </object_component>
      <object_component id="oc-331">
         <name>.debug_info</name>
         <load_address>0x7a6</load_address>
         <run_address>0x7a6</run_address>
         <size>0x26b</size>
         <input_file_ref idref="fl-2"/>
      </object_component>
      <object_component id="oc-178">
         <name>.debug_info</name>
         <load_address>0xa11</load_address>
         <run_address>0xa11</run_address>
         <size>0x84</size>
         <input_file_ref idref="fl-2"/>
      </object_component>
      <object_component id="oc-3b8">
         <name>.debug_info</name>
         <load_address>0xa95</load_address>
         <run_address>0xa95</run_address>
         <size>0x275</size>
         <input_file_ref idref="fl-2"/>
      </object_component>
      <object_component id="oc-311">
         <name>.debug_info</name>
         <load_address>0xd0a</load_address>
         <run_address>0xd0a</run_address>
         <size>0x2c</size>
         <input_file_ref idref="fl-2"/>
      </object_component>
      <object_component id="oc-299">
         <name>.debug_info</name>
         <load_address>0xd36</load_address>
         <run_address>0xd36</run_address>
         <size>0x2c1</size>
         <input_file_ref idref="fl-1d"/>
      </object_component>
      <object_component id="oc-28c">
         <name>.debug_info</name>
         <load_address>0xff7</load_address>
         <run_address>0xff7</run_address>
         <size>0x166</size>
         <input_file_ref idref="fl-1d"/>
      </object_component>
      <object_component id="oc-286">
         <name>.debug_info</name>
         <load_address>0x115d</load_address>
         <run_address>0x115d</run_address>
         <size>0x16a</size>
         <input_file_ref idref="fl-1d"/>
      </object_component>
      <object_component id="oc-22c">
         <name>.debug_info</name>
         <load_address>0x12c7</load_address>
         <run_address>0x12c7</run_address>
         <size>0x188</size>
         <input_file_ref idref="fl-1d"/>
      </object_component>
      <object_component id="oc-31f">
         <name>.debug_info</name>
         <load_address>0x144f</load_address>
         <run_address>0x144f</run_address>
         <size>0xb2</size>
         <input_file_ref idref="fl-1d"/>
      </object_component>
      <object_component id="oc-310">
         <name>.debug_info</name>
         <load_address>0x1501</load_address>
         <run_address>0x1501</run_address>
         <size>0x428</size>
         <input_file_ref idref="fl-1e"/>
      </object_component>
      <object_component id="oc-2f8">
         <name>.debug_info</name>
         <load_address>0x1929</load_address>
         <run_address>0x1929</run_address>
         <size>0x232</size>
         <input_file_ref idref="fl-1e"/>
      </object_component>
      <object_component id="oc-3f5">
         <name>.debug_info</name>
         <load_address>0x1b5b</load_address>
         <run_address>0x1b5b</run_address>
         <size>0x1b7</size>
         <input_file_ref idref="fl-1e"/>
      </object_component>
      <object_component id="oc-3fb">
         <name>.debug_info</name>
         <load_address>0x1d12</load_address>
         <run_address>0x1d12</run_address>
         <size>0x28b</size>
         <input_file_ref idref="fl-1e"/>
      </object_component>
      <object_component id="oc-38f">
         <name>.debug_info</name>
         <load_address>0x1f9d</load_address>
         <run_address>0x1f9d</run_address>
         <size>0x24f</size>
         <input_file_ref idref="fl-1e"/>
      </object_component>
      <object_component id="oc-498">
         <name>.debug_info</name>
         <load_address>0x21ec</load_address>
         <run_address>0x21ec</run_address>
         <size>0x3cf</size>
         <input_file_ref idref="fl-1e"/>
      </object_component>
      <object_component id="oc-49e">
         <name>.debug_info</name>
         <load_address>0x25bb</load_address>
         <run_address>0x25bb</run_address>
         <size>0x1c1</size>
         <input_file_ref idref="fl-1e"/>
      </object_component>
      <object_component id="oc-4a4">
         <name>.debug_info</name>
         <load_address>0x277c</load_address>
         <run_address>0x277c</run_address>
         <size>0x21f</size>
         <input_file_ref idref="fl-1e"/>
      </object_component>
      <object_component id="oc-413">
         <name>.debug_info</name>
         <load_address>0x299b</load_address>
         <run_address>0x299b</run_address>
         <size>0x271</size>
         <input_file_ref idref="fl-1e"/>
      </object_component>
      <object_component id="oc-4ab">
         <name>.debug_info</name>
         <load_address>0x2c0c</load_address>
         <run_address>0x2c0c</run_address>
         <size>0x3e6</size>
         <input_file_ref idref="fl-1e"/>
      </object_component>
      <object_component id="oc-4b1">
         <name>.debug_info</name>
         <load_address>0x2ff2</load_address>
         <run_address>0x2ff2</run_address>
         <size>0x20a</size>
         <input_file_ref idref="fl-1e"/>
      </object_component>
      <object_component id="oc-419">
         <name>.debug_info</name>
         <load_address>0x31fc</load_address>
         <run_address>0x31fc</run_address>
         <size>0x236</size>
         <input_file_ref idref="fl-1e"/>
      </object_component>
      <object_component id="oc-41f">
         <name>.debug_info</name>
         <load_address>0x3432</load_address>
         <run_address>0x3432</run_address>
         <size>0x37a</size>
         <input_file_ref idref="fl-1e"/>
      </object_component>
      <object_component id="oc-4cb">
         <name>.debug_info</name>
         <load_address>0x37ac</load_address>
         <run_address>0x37ac</run_address>
         <size>0x45d</size>
         <input_file_ref idref="fl-1e"/>
      </object_component>
      <object_component id="oc-425">
         <name>.debug_info</name>
         <load_address>0x3c09</load_address>
         <run_address>0x3c09</run_address>
         <size>0x284</size>
         <input_file_ref idref="fl-1e"/>
      </object_component>
      <object_component id="oc-395">
         <name>.debug_info</name>
         <load_address>0x3e8d</load_address>
         <run_address>0x3e8d</run_address>
         <size>0x399</size>
         <input_file_ref idref="fl-1e"/>
      </object_component>
      <object_component id="oc-2fe">
         <name>.debug_info</name>
         <load_address>0x4226</load_address>
         <run_address>0x4226</run_address>
         <size>0x309</size>
         <input_file_ref idref="fl-1e"/>
      </object_component>
      <object_component id="oc-304">
         <name>.debug_info</name>
         <load_address>0x452f</load_address>
         <run_address>0x452f</run_address>
         <size>0x271</size>
         <input_file_ref idref="fl-1e"/>
      </object_component>
      <object_component id="oc-30a">
         <name>.debug_info</name>
         <load_address>0x47a0</load_address>
         <run_address>0x47a0</run_address>
         <size>0x26e</size>
         <input_file_ref idref="fl-1e"/>
      </object_component>
      <object_component id="oc-290">
         <name>.debug_info</name>
         <load_address>0x4a0e</load_address>
         <run_address>0x4a0e</run_address>
         <size>0x34b</size>
         <input_file_ref idref="fl-1e"/>
      </object_component>
      <object_component id="oc-316">
         <name>.debug_info</name>
         <load_address>0x4d59</load_address>
         <run_address>0x4d59</run_address>
         <size>0x86</size>
         <input_file_ref idref="fl-1e"/>
      </object_component>
      <object_component id="oc-3b3">
         <name>.debug_info</name>
         <load_address>0x4ddf</load_address>
         <run_address>0x4ddf</run_address>
         <size>0x39</size>
         <input_file_ref idref="fl-1e"/>
      </object_component>
      <object_component id="oc-546">
         <name>.debug_info</name>
         <load_address>0x4e18</load_address>
         <run_address>0x4e18</run_address>
         <size>0x94</size>
         <input_file_ref idref="fl-1e"/>
      </object_component>
      <object_component id="oc-48f">
         <name>.debug_info</name>
         <load_address>0x4eac</load_address>
         <run_address>0x4eac</run_address>
         <size>0x46</size>
         <input_file_ref idref="fl-1e"/>
      </object_component>
      <object_component id="oc-401">
         <name>.debug_info</name>
         <load_address>0x4ef2</load_address>
         <run_address>0x4ef2</run_address>
         <size>0x46</size>
         <input_file_ref idref="fl-1e"/>
      </object_component>
      <object_component id="oc-3ae">
         <name>.debug_info</name>
         <load_address>0x4f38</load_address>
         <run_address>0x4f38</run_address>
         <size>0x2c</size>
         <input_file_ref idref="fl-1e"/>
      </object_component>
      <object_component id="oc-37d">
         <name>.debug_info</name>
         <load_address>0x4f64</load_address>
         <run_address>0x4f64</run_address>
         <size>0x25f</size>
         <input_file_ref idref="fl-1f"/>
      </object_component>
      <object_component id="oc-2ee">
         <name>.debug_info</name>
         <load_address>0x51c3</load_address>
         <run_address>0x51c3</run_address>
         <size>0x1d4</size>
         <input_file_ref idref="fl-1f"/>
      </object_component>
      <object_component id="oc-37b">
         <name>.debug_info</name>
         <load_address>0x5397</load_address>
         <run_address>0x5397</run_address>
         <size>0x2d8</size>
         <input_file_ref idref="fl-20"/>
      </object_component>
      <object_component id="oc-2e5">
         <name>.debug_info</name>
         <load_address>0x566f</load_address>
         <run_address>0x566f</run_address>
         <size>0x2cb</size>
         <input_file_ref idref="fl-20"/>
      </object_component>
      <object_component id="oc-1db">
         <name>.debug_info</name>
         <load_address>0x593a</load_address>
         <run_address>0x593a</run_address>
         <size>0x2c</size>
         <input_file_ref idref="fl-20"/>
      </object_component>
[...]
         <name>__TI_zero_init_nomemset</name>
         <value>0x770e</value>
         <object_component_ref idref="oc-18f"/>
      </symbol>
      <symbol id="sm-55d">
         <name>__TI_dtors_ptr</name>
         <value>0x143c</value>
         <object_component_ref idref="oc-2ad"/>
      </symbol>
      <symbol id="sm-55e">
         <name>__TI_cleanup_ptr</name>
         <value>0x143a</value>
         <object_component_ref idref="oc-2b0"/>
      </symbol>
      <symbol id="sm-56d">
         <name>__mspabi_srlll</name>
         <value>0x70fe</value>
         <object_component_ref idref="oc-488"/>
      </symbol>
      <symbol id="sm-5a0">
         <name>__mspabi_divull</name>
         <value>0x3578</value>
         <object_component_ref idref="oc-47d"/>
      </symbol>
      <symbol id="sm-5a9">
         <name>_system_pre_init</name>
         <value>0x783a</value>
         <object_component_ref idref="oc-1f0"/>
      </symbol>
      <symbol id="sm-5b2">
         <name>_system_post_cinit</name>
         <value>0x7840</value>
         <object_component_ref idref="oc-2b5"/>
      </symbol>
      <symbol id="sm-5c8">
         <name>__TI_decompress_none</name>
         <value>0x7772</value>
         <object_component_ref idref="oc-4d"/>
      </symbol>
      <symbol id="sm-5eb">
         <name>__TI_decompress_lzss</name>
         <value>0x693e</value>
         <object_component_ref idref="oc-47"/>
      </symbol>
      <symbol id="sm-612">
         <name>__mspabi_addd</name>
         <value>0x38d8</value>
         <object_component_ref idref="oc-5f8"/>
      </symbol>
      <symbol id="sm-62c">
         <name>__mspabi_cmpd</name>
         <value>0x5f1e</value>
         <object_component_ref idref="oc-42a"/>
      </symbol>
      <symbol id="sm-64d">
         <name>__mspabi_divd</name>
         <value>0x4cb2</value>
         <object_component_ref idref="oc-4bd"/>
      </symbol>
      <symbol id="sm-65a">
         <name>__mspabi_fixdi</name>
         <value>0x75b2</value>
         <object_component_ref idref="oc-565"/>
      </symbol>
      <symbol id="sm-669">
         <name>__mspabi_fixdli</name>
         <value>0x6b20</value>
         <object_component_ref idref="oc-54d"/>
      </symbol>
      <symbol id="sm-672">
         <name>__mspabi_fltid</name>
         <value>0x77f6</value>
         <object_component_ref idref="oc-599"/>
      </symbol>
      <symbol id="sm-689">
         <name>__mspabi_fltlid</name>
         <value>0x6490</value>
         <object_component_ref idref="oc-559"/>
      </symbol>
      <symbol id="sm-6aa">
         <name>__TI_frcaddd</name>
         <value>0x45bc</value>
         <object_component_ref idref="oc-64d"/>
      </symbol>
      <symbol id="sm-6c5">
         <name>__TI_frcdivd</name>
         <value>0x3100</value>
         <object_component_ref idref="oc-57e"/>
      </symbol>
      <symbol id="sm-6e7">
         <name>__mspabi_mpyd</name>
         <value>0x40e0</value>
         <object_component_ref idref="oc-4b7"/>
      </symbol>
      <symbol id="sm-6f0">
         <name>__mspabi_negd</name>
         <value>0x755e</value>
         <object_component_ref idref="oc-40c"/>
      </symbol>
      <symbol id="sm-703">
         <name>__TI_renormd</name>
         <value>0x6322</value>
         <object_component_ref idref="oc-686"/>
      </symbol>
      <symbol id="sm-70c">
         <name>__mspabi_subd</name>
         <value>0x7424</value>
         <object_component_ref idref="oc-55f"/>
      </symbol>
      <symbol id="sm-729">
         <name>C$$EXIT</name>
         <value>0x7830</value>
         <object_component_ref idref="oc-23e"/>
      </symbol>
      <symbol id="sm-72a">
         <name>abort</name>
         <value>0x7830</value>
         <object_component_ref idref="oc-23e"/>
      </symbol>
      <symbol id="sm-72b">
         <name>__TI_enable_exit_profile_output</name>
         <value>0x1446</value>
         <object_component_ref idref="oc-2aa"/>
      </symbol>
      <symbol id="sm-72c">
         <name>exit</name>
         <value>0x7212</value>
         <object_component_ref idref="oc-244"/>
      </symbol>
      <symbol id="sm-742">
         <name>_nop</name>
         <value>0x783e</value>
         <object_component_ref idref="oc-2d6"/>
      </symbol>
      <symbol id="sm-743">
         <name>_lock</name>
         <value>0x143e</value>
         <object_component_ref idref="oc-27d"/>
      </symbol>
      <symbol id="sm-744">
         <name>_unlock</name>
         <value>0x1440</value>
         <object_component_ref idref="oc-295"/>
      </symbol>
      <symbol id="sm-758">
         <name>atoi</name>
         <value>0x6fc8</value>
         <object_component_ref idref="oc-380"/>
      </symbol>
      <symbol id="sm-762">
         <name>_ctypes_</name>
         <value>0x7842</value>
         <object_component_ref idref="oc-336"/>
      </symbol>
      <symbol id="sm-772">
         <name>__TI_tmpnams</name>
         <value>0x144a</value>
      </symbol>
      <symbol id="sm-773">
         <name>_ftable</name>
         <value>0x134c</value>
         <object_component_ref idref="oc-280"/>
      </symbol>
      <symbol id="sm-774">
         <name>__TI_ft_end</name>
         <value>0x1442</value>
         <object_component_ref idref="oc-4fe"/>
      </symbol>
      <symbol id="sm-780">
         <name>isalnum</name>
         <value>0x7818</value>
         <object_component_ref idref="oc-2a2"/>
      </symbol>
      <symbol id="sm-78f">
         <name>ltoa</name>
         <value>0x68ba</value>
         <object_component_ref idref="oc-553"/>
      </symbol>
      <symbol id="sm-79e">
         <name>memccpy</name>
         <value>0x76ac</value>
         <object_component_ref idref="oc-39a"/>
      </symbol>
      <symbol id="sm-7ad">
         <name>memchr</name>
         <value>0x7722</value>
         <object_component_ref idref="oc-368"/>
      </symbol>
      <symbol id="sm-7bb">
         <name>memcpy</name>
         <value>0x7796</value>
         <object_component_ref idref="oc-17d"/>
      </symbol>
      <symbol id="sm-830">
         <name>_sys_memory</name>
         <value>0x1100</value>
         <object_component_ref idref="oc-160"/>
      </symbol>
      <symbol id="sm-831">
         <name>free</name>
         <value>0x60ca</value>
         <object_component_ref idref="oc-447"/>
      </symbol>
      <symbol id="sm-832">
         <name>memalign</name>
         <value>0x5d58</value>
         <object_component_ref idref="oc-4f1"/>
      </symbol>
      <symbol id="sm-833">
         <name>malloc</name>
         <value>0x7822</value>
         <object_component_ref idref="oc-44d"/>
      </symbol>
      <symbol id="sm-834">
         <name>aligned_alloc</name>
         <value>0x5d58</value>
         <object_component_ref idref="oc-4f1"/>
      </symbol>
      <symbol id="sm-842">
         <name>memset</name>
         <value>0x7736</value>
         <object_component_ref idref="oc-387"/>
      </symbol>
      <symbol id="sm-851">
         <name>strchr</name>
         <value>0x76c6</value>
         <object_component_ref idref="oc-593"/>
      </symbol>
      <symbol id="sm-85e">
         <name>strlen</name>
         <value>0x77e8</value>
         <object_component_ref idref="oc-2f1"/>
      </symbol>
      <symbol id="sm-86b">
         <name>toupper</name>
         <value>0x7802</value>
         <object_component_ref idref="oc-406"/>
      </symbol>
      <symbol id="sm-872">
         <name>errno</name>
         <value>0x1444</value>
         <object_component_ref idref="oc-3a8"/>
      </symbol>
      <symbol id="sm-889">
         <name>write</name>
         <value>0x7650</value>
         <object_component_ref idref="oc-374"/>
      </symbol>
      <symbol id="sm-898">
         <name>_stream</name>
         <value>0x1412</value>
         <object_component_ref idref="oc-3e5"/>
      </symbol>
      <symbol id="sm-899">
         <name>_device</name>
         <value>0x13c4</value>
         <object_component_ref idref="oc-466"/>
      </symbol>
      <symbol id="sm-8a3">
         <name>abs</name>
         <value>0x780e</value>
         <object_component_ref idref="oc-56c"/>
      </symbol>
      <symbol id="sm-8b4">
         <name>__TI_doflush</name>
         <value>0x6da2</value>
         <object_component_ref idref="oc-36e"/>
      </symbol>
      <symbol id="sm-8c0">
         <name>__TI_cleanup</name>
         <value>0x738e</value>
         <object_component_ref idref="oc-453"/>
      </symbol>
      <symbol id="sm-8d0">
         <name>fseek</name>
         <value>0x6b92</value>
         <object_component_ref idref="oc-3d3"/>
      </symbol>
      <symbol id="sm-8e0">
         <name>__mspabi_sral</name>
         <value>0x77a8</value>
         <object_component_ref idref="oc-681"/>
      </symbol>
      <symbol id="sm-8e1">
         <name>__mspabi_sral_15</name>
         <value>0x72d6</value>
         <object_component_ref idref="oc-601"/>
      </symbol>
      <symbol id="sm-8e2">
         <name>__mspabi_sral_14</name>
         <value>0x72da</value>
         <object_component_ref idref="oc-601"/>
      </symbol>
      <symbol id="sm-8e3">
         <name>__mspabi_sral_13</name>
         <value>0x72de</value>
         <object_component_ref idref="oc-601"/>
      </symbol>
      <symbol id="sm-8e4">
         <name>__mspabi_sral_12</name>
         <value>0x72e2</value>
         <object_component_ref idref="oc-601"/>
      </symbol>
      <symbol id="sm-8e5">
         <name>__mspabi_sral_11</name>
         <value>0x72e6</value>
         <object_component_ref idref="oc-601"/>
      </symbol>
      <symbol id="sm-8e6">
         <name>__mspabi_sral_10</name>
         <value>0x72ea</value>
         <object_component_ref idref="oc-601"/>
      </symbol>
      <symbol id="sm-8e7">
         <name>__mspabi_sral_8</name>
         <value>0x72f2</value>
         <object_component_ref idref="oc-601"/>
      </symbol>
      <symbol id="sm-8e8">
         <name>__mspabi_sral_9</name>
         <value>0x72ee</value>
         <object_component_ref idref="oc-601"/>
      </symbol>
      <symbol id="sm-8e9">
         <name>__mspabi_sral_6</name>
         <value>0x72fa</value>
         <object_component_ref idref="oc-601"/>
      </symbol>
      <symbol id="sm-8ea">
         <name>__mspabi_sral_7</name>
         <value>0x72f6</value>
         <object_component_ref idref="oc-601"/>
      </symbol>
      <symbol id="sm-8eb">
         <name>__mspabi_sral_4</name>
         <value>0x7302</value>
         <object_component_ref idref="oc-601"/>
      </symbol>
      <symbol id="sm-8ec">
         <name>__mspabi_sral_5</name>
         <value>0x72fe</value>
         <object_component_ref idref="oc-601"/>
      </symbol>
      <symbol id="sm-8ed">
         <name>__mspabi_sral_2</name>
         <value>0x730a</value>
         <object_component_ref idref="oc-601"/>
      </symbol>
      <symbol id="sm-8ee">
         <name>__mspabi_sral_3</name>
         <value>0x7306</value>
         <object_component_ref idref="oc-601"/>
      </symbol>
      <symbol id="sm-8ef">
         <name>__mspabi_sral_1</name>
         <value>0x730e</value>
         <object_component_ref idref="oc-601"/>
      </symbol>
      <symbol id="sm-8ff">
         <name>__mspabi_slll_9</name>
         <value>0x732c</value>
         <object_component_ref idref="oc-5d8"/>
      </symbol>
      <symbol id="sm-900">
         <name>__mspabi_slll_8</name>
         <value>0x7330</value>
         <object_component_ref idref="oc-5d8"/>
      </symbol>
      <symbol id="sm-901">
         <name>__mspabi_slll_7</name>
         <value>0x7334</value>
         <object_component_ref idref="oc-5d8"/>
      </symbol>
      <symbol id="sm-902">
         <name>__mspabi_slll_6</name>
         <value>0x7338</value>
         <object_component_ref idref="oc-5d8"/>
      </symbol>
      <symbol id="sm-903">
         <name>__mspabi_slll_5</name>
         <value>0x733c</value>
         <object_component_ref idref="oc-5d8"/>
      </symbol>
      <symbol id="sm-904">
         <name>__mspabi_slll_4</name>
         <value>0x7340</value>
         <object_component_ref idref="oc-5d8"/>
      </symbol>
      <symbol id="sm-905">
         <name>__mspabi_slll_3</name>
         <value>0x7344</value>
         <object_component_ref idref="oc-5d8"/>
      </symbol>
      <symbol id="sm-906">
         <name>__mspabi_slll_2</name>
         <value>0x7348</value>
         <object_component_ref idref="oc-5d8"/>
      </symbol>
      <symbol id="sm-907">
         <name>__mspabi_slll_1</name>
         <value>0x734c</value>
         <object_component_ref idref="oc-5d8"/>
      </symbol>
      <symbol id="sm-908">
         <name>__mspabi_slll</name>
         <value>0x77b8</value>
         <object_component_ref idref="oc-67c"/>
      </symbol>
      <symbol id="sm-909">
         <name>__mspabi_slll_15</name>
         <value>0x7314</value>
         <object_component_ref idref="oc-5d8"/>
      </symbol>
      <symbol id="sm-90a">
         <name>__mspabi_slll_14</name>
         <value>0x7318</value>
         <object_component_ref idref="oc-5d8"/>
      </symbol>
      <symbol id="sm-90b">
         <name>__mspabi_slll_13</name>
         <value>0x731c</value>
         <object_component_ref idref="oc-5d8"/>
      </symbol>
      <symbol id="sm-90c">
         <name>__mspabi_slll_12</name>
         <value>0x7320</value>
         <object_component_ref idref="oc-5d8"/>
      </symbol>
      <symbol id="sm-90d">
         <name>__mspabi_slll_11</name>
         <value>0x7324</value>
         <object_component_ref idref="oc-5d8"/>
      </symbol>
      <symbol id="sm-90e">
         <name>__mspabi_slll_10</name>
         <value>0x7328</value>
         <object_component_ref idref="oc-5d8"/>
      </symbol>
      <symbol id="sm-91e">
         <name>__mspabi_srll_8</name>
         <value>0x6e8e</value>
         <object_component_ref idref="oc-5f1"/>
      </symbol>
      <symbol id="sm-91f">
         <name>__mspabi_srll_9</name>
         <value>0x6e88</value>
         <object_component_ref idref="oc-5f1"/>
      </symbol>
      <symbol id="sm-920">
         <name>__mspabi_srll_6</name>
         <value>0x6e9a</value>
         <object_component_ref idref="oc-5f1"/>
      </symbol>
      <symbol id="sm-921">
         <name>__mspabi_srll_7</name>
         <value>0x6e94</value>
         <object_component_ref idref="oc-5f1"/>
      </symbol>
      <symbol id="sm-922">
         <name>__mspabi_srll_4</name>
         <value>0x6ea6</value>
         <object_component_ref idref="oc-5f1"/>
      </symbol>
      <symbol id="sm-923">
         <name>__mspabi_srll_5</name>
         <value>0x6ea0</value>
         <object_component_ref idref="oc-5f1"/>
      </symbol>
      <symbol id="sm-924">
         <name>__mspabi_srll_2</name>
         <value>0x6eb2</value>
         <object_component_ref idref="oc-5f1"/>
      </symbol>
      <symbol id="sm-925">
         <name>__mspabi_srll_3</name>
         <value>0x6eac</value>
         <object_component_ref idref="oc-5f1"/>
      </symbol>
      <symbol id="sm-926">
         <name>__mspabi_srll_1</name>
         <value>0x6eb8</value>
         <object_component_ref idref="oc-5f1"/>
      </symbol>
      <symbol id="sm-927">
         <name>__mspabi_srll_15</name>
         <value>0x6e64</value>
         <object_component_ref idref="oc-5f1"/>
      </symbol>
      <symbol id="sm-928">
         <name>__mspabi_srll_14</name>
         <value>0x6e6a</value>
         <object_component_ref idref="oc-5f1"/>
      </symbol>
      <symbol id="sm-929">
         <name>__mspabi_srll_13</name>
         <value>0x6e70</value>
         <object_component_ref idref="oc-5f1"/>
      </symbol>
      <symbol id="sm-92a">
         <name>__mspabi_srll_12</name>
         <value>0x6e76</value>
         <object_component_ref idref="oc-5f1"/>
      </symbol>
      <symbol id="sm-92b">
         <name>__mspabi_srll_11</name>
         <value>0x6e7c</value>
         <object_component_ref idref="oc-5f1"/>
      </symbol>
      <symbol id="sm-92c">
         <name>__mspabi_srll_10</name>
         <value>0x6e82</value>
         <object_component_ref idref="oc-5f1"/>
      </symbol>
      <symbol id="sm-92d">
         <name>__mspabi_srll</name>
         <value>0x7784</value>
         <object_component_ref idref="oc-538"/>
      </symbol>
      <symbol id="sm-93a">
         <name>__mspabi_sllll</name>
         <value>0x71ce</value>
         <object_component_ref idref="oc-532"/>
      </symbol>
      <symbol id="sm-94a">
         <name>__TI_frcmpyd</name>
         <value>0x3e5a</value>
         <object_component_ref idref="oc-576"/>
      </symbol>
      <symbol id="sm-956">
         <name>HOSTclose</name>
         <value>0x718a</value>
         <object_component_ref idref="oc-50a"/>
      </symbol>
      <symbol id="sm-962">
         <name>HOSTlseek</name>
         <value>0x6832</value>
         <object_component_ref idref="oc-51c"/>
      </symbol>
      <symbol id="sm-970">
         <name>parmbuf</name>
         <value>0x14ea</value>
      </symbol>
      <symbol id="sm-971">
         <name>HOSTopen</name>
         <value>0x6cda</value>
         <object_component_ref idref="oc-504"/>
      </symbol>
      <symbol id="sm-97e">
         <name>HOSTread</name>
         <value>0x6e04</value>
         <object_component_ref idref="oc-510"/>
      </symbol>
      <symbol id="sm-98a">
         <name>HOSTrename</name>
         <value>0x6c70</value>
         <object_component_ref idref="oc-528"/>
      </symbol>
      <symbol id="sm-996">
         <name>HOSTunlink</name>
         <value>0x7256</value>
         <object_component_ref idref="oc-522"/>
      </symbol>
      <symbol id="sm-9a3">
         <name>HOSTwrite</name>
         <value>0x6d40</value>
         <object_component_ref idref="oc-516"/>
      </symbol>
      <symbol id="sm-9c1">
         <name>__TI_readmsg</name>
         <value>0x74ae</value>
         <object_component_ref idref="oc-5cb"/>
      </symbol>
      <symbol id="sm-9c2">
         <name>C$$IO$$</name>
         <value>0x7420</value>
         <object_component_ref idref="oc-5c5"/>
      </symbol>
      <symbol id="sm-9c3">
         <name>_CIOBUF_</name>
         <value>0x122c</value>
         <object_component_ref idref="oc-633"/>
      </symbol>
      <symbol id="sm-9c4">
         <name>__TI_writemsg</name>
         <value>0x73f6</value>
         <object_component_ref idref="oc-5c5"/>
      </symbol>
      <symbol id="sm-9d2">
         <name>lseek</name>
         <value>0x762a</value>
         <object_component_ref idref="oc-43f"/>
      </symbol>
      <symbol id="sm-9e2">
         <name>__TI_closefile</name>
         <value>0x6aae</value>
         <object_component_ref idref="oc-4f8"/>
      </symbol>
      <symbol id="sm-a00">
         <name>finddevice</name>
         <value>0x73c2</value>
         <object_component_ref idref="oc-667"/>
      </symbol>
      <symbol id="sm-a01">
         <name>getdevice</name>
         <value>0x6f18</value>
         <object_component_ref idref="oc-627"/>
      </symbol>
      <symbol id="sm-a0f">
         <name>strcmp</name>
         <value>0x76e0</value>
         <object_component_ref idref="oc-692"/>
      </symbol>
      <symbol id="sm-a1c">
         <name>strcpy</name>
         <value>0x77d8</value>
         <object_component_ref idref="oc-5e1"/>
      </symbol>
      <symbol id="sm-a2c">
         <name>strncpy</name>
         <value>0x7532</value>
         <object_component_ref idref="oc-661"/>
      </symbol>
      <symbol id="sm-a3f">
         <name>close</name>
         <value>0x70b4</value>
         <object_component_ref idref="oc-5b1"/>
      </symbol>
      <symbol id="sm-a4b">
         <name>unlink</name>
         <value>0x7602</value>
         <object_component_ref idref="oc-5b8"/>
      </symbol>
      <symbol id="sm-a4e">
         <name>remove</name>
         <value>0x7602</value>
      </symbol>
   </symbol_table>
   <title>Link successful</title>
</link_info>
