<?xml version="1.0" encoding="ISO-8859-1" ?>
<link_info>
   <banner>MSP430 Linker PC v18.12.1.LTS</banner>
   <copyright>Copyright (c) 2003-2018 Texas Instruments Incorporated</copyright>
   <link_time>0x5e20f0cd</link_time>
   <link_errors>0x0</link_errors>
   <output_file>Lab02_Bonus.out</output_file>
   <entry_point>
      <name>_c_int00_noargs</name>
      <address>0x776c</address>
   </entry_point>
   <input_file_list>
      <input_file id="fl-2">
         <path>.\</path>
         <kind>object</kind>
         <file>main.obj</file>
         <name>main.obj</name>
      </input_file>
      <input_file id="fl-7">
         <kind>object</kind>
         <file>&lt;internal&gt;</file>
         <name>&lt;internal&gt;</name>
      </input_file>
      <input_file id="fl-1d">
         <path>C:\ti\ccs901\ccs\tools\compiler\ti-cgt-msp430_18.12.1.LTS\lib\</path>
         <kind>archive</kind>
         <file>rts430_eabi.lib</file>
         <name>printf.c.obj</name>
      </input_file>
      <input_file id="fl-1e">
         <path>C:\ti\ccs901\ccs\tools\compiler\ti-cgt-msp430_18.12.1.LTS\lib\</path>
         <kind>archive</kind>
         <file>rts430_eabi.lib</file>
         <name>_printfi.c.obj</name>
      </input_file>
      <input_file id="fl-1f">
         <path>C:\ti\ccs901\ccs\tools\compiler\ti-cgt-msp430_18.12.1.LTS\lib\</path>
         <kind>archive</kind>
         <file>rts430_eabi.lib</file>
         <name>fputc.c.obj</name>
      </input_file>
      <input_file id="fl-20">
         <path>C:\ti\ccs901\ccs\tools\compiler\ti-cgt-msp430_18.12.1.LTS\lib\</path>
         <kind>archive</kind>
         <file>rts430_eabi.lib</file>
         <name>fputs.c.obj</name>
      </input_file>
      <input_file id="fl-21">
         <path>C:\ti\ccs901\ccs\tools\compiler\ti-cgt-msp430_18.12.1.LTS\lib\</path>
         <kind>archive</kind>
         <file>rts430_eabi.lib</file>
         <name>_io_perm.c.obj</name>
      </input_file>
      <input_file id="fl-22">
         <path>C:\ti\ccs901\ccs\tools\compiler\ti-cgt-msp430_18.12.1.LTS\lib\</path>
         <kind>archive</kind>
         <file>rts430_eabi.lib</file>
         <name>setvbuf.c.obj</name>
      </input_file>
      <input_file id="fl-23">
         <path>C:\ti\ccs901\ccs\tools\compiler\ti-cgt-msp430_18.12.1.LTS\lib\</path>
         <kind>archive</kind>
         <file>rts430_eabi.lib</file>
         <name>s_frexp.c.obj</name>
      </input_file>
      <input_file id="fl-24">
         <path>C:\ti\ccs901\ccs\tools\compiler\ti-cgt-msp430_18.12.1.LTS\lib\</path>
         <kind>archive</kind>
         <file>rts430_eabi.lib</file>
         <name>s_scalbn.c.obj</name>
      </input_file>
      <input_file id="fl-25">
         <path>C:\ti\ccs901\ccs\tools\compiler\ti-cgt-msp430_18.12.1.LTS\lib\</path>
         <kind>archive</kind>
         <file>rts430_eabi.lib</file>
         <name>wcslen.c.obj</name>
      </input_file>
      <input_file id="fl-26">
         <path>C:\ti\ccs901\ccs\tools\compiler\ti-cgt-msp430_18.12.1.LTS\lib\</path>
         <kind>archive</kind>
         <file>rts430_eabi.lib</file>
         <name>s_copysign.c.obj</name>
      </input_file>
      <input_file id="fl-27">
         <path>C:\ti\ccs901\ccs\tools\compiler\ti-cgt-msp430_18.12.1.LTS\lib\</path>
         <kind>archive</kind>
         <file>rts430_eabi.lib</file>
         <name>asr16.asm.obj</name>
      </input_file>
      <input_file id="fl-28">
         <path>C:\ti\ccs901\ccs\tools\compiler\ti-cgt-msp430_18.12.1.LTS\lib\</path>
         <kind>archive</kind>
         <file>rts430_eabi.lib</file>
         <name>div16u.asm.obj</name>
      </input_file>
      <input_file id="fl-29">
         <path>C:\ti\ccs901\ccs\tools\compiler\ti-cgt-msp430_18.12.1.LTS\lib\</path>
         <kind>archive</kind>
         <file>rts430_eabi.lib</file>
         <name>div32u.asm.obj</name>
      </input_file>
      <input_file id="fl-2a">
         <path>C:\ti\ccs901\ccs\tools\compiler\ti-cgt-msp430_18.12.1.LTS\lib\</path>
         <kind>archive</kind>
         <file>rts430_eabi.lib</file>
         <name>epilog.asm.obj</name>
      </input_file>
      <input_file id="fl-2b">
         <path>C:\ti\ccs901\ccs\tools\compiler\ti-cgt-msp430_18.12.1.LTS\lib\</path>
         <kind>archive</kind>
         <file>rts430_eabi.lib</file>
         <name>int14.asm.obj</name>
      </input_file>
      <input_file id="fl-2c">
         <path>C:\ti\ccs901\ccs\tools\compiler\ti-cgt-msp430_18.12.1.LTS\lib\</path>
         <kind>archive</kind>
         <file>rts430_eabi.lib</file>
         <name>int15.asm.obj</name>
      </input_file>
      <input_file id="fl-2d">
         <path>C:\ti\ccs901\ccs\tools\compiler\ti-cgt-msp430_18.12.1.LTS\lib\</path>
         <kind>archive</kind>
         <file>rts430_eabi.lib</file>
         <name>int16.asm.obj</name>
      </input_file>
      <input_file id="fl-2e">
         <path>C:\ti\ccs901\ccs\tools\compiler\ti-cgt-msp430_18.12.1.LTS\lib\</path>
         <kind>archive</kind>
         <file>rts430_eabi.lib</file>
         <name>int17.asm.obj</name>
      </input_file>
      <input_file id="fl-2f">
         <path>C:\ti\ccs901\ccs\tools\compiler\ti-cgt-msp430_18.12.1.LTS\lib\</path>
         <kind>archive</kind>
         <file>rts430_eabi.lib</file>
         <name>int18.asm.obj</name>
      </input_file>
      <input_file id="fl-30">
         <path>C:\ti\ccs901\ccs\tools\compiler\ti-cgt-msp430_18.12.1.LTS\lib\</path>
         <kind>archive</kind>
         <file>rts430_eabi.lib</file>
         <name>int19.asm.obj</name>
      </input_file>
      <input_file id="fl-31">
         <path>C:\ti\ccs901\ccs\tools\compiler\ti-cgt-msp430_18.12.1.LTS\lib\</path>
         <kind>archive</kind>
         <file>rts430_eabi.lib</file>
         <name>int20.asm.obj</name>
      </input_file>
      <input_file id="fl-32">
         <path>C:\ti\ccs901\ccs\tools\compiler\ti-cgt-msp430_18.12.1.LTS\lib\</path>
         <kind>archive</kind>
         <file>rts430_eabi.lib</file>
         <name>int21.asm.obj</name>
      </input_file>
      <input_file id="fl-33">
         <path>C:\ti\ccs901\ccs\tools\compiler\ti-cgt-msp430_18.12.1.LTS\lib\</path>
         <kind>archive</kind>
         <file>rts430_eabi.lib</file>
         <name>int22.asm.obj</name>
      </input_file>
      <input_file id="fl-34">
         <path>C:\ti\ccs901\ccs\tools\compiler\ti-cgt-msp430_18.12.1.LTS\lib\</path>
         <kind>archive</kind>
         <file>rts430_eabi.lib</file>
         <name>int23.asm.obj</name>
      </input_file>
      <input_file id="fl-35">
         <path>C:\ti\ccs901\ccs\tools\compiler\ti-cgt-msp430_18.12.1.LTS\lib\</path>
         <kind>archive</kind>
         <file>rts430_eabi.lib</file>
         <name>int24.asm.obj</name>
      </input_file>
      <input_file id="fl-36">
         <path>C:\ti\ccs901\ccs\tools\compiler\ti-cgt-msp430_18.12.1.LTS\lib\</path>
         <kind>archive</kind>
         <file>rts430_eabi.lib</file>
         <name>int25.asm.obj</name>
      </input_file>
      <input_file id="fl-37">
         <path>C:\ti\ccs901\ccs\tools\compiler\ti-cgt-msp430_18.12.1.LTS\lib\</path>
         <kind>archive</kind>
         <file>rts430_eabi.lib</file>
         <name>int26.asm.obj</name>
      </input_file>
      <input_file id="fl-38">
         <path>C:\ti\ccs901\ccs\tools\compiler\ti-cgt-msp430_18.12.1.LTS\lib\</path>
         <kind>archive</kind>
         <file>rts430_eabi.lib</file>
         <name>int27.asm.obj</name>
      </input_file>
      <input_file id="fl-39">
         <path>C:\ti\ccs901\ccs\tools\compiler\ti-cgt-msp430_18.12.1.LTS\lib\</path>
         <kind>archive</kind>
         <file>rts430_eabi.lib</file>
         <name>int28.asm.obj</name>
      </input_file>
      <input_file id="fl-3a">
         <path>C:\ti\ccs901\ccs\tools\compiler\ti-cgt-msp430_18.12.1.LTS\lib\</path>
         <kind>archive</kind>
         <file>rts430_eabi.lib</file>
         <name>int29.asm.obj</name>
      </input_file>
      <input_file id="fl-3b">
         <path>C:\ti\ccs901\ccs\tools\compiler\ti-cgt-msp430_18.12.1.LTS\lib\</path>
         <kind>archive</kind>
         <file>rts430_eabi.lib</file>
         <name>int30.asm.obj</name>
      </input_file>
      <input_file id="fl-3c">
         <path>C:\ti\ccs901\ccs\tools\compiler\ti-cgt-msp430_18.12.1.LTS\lib\</path>
         <kind>archive</kind>
         <file>rts430_eabi.lib</file>
         <name>isr_trap.asm.obj</name>
      </input_file>
      <input_file id="fl-3d">
         <path>C:\ti\ccs901\ccs\tools\compiler\ti-cgt-msp430_18.12.1.LTS\lib\</path>
         <kind>archive</kind>
         <file>rts430_eabi.lib</file>
         <name>lsl16.asm.obj</name>
      </input_file>
      <input_file id="fl-3e">
         <path>C:\ti\ccs901\ccs\tools\compiler\ti-cgt-msp430_18.12.1.LTS\lib\</path>
         <kind>archive</kind>
         <file>rts430_eabi.lib</file>
         <name>lsr16.asm.obj</name>
      </input_file>
      <input_file id="fl-3f">
         <path>C:\ti\ccs901\ccs\tools\compiler\ti-cgt-msp430_18.12.1.LTS\lib\</path>
         <kind>archive</kind>
         <file>rts430_eabi.lib</file>
         <name>mult16.asm.obj</name>
      </input_file>
      <input_file id="fl-40">
         <path>C:\ti\ccs901\ccs\tools\compiler\ti-cgt-msp430_18.12.1.LTS\lib\</path>
         <kind>archive</kind>
         <file>rts430_eabi.lib</file>
         <name>mult16_hw.asm.obj</name>
      </input_file>
      <input_file id="fl-41">
         <path>C:\ti\ccs901\ccs\tools\compiler\ti-cgt-msp430_18.12.1.LTS\lib\</path>
         <kind>archive</kind>
         <file>rts430_eabi.lib</file>
         <name>mult1632_hw.asm.obj</name>
      </input_file>
      <input_file id="fl-42">
         <path>C:\ti\ccs901\ccs\tools\compiler\ti-cgt-msp430_18.12.1.LTS\lib\</path>
         <kind>archive</kind>
         <file>rts430_eabi.lib</file>
         <name>mult32_hw.asm.obj</name>
      </input_file>
      <input_file id="fl-43">
         <path>C:\ti\ccs901\ccs\tools\compiler\ti-cgt-msp430_18.12.1.LTS\lib\</path>
         <kind>archive</kind>
         <file>rts430_eabi.lib</file>
         <name>mult3264_hw.asm.obj</name>
      </input_file>
      <input_file id="fl-44">
         <path>C:\ti\ccs901\ccs\tools\compiler\ti-cgt-msp430_18.12.1.LTS\lib\</path>
         <kind>archive</kind>
         <file>rts430_eabi.lib</file>
         <name>mult64_hw.asm.obj</name>
      </input_file>
      <input_file id="fl-45">
         <path>C:\ti\ccs901\ccs\tools\compiler\ti-cgt-msp430_18.12.1.LTS\lib\</path>
         <kind>archive</kind>
         <file>rts430_eabi.lib</file>
         <name>boot.c.obj</name>
      </input_file>
      <input_file id="fl-46">
         <path>C:\ti\ccs901\ccs\tools\compiler\ti-cgt-msp430_18.12.1.LTS\lib\</path>
         <kind>archive</kind>
         <file>rts430_eabi.lib</file>
         <name>autoinit.c.obj</name>
      </input_file>
      <input_file id="fl-47">
         <path>C:\ti\ccs901\ccs\tools\compiler\ti-cgt-msp430_18.12.1.LTS\lib\</path>
         <kind>archive</kind>
         <file>rts430_eabi.lib</file>
         <name>copy_zero_init.c.obj</name>
      </input_file>
      <input_file id="fl-48">
         <path>C:\ti\ccs901\ccs\tools\compiler\ti-cgt-msp430_18.12.1.LTS\lib\</path>
         <kind>archive</kind>
         <file>rts430_eabi.lib</file>
         <name>exit_gvars.c.obj</name>
      </input_file>
      <input_file id="fl-49">
         <path>C:\ti\ccs901\ccs\tools\compiler\ti-cgt-msp430_18.12.1.LTS\lib\</path>
         <kind>archive</kind>
         <file>rts430_eabi.lib</file>
         <name>cpy_tbl.c.obj</name>
      </input_file>
      <input_file id="fl-4a">
         <path>C:\ti\ccs901\ccs\tools\compiler\ti-cgt-msp430_18.12.1.LTS\lib\</path>
         <kind>archive</kind>
         <file>rts430_eabi.lib</file>
         <name>mpu_init.c.obj</name>
      </input_file>
      <input_file id="fl-4b">
         <path>C:\ti\ccs901\ccs\tools\compiler\ti-cgt-msp430_18.12.1.LTS\lib\</path>
         <kind>archive</kind>
         <file>rts430_eabi.lib</file>
         <name>lsr64.c.obj</name>
      </input_file>
      <input_file id="fl-4c">
         <path>C:\ti\ccs901\ccs\tools\compiler\ti-cgt-msp430_18.12.1.LTS\lib\</path>
         <kind>archive</kind>
         <file>rts430_eabi.lib</file>
         <name>div64u.c.obj</name>
      </input_file>
      <input_file id="fl-4d">
         <path>C:\ti\ccs901\ccs\tools\compiler\ti-cgt-msp430_18.12.1.LTS\lib\</path>
         <kind>archive</kind>
         <file>rts430_eabi.lib</file>
         <name>pre_init.c.obj</name>
      </input_file>
      <input_file id="fl-4e">
         <path>C:\ti\ccs901\ccs\tools\compiler\ti-cgt-msp430_18.12.1.LTS\lib\</path>
         <kind>archive</kind>
         <file>rts430_eabi.lib</file>
         <name>startup.c.obj</name>
      </input_file>
      <input_file id="fl-4f">
         <path>C:\ti\ccs901\ccs\tools\compiler\ti-cgt-msp430_18.12.1.LTS\lib\</path>
         <kind>archive</kind>
         <file>rts430_eabi.lib</file>
         <name>copy_decompress_none.c.obj</name>
      </input_file>
      <input_file id="fl-50">
         <path>C:\ti\ccs901\ccs\tools\compiler\ti-cgt-msp430_18.12.1.LTS\lib\</path>
         <kind>archive</kind>
         <file>rts430_eabi.lib</file>
         <name>copy_decompress_lzss.c.obj</name>
      </input_file>
      <input_file id="fl-51">
         <path>C:\ti\ccs901\ccs\tools\compiler\ti-cgt-msp430_18.12.1.LTS\lib\</path>
         <kind>archive</kind>
         <file>rts430_eabi.lib</file>
         <name>addd.c.obj</name>
      </input_file>
      <input_file id="fl-52">
         <path>C:\ti\ccs901\ccs\tools\compiler\ti-cgt-msp430_18.12.1.LTS\lib\</path>
         <kind>archive</kind>
         <file>rts430_eabi.lib</file>
         <name>cmpd.c.obj</name>
      </input_file>
      <input_file id="fl-53">
         <path>C:\ti\ccs901\ccs\tools\compiler\ti-cgt-msp430_18.12.1.LTS\lib\</path>
         <kind>archive</kind>
         <file>rts430_eabi.lib</file>
         <name>divd.c.obj</name>
      </input_file>
      <input_file id="fl-54">
         <path>C:\ti\ccs901\ccs\tools\compiler\ti-cgt-msp430_18.12.1.LTS\lib\</path>
         <kind>archive</kind>
         <file>rts430_eabi.lib</file>
         <name>fixdi.c.obj</name>
      </input_file>
      <input_file id="fl-55">
         <path>C:\ti\ccs901\ccs\tools\compiler\ti-cgt-msp430_18.12.1.LTS\lib\</path>
         <kind>archive</kind>
         <file>rts430_eabi.lib</file>
         <name>fixdli.c.obj</name>
      </input_file>
      <input_file id="fl-56">
         <path>C:\ti\ccs901\ccs\tools\compiler\ti-cgt-msp430_18.12.1.LTS\lib\</path>
         <kind>archive</kind>
         <file>rts430_eabi.lib</file>
         <name>fltid.c.obj</name>
      </input_file>
      <input_file id="fl-57">
         <path>C:\ti\ccs901\ccs\tools\compiler\ti-cgt-msp430_18.12.1.LTS\lib\</path>
         <kind>archive</kind>
         <file>rts430_eabi.lib</file>
         <name>fltlid.c.obj</name>
      </input_file>
      <input_file id="fl-58">
         <path>C:\ti\ccs901\ccs\tools\compiler\ti-cgt-msp430_18.12.1.LTS\lib\</path>
         <kind>archive</kind>
         <file>rts430_eabi.lib</file>
         <name>frcaddd.c.obj</name>
      </input_file>
      <input_file id="fl-59">
         <path>C:\ti\ccs901\ccs\tools\compiler\ti-cgt-msp430_18.12.1.LTS\lib\</path>
         <kind>archive</kind>
         <file>rts430_eabi.lib</file>
         <name>frcdivd.c.obj</name>
      </input_file>
      <input_file id="fl-5a">
         <path>C:\ti\ccs901\ccs\tools\compiler\ti-cgt-msp430_18.12.1.LTS\lib\</path>
         <kind>archive</kind>
         <file>rts430_eabi.lib</file>
         <name>mpyd.c.obj</name>
      </input_file>
      <input_file id="fl-5b">
         <path>C:\ti\ccs901\ccs\tools\compiler\ti-cgt-msp430_18.12.1.LTS\lib\</path>
         <kind>archive</kind>
         <file>rts430_eabi.lib</file>
         <name>negd.c.obj</name>
      </input_file>
      <input_file id="fl-5c">
         <path>C:\ti\ccs901\ccs\tools\compiler\ti-cgt-msp430_18.12.1.LTS\lib\</path>
         <kind>archive</kind>
         <file>rts430_eabi.lib</file>
         <name>renormd.c.obj</name>
      </input_file>
      <input_file id="fl-5d">
         <path>C:\ti\ccs901\ccs\tools\compiler\ti-cgt-msp430_18.12.1.LTS\lib\</path>
         <kind>archive</kind>
         <file>rts430_eabi.lib</file>
         <name>subd.c.obj</name>
      </input_file>
      <input_file id="fl-5e">
         <path>C:\ti\ccs901\ccs\tools\compiler\ti-cgt-msp430_18.12.1.LTS\lib\</path>
         <kind>archive</kind>
         <file>rts430_eabi.lib</file>
         <name>exit.c.obj</name>
      </input_file>
      <input_file id="fl-5f">
         <path>C:\ti\ccs901\ccs\tools\compiler\ti-cgt-msp430_18.12.1.LTS\lib\</path>
         <kind>archive</kind>
         <file>rts430_eabi.lib</file>
         <name>_lock.c.obj</name>
      </input_file>
      <input_file id="fl-60">
         <path>C:\ti\ccs901\ccs\tools\compiler\ti-cgt-msp430_18.12.1.LTS\lib\</path>
         <kind>archive</kind>
         <file>rts430_eabi.lib</file>
         <name>args_main.c.obj</name>
      </input_file>
      <input_file id="fl-61">
         <path>C:\ti\ccs901\ccs\tools\compiler\ti-cgt-msp430_18.12.1.LTS\lib\</path>
         <kind>archive</kind>
         <file>rts430_eabi.lib</file>
         <name>atoi.c.obj</name>
      </input_file>
      <input_file id="fl-62">
         <path>C:\ti\ccs901\ccs\tools\compiler\ti-cgt-msp430_18.12.1.LTS\lib\</path>
         <kind>archive</kind>
         <file>rts430_eabi.lib</file>
         <name>ctype.c.obj</name>
      </input_file>
      <input_file id="fl-63">
         <path>C:\ti\ccs901\ccs\tools\compiler\ti-cgt-msp430_18.12.1.LTS\lib\</path>
         <kind>archive</kind>
         <file>rts430_eabi.lib</file>
         <name>defs.c.obj</name>
      </input_file>
      <input_file id="fl-64">
         <path>C:\ti\ccs901\ccs\tools\compiler\ti-cgt-msp430_18.12.1.LTS\lib\</path>
         <kind>archive</kind>
         <file>rts430_eabi.lib</file>
         <name>ltoa.c.obj</name>
      </input_file>
      <input_file id="fl-65">
         <path>C:\ti\ccs901\ccs\tools\compiler\ti-cgt-msp430_18.12.1.LTS\lib\</path>
         <kind>archive</kind>
         <file>rts430_eabi.lib</file>
         <name>memccpy.c.obj</name>
      </input_file>
      <input_file id="fl-66">
         <path>C:\ti\ccs901\ccs\tools\compiler\ti-cgt-msp430_18.12.1.LTS\lib\</path>
         <kind>archive</kind>
         <file>rts430_eabi.lib</file>
         <name>memchr.c.obj</name>
      </input_file>
      <input_file id="fl-67">
         <path>C:\ti\ccs901\ccs\tools\compiler\ti-cgt-msp430_18.12.1.LTS\lib\</path>
         <kind>archive</kind>
         <file>rts430_eabi.lib</file>
         <name>memcpy.c.obj</name>
      </input_file>
      <input_file id="fl-68">
         <path>C:\ti\ccs901\ccs\tools\compiler\ti-cgt-msp430_18.12.1.LTS\lib\</path>
         <kind>archive</kind>
         <file>rts430_eabi.lib</file>
         <name>memory.c.obj</name>
      </input_file>
      <input_file id="fl-69">
         <path>C:\ti\ccs901\ccs\tools\compiler\ti-cgt-msp430_18.12.1.LTS\lib\</path>
         <kind>archive</kind>
         <file>rts430_eabi.lib</file>
         <name>memset.c.obj</name>
      </input_file>
      <input_file id="fl-6a">
         <path>C:\ti\ccs901\ccs\tools\compiler\ti-cgt-msp430_18.12.1.LTS\lib\</path>
         <kind>archive</kind>
         <file>rts430_eabi.lib</file>
         <name>strchr.c.obj</name>
      </input_file>
      <input_file id="fl-6b">
         <path>C:\ti\ccs901\ccs\tools\compiler\ti-cgt-msp430_18.12.1.LTS\lib\</path>
         <kind>archive</kind>
         <file>rts430_eabi.lib</file>
         <name>strlen.c.obj</name>
      </input_file>
      <input_file id="fl-6c">
         <path>C:\ti\ccs901\ccs\tools\compiler\ti-cgt-msp430_18.12.1.LTS\lib\</path>
         <kind>archive</kind>
         <file>rts430_eabi.lib</file>
         <name>toupper.c.obj</name>
      </input_file>
      <input_file id="fl-6d">
         <path>C:\ti\ccs901\ccs\tools\compiler\ti-cgt-msp430_18.12.1.LTS\lib\</path>
         <kind>archive</kind>
         <file>rts430_eabi.lib</file>
         <name>errno.c.obj</name>
      </input_file>
      <input_file id="fl-6e">
         <path>C:\ti\ccs901\ccs\tools\compiler\ti-cgt-msp430_18.12.1.LTS\lib\</path>
         <kind>archive</kind>
         <file>rts430_eabi.lib</file>
         <name>write.c.obj</name>
      </input_file>
      <input_file id="fl-6f">
         <path>C:\ti\ccs901\ccs\tools\compiler\ti-cgt-msp430_18.12.1.LTS\lib\</path>
         <kind>archive</kind>
         <file>rts430_eabi.lib</file>
         <name>host_device.c.obj</name>
      </input_file>
      <input_file id="fl-70">
         <path>C:\ti\ccs901\ccs\tools\compiler\ti-cgt-msp430_18.12.1.LTS\lib\</path>
         <kind>archive</kind>
         <file>rts430_eabi.lib</file>
         <name>abs.c.obj</name>
      </input_file>
      <input_file id="fl-71">
         <path>C:\ti\ccs901\ccs\tools\compiler\ti-cgt-msp430_18.12.1.LTS\lib\</path>
         <kind>archive</kind>
         <file>rts430_eabi.lib</file>
         <name>fflush.c.obj</name>
      </input_file>
      <input_file id="fl-72">
         <path>C:\ti\ccs901\ccs\tools\compiler\ti-cgt-msp430_18.12.1.LTS\lib\</path>
         <kind>archive</kind>
         <file>rts430_eabi.lib</file>
         <name>fopen.c.obj</name>
      </input_file>
      <input_file id="fl-73">
         <path>C:\ti\ccs901\ccs\tools\compiler\ti-cgt-msp430_18.12.1.LTS\lib\</path>
         <kind>archive</kind>
         <file>rts430_eabi.lib</file>
         <name>fseek.c.obj</name>
      </input_file>
      <input_file id="fl-74">
         <path>C:\ti\ccs901\ccs\tools\compiler\ti-cgt-msp430_18.12.1.LTS\lib\</path>
         <kind>archive</kind>
         <file>rts430_eabi.lib</file>
         <name>asr32.asm.obj</name>
      </input_file>
      <input_file id="fl-75">
         <path>C:\ti\ccs901\ccs\tools\compiler\ti-cgt-msp430_18.12.1.LTS\lib\</path>
         <kind>archive</kind>
         <file>rts430_eabi.lib</file>
         <name>div32s.asm.obj</name>
      </input_file>
      <input_file id="fl-76">
         <path>C:\ti\ccs901\ccs\tools\compiler\ti-cgt-msp430_18.12.1.LTS\lib\</path>
         <kind>archive</kind>
         <file>rts430_eabi.lib</file>
         <name>lsl32.asm.obj</name>
      </input_file>
      <input_file id="fl-77">
         <path>C:\ti\ccs901\ccs\tools\compiler\ti-cgt-msp430_18.12.1.LTS\lib\</path>
         <kind>archive</kind>
         <file>rts430_eabi.lib</file>
         <name>lsr32.asm.obj</name>
      </input_file>
      <input_file id="fl-78">
         <path>C:\ti\ccs901\ccs\tools\compiler\ti-cgt-msp430_18.12.1.LTS\lib\</path>
         <kind>archive</kind>
         <file>rts430_eabi.lib</file>
         <name>mult32.asm.obj</name>
      </input_file>
      <input_file id="fl-79">
         <path>C:\ti\ccs901\ccs\tools\compiler\ti-cgt-msp430_18.12.1.LTS\lib\</path>
         <kind>archive</kind>
         <file>rts430_eabi.lib</file>
         <name>lsl64.c.obj</name>
      </input_file>
      <input_file id="fl-7a">
         <path>C:\ti\ccs901\ccs\tools\compiler\ti-cgt-msp430_18.12.1.LTS\lib\</path>
         <kind>archive</kind>
         <file>rts430_eabi.lib</file>
         <name>frcmpyd.c.obj</name>
      </input_file>
      <input_file id="fl-7b">
         <path>C:\ti\ccs901\ccs\tools\compiler\ti-cgt-msp430_18.12.1.LTS\lib\</path>
         <kind>archive</kind>
         <file>rts430_eabi.lib</file>
         <name>hostclose.c.obj</name>
      </input_file>
      <input_file id="fl-7c">
         <path>C:\ti\ccs901\ccs\tools\compiler\ti-cgt-msp430_18.12.1.LTS\lib\</path>
         <kind>archive</kind>
         <file>rts430_eabi.lib</file>
         <name>hostlseek.c.obj</name>
      </input_file>
      <input_file id="fl-7d">
         <path>C:\ti\ccs901\ccs\tools\compiler\ti-cgt-msp430_18.12.1.LTS\lib\</path>
         <kind>archive</kind>
         <file>rts430_eabi.lib</file>
         <name>hostopen.c.obj</name>
      </input_file>
      <input_file id="fl-7e">
         <path>C:\ti\ccs901\ccs\tools\compiler\ti-cgt-msp430_18.12.1.LTS\lib\</path>
         <kind>archive</kind>
         <file>rts430_eabi.lib</file>
         <name>hostread.c.obj</name>
      </input_file>
      <input_file id="fl-7f">
         <path>C:\ti\ccs901\ccs\tools\compiler\ti-cgt-msp430_18.12.1.LTS\lib\</path>
         <kind>archive</kind>
         <file>rts430_eabi.lib</file>
         <name>hostrename.c.obj</name>
      </input_file>
      <input_file id="fl-80">
         <path>C:\ti\ccs901\ccs\tools\compiler\ti-cgt-msp430_18.12.1.LTS\lib\</path>
         <kind>archive</kind>
         <file>rts430_eabi.lib</file>
         <name>hostunlink.c.obj</name>
      </input_file>
      <input_file id="fl-81">
         <path>C:\ti\ccs901\ccs\tools\compiler\ti-cgt-msp430_18.12.1.LTS\lib\</path>
         <kind>archive</kind>
         <file>rts430_eabi.lib</file>
         <name>hostwrite.c.obj</name>
      </input_file>
      <input_file id="fl-82">
         <path>C:\ti\ccs901\ccs\tools\compiler\ti-cgt-msp430_18.12.1.LTS\lib\</path>
         <kind>archive</kind>
         <file>rts430_eabi.lib</file>
         <name>trgmsg.c.obj</name>
      </input_file>
      <input_file id="fl-83">
         <path>C:\ti\ccs901\ccs\tools\compiler\ti-cgt-msp430_18.12.1.LTS\lib\</path>
         <kind>archive</kind>
         <file>rts430_eabi.lib</file>
         <name>open.c.obj</name>
      </input_file>
      <input_file id="fl-84">
         <path>C:\ti\ccs901\ccs\tools\compiler\ti-cgt-msp430_18.12.1.LTS\lib\</path>
         <kind>archive</kind>
         <file>rts430_eabi.lib</file>
         <name>lseek.c.obj</name>
      </input_file>
      <input_file id="fl-85">
         <path>C:\ti\ccs901\ccs\tools\compiler\ti-cgt-msp430_18.12.1.LTS\lib\</path>
         <kind>archive</kind>
         <file>rts430_eabi.lib</file>
         <name>fclose.c.obj</name>
      </input_file>
      <input_file id="fl-86">
         <path>C:\ti\ccs901\ccs\tools\compiler\ti-cgt-msp430_18.12.1.LTS\lib\</path>
         <kind>archive</kind>
         <file>rts430_eabi.lib</file>
         <name>getdevice.c.obj</name>
      </input_file>
      <input_file id="fl-87">
         <path>C:\ti\ccs901\ccs\tools\compiler\ti-cgt-msp430_18.12.1.LTS\lib\</path>
         <kind>archive</kind>
         <file>rts430_eabi.lib</file>
         <name>strcmp.c.obj</name>
      </input_file>
      <input_file id="fl-88">
         <path>C:\ti\ccs901\ccs\tools\compiler\ti-cgt-msp430_18.12.1.LTS\lib\</path>
         <kind>archive</kind>
         <file>rts430_eabi.lib</file>
         <name>strcpy.c.obj</name>
      </input_file>
      <input_file id="fl-89">
         <path>C:\ti\ccs901\ccs\tools\compiler\ti-cgt-msp430_18.12.1.LTS\lib\</path>
         <kind>archive</kind>
         <file>rts430_eabi.lib</file>
         <name>strncpy.c.obj</name>
      </input_file>
      <input_file id="fl-8a">
         <path>C:\ti\ccs901\ccs\tools\compiler\ti-cgt-msp430_18.12.1.LTS\lib\</path>
         <kind>archive</kind>
         <file>rts430_eabi.lib</file>
         <name>remove.c.obj</name>
      </input_file>
      <input_file id="fl-8b">
         <path>C:\ti\ccs901\ccs\tools\compiler\ti-cgt-msp430_18.12.1.LTS\lib\</path>
         <kind>archive</kind>
         <file>rts430_eabi.lib</file>
         <name>close.c.obj</name>
      </input_file>
      <input_file id="fl-8c">
         <path>C:\ti\ccs901\ccs\tools\compiler\ti-cgt-msp430_18.12.1.LTS\lib\</path>
         <kind>archive</kind>
         <file>rts430_eabi.lib</file>
         <name>unlink.c.obj</name>
      </input_file>
   </input_file_list>
   <object_component_list>
      <object_component id="oc-52f">
         <name>.bss</name>
         <uninitialized>true</uninitialized>
         <run_address>0x14f2</run_address>
         <size>0x2</size>
         <input_file_ref idref="fl-68"/>
      </object_component>
      <object_component id="oc-544">
         <name>.common:__TI_tmpnams</name>
         <uninitialized>true</uninitialized>
         <run_address>0x144a</run_address>
         <size>0xa0</size>
      </object_component>
      <object_component id="oc-54f">
         <name>.common:parmbuf</name>
         <uninitialized>true</uninitialized>
         <run_address>0x14ea</run_address>
         <size>0x8</size>
      </object_component>
      <object_component id="oc-2ea">
         <name>.data:__TI_cleanup_ptr</name>
         <load_address>0x143a</load_address>
         <run_address>0x143a</run_address>
         <size>0x2</size>
         <input_file_ref idref="fl-48"/>
      </object_component>
      <object_component id="oc-2e7">
         <name>.data:__TI_dtors_ptr</name>
         <load_address>0x143c</load_address>
         <run_address>0x143c</run_address>
         <size>0x2</size>
         <input_file_ref idref="fl-48"/>
      </object_component>
      <object_component id="oc-2e4">
         <name>.data</name>
         <load_address>0x1446</load_address>
         <run_address>0x1446</run_address>
         <size>0x2</size>
         <input_file_ref idref="fl-5e"/>
      </object_component>
      <object_component id="oc-2a2">
         <name>.data:_lock</name>
         <load_address>0x143e</load_address>
         <run_address>0x143e</run_address>
         <size>0x2</size>
         <input_file_ref idref="fl-5f"/>
      </object_component>
      <object_component id="oc-2b7">
         <name>.data:_unlock</name>
         <load_address>0x1440</load_address>
         <run_address>0x1440</run_address>
         <size>0x2</size>
         <input_file_ref idref="fl-5f"/>
      </object_component>
      <object_component id="oc-245">
         <name>.data:_ftable</name>
         <load_address>0x134c</load_address>
         <run_address>0x134c</run_address>
         <size>0x78</size>
         <input_file_ref idref="fl-63"/>
      </object_component>
      <object_component id="oc-487">
         <name>.data</name>
         <load_address>0x1442</load_address>
         <run_address>0x1442</run_address>
         <size>0x2</size>
         <input_file_ref idref="fl-63"/>
      </object_component>
      <object_component id="oc-534">
         <name>.data</name>
         <load_address>0x1448</load_address>
         <run_address>0x1448</run_address>
         <size>0x2</size>
         <input_file_ref idref="fl-68"/>
      </object_component>
      <object_component id="oc-3c4">
         <name>.data</name>
         <load_address>0x1444</load_address>
         <run_address>0x1444</run_address>
         <size>0x2</size>
         <input_file_ref idref="fl-6d"/>
      </object_component>
      <object_component id="oc-3f9">
         <name>.data:_device</name>
         <load_address>0x13c4</load_address>
         <run_address>0x13c4</run_address>
         <size>0x4e</size>
         <input_file_ref idref="fl-6f"/>
      </object_component>
      <object_component id="oc-366">
         <name>.data:_stream</name>
         <load_address>0x1412</load_address>
         <run_address>0x1412</run_address>
         <size>0x28</size>
         <input_file_ref idref="fl-6f"/>
      </object_component>
      <object_component id="oc-160">
         <name>.sysmem</name>
         <uninitialized>true</uninitialized>
         <run_address>0x1100</run_address>
         <size>0x8</size>
         <input_file_ref idref="fl-68"/>
      </object_component>
      <object_component id="oc-706">
         <name>.sysmem</name>
         <uninitialized>true</uninitialized>
         <run_address>0x1100</run_address>
         <size>0x0</size>
      </object_component>
      <object_component id="oc-15c">
         <name>.stack</name>
         <uninitialized>true</uninitialized>
         <run_address>0x30b0</run_address>
         <size>0x2</size>
         <input_file_ref idref="fl-45"/>
      </object_component>
      <object_component id="oc-705">
         <name>.stack</name>
         <uninitialized>true</uninitialized>
         <run_address>0x30b0</run_address>
         <size>0x0</size>
      </object_component>
      <object_component id="oc-5c5">
         <name>.text:__TI_frcdivd</name>
         <load_address>0x3100</load_address>
         <run_address>0x3100</run_address>
         <size>0x478</size>
         <input_file_ref idref="fl-59"/>
      </object_component>
      <object_component id="oc-4c5">
         <name>.text:__mspabi_divull</name>
         <load_address>0x3578</load_address>
         <run_address>0x3578</run_address>
         <size>0x360</size>
         <input_file_ref idref="fl-4c"/>
      </object_component>
      <object_component id="oc-623">
         <name>.text:__mspabi_addd</name>
         <load_address>0x38d8</load_address>
         <run_address>0x38d8</run_address>
         <size>0x2fa</size>
         <input_file_ref idref="fl-51"/>
      </object_component>
      <object_component id="oc-2b1">
         <name>.text:__TI_printfi</name>
         <load_address>0x3bd2</load_address>
         <run_address>0x3bd2</run_address>
         <size>0x288</size>
         <input_file_ref idref="fl-1e"/>
      </object_component>
      <object_component id="oc-5bd">
         <name>.text:__TI_frcmpyd</name>
         <load_address>0x3e5a</load_address>
         <run_address>0x3e5a</run_address>
         <size>0x286</size>
         <input_file_ref idref="fl-7a"/>
      </object_component>
      <object_component id="oc-504">
         <name>.text:__mspabi_mpyd</name>
         <load_address>0x40e0</load_address>
         <run_address>0x40e0</run_address>
         <size>0x26e</size>
         <input_file_ref idref="fl-5a"/>
      </object_component>
      <object_component id="oc-3b0">
         <name>.text:_pproc_fgea</name>
         <load_address>0x434e</load_address>
         <run_address>0x434e</run_address>
         <size>0x26e</size>
         <input_file_ref idref="fl-1e"/>
      </object_component>
      <object_component id="oc-673">
         <name>.text:__TI_frcaddd</name>
         <load_address>0x45bc</load_address>
         <run_address>0x45bc</run_address>
         <size>0x260</size>
         <input_file_ref idref="fl-58"/>
      </object_component>
      <object_component id="oc-32d">
         <name>.text:_setfield</name>
         <load_address>0x481c</load_address>
         <run_address>0x481c</run_address>
         <size>0x252</size>
         <input_file_ref idref="fl-1e"/>
      </object_component>
      <object_component id="oc-517">
         <name>.text:acvt</name>
         <load_address>0x4a6e</load_address>
         <run_address>0x4a6e</run_address>
         <size>0x244</size>
         <input_file_ref idref="fl-1e"/>
      </object_component>
      <object_component id="oc-50a">
         <name>.text:__mspabi_divd</name>
         <load_address>0x4cb2</load_address>
         <run_address>0x4cb2</run_address>
         <size>0x238</size>
         <input_file_ref idref="fl-53"/>
      </object_component>
      <object_component id="oc-421">
         <name>.text:_getarg_diouxp</name>
         <load_address>0x4eea</load_address>
         <run_address>0x4eea</run_address>
         <size>0x1ec</size>
         <input_file_ref idref="fl-1e"/>
      </object_component>
      <object_component id="oc-4e4">
         <name>.text:ecvt</name>
         <load_address>0x50d6</load_address>
         <run_address>0x50d6</run_address>
         <size>0x1de</size>
         <input_file_ref idref="fl-1e"/>
      </object_component>
      <object_component id="oc-4f7">
         <name>.text:fcvt</name>
         <load_address>0x52b4</load_address>
         <run_address>0x52b4</run_address>
         <size>0x1c4</size>
         <input_file_ref idref="fl-1e"/>
      </object_component>
      <object_component id="oc-44b">
         <name>.text:_pconv_e</name>
         <load_address>0x5478</load_address>
         <run_address>0x5478</run_address>
         <size>0x1a6</size>
         <input_file_ref idref="fl-1e"/>
      </object_component>
      <object_component id="oc-451">
         <name>.text:_pconv_a</name>
         <load_address>0x561e</load_address>
         <run_address>0x561e</run_address>
         <size>0x174</size>
         <input_file_ref idref="fl-1e"/>
      </object_component>
      <object_component id="oc-5d4">
         <name>.text:scalbn</name>
         <load_address>0x5792</load_address>
         <run_address>0x5792</run_address>
         <size>0x16a</size>
         <input_file_ref idref="fl-24"/>
      </object_component>
      <object_component id="oc-3aa">
         <name>.text:_pproc_diouxp</name>
         <load_address>0x58fc</load_address>
         <run_address>0x58fc</run_address>
         <size>0x14c</size>
         <input_file_ref idref="fl-1e"/>
      </object_component>
      <object_component id="oc-1f6">
         <name>.text:main</name>
         <load_address>0x5a48</load_address>
         <run_address>0x5a48</run_address>
         <size>0x134</size>
         <input_file_ref idref="fl-2"/>
      </object_component>
      <object_component id="oc-427">
         <name>.text:_ltostr</name>
         <load_address>0x5b7c</load_address>
         <run_address>0x5b7c</run_address>
         <size>0x12e</size>
         <input_file_ref idref="fl-1e"/>
      </object_component>
      <object_component id="oc-43f">
         <name>.text:_pconv_g</name>
         <load_address>0x5caa</load_address>
         <run_address>0x5caa</run_address>
         <size>0xf8</size>
         <input_file_ref idref="fl-1e"/>
      </object_component>
      <object_component id="oc-319">
         <name>.text:fputs</name>
         <load_address>0x5da2</load_address>
         <run_address>0x5da2</run_address>
         <size>0xea</size>
         <input_file_ref idref="fl-20"/>
      </object_component>
      <object_component id="oc-47a">
         <name>.text:aligned_alloc</name>
         <load_address>0x5e8c</load_address>
         <run_address>0x5e8c</run_address>
         <size>0xe6</size>
         <input_file_ref idref="fl-68"/>
      </object_component>
      <object_component id="oc-327">
         <name>.text:_pproc_fwp</name>
         <load_address>0x5f72</load_address>
         <run_address>0x5f72</run_address>
         <size>0xe0</size>
         <input_file_ref idref="fl-1e"/>
      </object_component>
      <object_component id="oc-457">
         <name>.text:__mspabi_cmpd</name>
         <load_address>0x6052</load_address>
         <run_address>0x6052</run_address>
         <size>0xdc</size>
         <input_file_ref idref="fl-52"/>
      </object_component>
      <object_component id="oc-35c">
         <name>.text:setvbuf</name>
         <load_address>0x612e</load_address>
         <run_address>0x612e</run_address>
         <size>0xd0</size>
         <input_file_ref idref="fl-22"/>
      </object_component>
      <object_component id="oc-3dc">
         <name>.text:free</name>
         <load_address>0x61fe</load_address>
         <run_address>0x61fe</run_address>
         <size>0xca</size>
         <input_file_ref idref="fl-68"/>
      </object_component>
      <object_component id="oc-339">
         <name>.text:_pproc_wstr</name>
         <load_address>0x62c8</load_address>
         <run_address>0x62c8</run_address>
         <size>0xc4</size>
         <input_file_ref idref="fl-1e"/>
      </object_component>
      <object_component id="oc-69b">
         <name>.text:__TI_renormd</name>
         <load_address>0x638c</load_address>
         <run_address>0x638c</run_address>
         <size>0xbe</size>
         <input_file_ref idref="fl-5c"/>
      </object_component>
      <object_component id="oc-511">
         <name>.text:frexp</name>
         <load_address>0x644a</load_address>
         <run_address>0x644a</run_address>
         <size>0xb0</size>
         <input_file_ref idref="fl-23"/>
      </object_component>
      <object_component id="oc-5a0">
         <name>.text:__mspabi_fltlid</name>
         <load_address>0x64fa</load_address>
         <run_address>0x64fa</run_address>
         <size>0xac</size>
         <input_file_ref idref="fl-57"/>
      </object_component>
      <object_component id="oc-333">
         <name>.text:_pproc_str</name>
         <load_address>0x65a6</load_address>
         <run_address>0x65a6</run_address>
         <size>0xac</size>
         <input_file_ref idref="fl-1e"/>
      </object_component>
      <object_component id="oc-4f0">
         <name>.text:_mcpy</name>
         <load_address>0x6652</load_address>
         <run_address>0x6652</run_address>
         <size>0x92</size>
         <input_file_ref idref="fl-1e"/>
      </object_component>
      <object_component id="oc-248">
         <name>.text:fputc</name>
         <load_address>0x66e4</load_address>
         <run_address>0x66e4</run_address>
         <size>0x90</size>
         <input_file_ref idref="fl-1f"/>
      </object_component>
      <object_component id="oc-4ea">
         <name>.text:_ecpy</name>
         <load_address>0x6774</load_address>
         <run_address>0x6774</run_address>
         <size>0x8e</size>
         <input_file_ref idref="fl-1e"/>
      </object_component>
      <object_component id="oc-4a5">
         <name>.text:HOSTlseek</name>
         <load_address>0x6802</load_address>
         <run_address>0x6802</run_address>
         <size>0x88</size>
         <input_file_ref idref="fl-7c"/>
      </object_component>
      <object_component id="oc-23f">
         <name>.text:printMatX</name>
         <load_address>0x688a</load_address>
         <run_address>0x688a</run_address>
         <size>0x88</size>
         <input_file_ref idref="fl-2"/>
      </object_component>
      <object_component id="oc-24e">
         <name>.text:printMatY</name>
         <load_address>0x6912</load_address>
         <run_address>0x6912</run_address>
         <size>0x88</size>
         <input_file_ref idref="fl-2"/>
      </object_component>
      <object_component id="oc-254">
         <name>.text:printMatZED</name>
         <load_address>0x699a</load_address>
         <run_address>0x699a</run_address>
         <size>0x88</size>
         <input_file_ref idref="fl-2"/>
      </object_component>
      <object_component id="oc-59a">
         <name>.text:ltoa</name>
         <load_address>0x6a22</load_address>
         <run_address>0x6a22</run_address>
         <size>0x84</size>
         <input_file_ref idref="fl-64"/>
      </object_component>
      <object_component id="oc-47">
         <name>.text:decompress:lzss:__TI_decompress_lzss</name>
         <load_address>0x6aa6</load_address>
         <run_address>0x6aa6</run_address>
         <size>0x7c</size>
         <input_file_ref idref="fl-50"/>
      </object_component>
      <object_component id="oc-2c1">
         <name>.text:__TI_wrt_ok</name>
         <load_address>0x6b22</load_address>
         <run_address>0x6b22</run_address>
         <size>0x7a</size>
         <input_file_ref idref="fl-21"/>
      </object_component>
      <object_component id="oc-445">
         <name>.text:_pconv_f</name>
         <load_address>0x6b9c</load_address>
         <run_address>0x6b9c</run_address>
         <size>0x7a</size>
         <input_file_ref idref="fl-1e"/>
      </object_component>
      <object_component id="oc-481">
         <name>.text:__TI_closefile</name>
         <load_address>0x6c16</load_address>
         <run_address>0x6c16</run_address>
         <size>0x72</size>
         <input_file_ref idref="fl-85"/>
      </object_component>
      <object_component id="oc-594">
         <name>.text:__mspabi_fixdli</name>
         <load_address>0x6c88</load_address>
         <run_address>0x6c88</run_address>
         <size>0x72</size>
         <input_file_ref idref="fl-55"/>
      </object_component>
      <object_component id="oc-356">
         <name>.text:fseek</name>
         <load_address>0x6cfa</load_address>
         <run_address>0x6cfa</run_address>
         <size>0x70</size>
         <input_file_ref idref="fl-73"/>
      </object_component>
      <object_component id="oc-537">
         <name>.text:split</name>
         <load_address>0x6d6a</load_address>
         <run_address>0x6d6a</run_address>
         <size>0x6e</size>
         <input_file_ref idref="fl-68"/>
      </object_component>
      <object_component id="oc-4b1">
         <name>.text:HOSTrename</name>
         <load_address>0x6dd8</load_address>
         <run_address>0x6dd8</run_address>
         <size>0x6a</size>
         <input_file_ref idref="fl-7f"/>
      </object_component>
      <object_component id="oc-48d">
         <name>.text:HOSTopen</name>
         <load_address>0x6e42</load_address>
         <run_address>0x6e42</run_address>
         <size>0x66</size>
         <input_file_ref idref="fl-7d"/>
      </object_component>
      <object_component id="oc-49f">
         <name>.text:HOSTwrite</name>
         <load_address>0x6ea8</load_address>
         <run_address>0x6ea8</run_address>
         <size>0x62</size>
         <input_file_ref idref="fl-81"/>
      </object_component>
      <object_component id="oc-2c7">
         <name>.text:__TI_doflush</name>
         <load_address>0x6f0a</load_address>
         <run_address>0x6f0a</run_address>
         <size>0x62</size>
         <input_file_ref idref="fl-71"/>
      </object_component>
      <object_component id="oc-499">
         <name>.text:HOSTread</name>
         <load_address>0x6f6c</load_address>
         <run_address>0x6f6c</run_address>
         <size>0x60</size>
         <input_file_ref idref="fl-7e"/>
      </object_component>
      <object_component id="oc-61c">
         <name>.text:l_lsr_const</name>
         <load_address>0x6fcc</load_address>
         <run_address>0x6fcc</run_address>
         <size>0x5c</size>
         <input_file_ref idref="fl-77"/>
      </object_component>
      <object_component id="oc-280">
         <name>.text:__TI_auto_init_nobinit_nopinit_hold_wdt:__TI_auto_init_nobinit_nopinit_hold_wdt</name>
         <load_address>0x7028</load_address>
         <run_address>0x7028</run_address>
         <size>0x58</size>
         <input_file_ref idref="fl-46"/>
      </object_component>
      <object_component id="oc-5ee">
         <name>.text:getdevice</name>
         <load_address>0x7080</load_address>
         <run_address>0x7080</run_address>
         <size>0x58</size>
         <input_file_ref idref="fl-86"/>
      </object_component>
      <object_component id="oc-4cb">
         <name>.text</name>
         <load_address>0x70d8</load_address>
         <run_address>0x70d8</run_address>
         <size>0x58</size>
         <input_file_ref idref="fl-29"/>
      </object_component>
      <object_component id="oc-39c">
         <name>.text:atoi</name>
         <load_address>0x7130</load_address>
         <run_address>0x7130</run_address>
         <size>0x52</size>
         <input_file_ref idref="fl-61"/>
      </object_component>
      <object_component id="oc-4fd">
         <name>.text:_fcpy</name>
         <load_address>0x7182</load_address>
         <run_address>0x7182</run_address>
         <size>0x4e</size>
         <input_file_ref idref="fl-1e"/>
      </object_component>
      <object_component id="oc-168">
         <name>.text</name>
         <load_address>0x71d0</load_address>
         <run_address>0x71d0</run_address>
         <size>0x4c</size>
         <input_file_ref idref="fl-3e"/>
      </object_component>
      <object_component id="oc-53e">
         <name>.text:close</name>
         <load_address>0x721c</load_address>
         <run_address>0x721c</run_address>
         <size>0x4a</size>
         <input_file_ref idref="fl-8b"/>
      </object_component>
      <object_component id="oc-4d5">
         <name>.text:__mspabi_srlll</name>
         <load_address>0x7266</load_address>
         <run_address>0x7266</run_address>
         <size>0x46</size>
         <input_file_ref idref="fl-4b"/>
      </object_component>
      <object_component id="oc-493">
         <name>.text:HOSTclose</name>
         <load_address>0x72ac</load_address>
         <run_address>0x72ac</run_address>
         <size>0x44</size>
         <input_file_ref idref="fl-7b"/>
      </object_component>
      <object_component id="oc-578">
         <name>.text:__mspabi_sllll</name>
         <load_address>0x72f0</load_address>
         <run_address>0x72f0</run_address>
         <size>0x44</size>
         <input_file_ref idref="fl-79"/>
      </object_component>
      <object_component id="oc-262">
         <name>.text:exit</name>
         <load_address>0x7334</load_address>
         <run_address>0x7334</run_address>
         <size>0x44</size>
         <input_file_ref idref="fl-5e"/>
      </object_component>
      <object_component id="oc-4ab">
         <name>.text:HOSTunlink</name>
         <load_address>0x7378</load_address>
         <run_address>0x7378</run_address>
         <size>0x40</size>
         <input_file_ref idref="fl-80"/>
      </object_component>
      <object_component id="oc-615">
         <name>.text</name>
         <load_address>0x73b8</load_address>
         <run_address>0x73b8</run_address>
         <size>0x40</size>
         <input_file_ref idref="fl-75"/>
      </object_component>
      <object_component id="oc-62c">
         <name>.text:l_asr_const</name>
         <load_address>0x73f8</load_address>
         <run_address>0x73f8</run_address>
         <size>0x3e</size>
         <input_file_ref idref="fl-74"/>
      </object_component>
      <object_component id="oc-565">
         <name>.text:l_lsl_const</name>
         <load_address>0x7436</load_address>
         <run_address>0x7436</run_address>
         <size>0x3e</size>
         <input_file_ref idref="fl-76"/>
      </object_component>
      <object_component id="oc-239">
         <name>.text:printf</name>
         <load_address>0x7474</load_address>
         <run_address>0x7474</run_address>
         <size>0x3c</size>
         <input_file_ref idref="fl-1d"/>
      </object_component>
      <object_component id="oc-3e8">
         <name>.text:__TI_cleanup</name>
         <load_address>0x74b0</load_address>
         <run_address>0x74b0</run_address>
         <size>0x34</size>
         <input_file_ref idref="fl-72"/>
      </object_component>
      <object_component id="oc-658">
         <name>.text:finddevice</name>
         <load_address>0x74e4</load_address>
         <run_address>0x74e4</run_address>
         <size>0x34</size>
         <input_file_ref idref="fl-86"/>
      </object_component>
      <object_component id="oc-552">
         <name>.text:__TI_writemsg</name>
         <load_address>0x7518</load_address>
         <run_address>0x7518</run_address>
         <size>0x2e</size>
         <input_file_ref idref="fl-82"/>
      </object_component>
      <object_component id="oc-5a6">
         <name>.text:__mspabi_subd</name>
         <load_address>0x7546</load_address>
         <run_address>0x7546</run_address>
         <size>0x2e</size>
         <input_file_ref idref="fl-5d"/>
      </object_component>
      <object_component id="oc-645">
         <name>.text:copysign</name>
         <load_address>0x7574</load_address>
         <run_address>0x7574</run_address>
         <size>0x2e</size>
         <input_file_ref idref="fl-26"/>
      </object_component>
      <object_component id="oc-631">
         <name>.text</name>
         <load_address>0x75a2</load_address>
         <run_address>0x75a2</run_address>
         <size>0x2e</size>
         <input_file_ref idref="fl-42"/>
      </object_component>
      <object_component id="oc-558">
         <name>.text:__TI_readmsg</name>
         <load_address>0x75d0</load_address>
         <run_address>0x75d0</run_address>
         <size>0x2c</size>
         <input_file_ref idref="fl-82"/>
      </object_component>
      <object_component id="oc-587">
         <name>.text</name>
         <load_address>0x75fc</load_address>
         <run_address>0x75fc</run_address>
         <size>0x2c</size>
         <input_file_ref idref="fl-27"/>
      </object_component>
      <object_component id="oc-163">
         <name>.text</name>
         <load_address>0x7628</load_address>
         <run_address>0x7628</run_address>
         <size>0x2c</size>
         <input_file_ref idref="fl-3d"/>
      </object_component>
      <object_component id="oc-652">
         <name>.text:strncpy</name>
         <load_address>0x7654</load_address>
         <run_address>0x7654</run_address>
         <size>0x2c</size>
         <input_file_ref idref="fl-89"/>
      </object_component>
      <object_component id="oc-439">
         <name>.text:__mspabi_negd</name>
         <load_address>0x7680</load_address>
         <run_address>0x7680</run_address>
         <size>0x2a</size>
         <input_file_ref idref="fl-5b"/>
      </object_component>
      <object_component id="oc-5ac">
         <name>.text:__mspabi_fixdi</name>
         <load_address>0x76aa</load_address>
         <run_address>0x76aa</run_address>
         <size>0x28</size>
         <input_file_ref idref="fl-54"/>
      </object_component>
      <object_component id="oc-473">
         <name>.text:free_list_insert</name>
         <load_address>0x76d2</load_address>
         <run_address>0x76d2</run_address>
         <size>0x28</size>
         <input_file_ref idref="fl-68"/>
      </object_component>
      <object_component id="oc-545">
         <name>.text:unlink</name>
         <load_address>0x76fa</load_address>
         <run_address>0x76fa</run_address>
         <size>0x28</size>
         <input_file_ref idref="fl-8c"/>
      </object_component>
      <object_component id="oc-3d4">
         <name>.text:lseek</name>
         <load_address>0x7722</load_address>
         <run_address>0x7722</run_address>
         <size>0x26</size>
         <input_file_ref idref="fl-84"/>
      </object_component>
      <object_component id="oc-2cd">
         <name>.text:write</name>
         <load_address>0x7748</load_address>
         <run_address>0x7748</run_address>
         <size>0x24</size>
         <input_file_ref idref="fl-6e"/>
      </object_component>
      <object_component id="oc-1a1">
         <name>.text:_c_int00_noargs</name>
         <load_address>0x776c</load_address>
         <run_address>0x776c</run_address>
         <size>0x1c</size>
         <input_file_ref idref="fl-45"/>
      </object_component>
      <object_component id="oc-46d">
         <name>.text:free_list_remove</name>
         <load_address>0x7788</load_address>
         <run_address>0x7788</run_address>
         <size>0x1c</size>
         <input_file_ref idref="fl-68"/>
      </object_component>
      <object_component id="oc-3b6">
         <name>.text:memccpy</name>
         <load_address>0x77a4</load_address>
         <run_address>0x77a4</run_address>
         <size>0x1a</size>
         <input_file_ref idref="fl-65"/>
      </object_component>
      <object_component id="oc-5da">
         <name>.text:strchr</name>
         <load_address>0x77be</load_address>
         <run_address>0x77be</run_address>
         <size>0x1a</size>
         <input_file_ref idref="fl-6a"/>
      </object_component>
      <object_component id="oc-688">
         <name>.text:strcmp</name>
         <load_address>0x77d8</load_address>
         <run_address>0x77d8</run_address>
         <size>0x18</size>
         <input_file_ref idref="fl-87"/>
      </object_component>
      <object_component id="oc-4d0">
         <name>.text</name>
         <load_address>0x77f0</load_address>
         <run_address>0x77f0</run_address>
         <size>0x16</size>
         <input_file_ref idref="fl-28"/>
      </object_component>
      <object_component id="oc-18f">
         <name>.text:decompress:ZI:__TI_zero_init_nomemset:__TI_zero_init_nomemset</name>
         <load_address>0x7806</load_address>
         <run_address>0x7806</run_address>
         <size>0x14</size>
         <input_file_ref idref="fl-47"/>
      </object_component>
      <object_component id="oc-392">
         <name>.text:memchr</name>
         <load_address>0x781a</load_address>
         <run_address>0x781a</run_address>
         <size>0x14</size>
         <input_file_ref idref="fl-66"/>
      </object_component>
      <object_component id="oc-3a3">
         <name>.text:memset</name>
         <load_address>0x782e</load_address>
         <run_address>0x782e</run_address>
         <size>0x14</size>
         <input_file_ref idref="fl-69"/>
      </object_component>
      <object_component id="oc-233">
         <name>.text</name>
         <load_address>0x7842</load_address>
         <run_address>0x7842</run_address>
         <size>0x14</size>
         <input_file_ref idref="fl-40"/>
      </object_component>
      <object_component id="oc-3be">
         <name>.text:wcslen</name>
         <load_address>0x7856</load_address>
         <run_address>0x7856</run_address>
         <size>0x14</size>
         <input_file_ref idref="fl-25"/>
      </object_component>
      <object_component id="oc-4d">
         <name>.text:decompress:none:__TI_decompress_none</name>
         <load_address>0x786a</load_address>
         <run_address>0x786a</run_address>
         <size>0x12</size>
         <input_file_ref idref="fl-4f"/>
      </object_component>
      <object_component id="oc-57e">
         <name>.text:l_lsr</name>
         <load_address>0x787c</load_address>
         <run_address>0x787c</run_address>
         <size>0x12</size>
         <input_file_ref idref="fl-77"/>
      </object_component>
      <object_component id="oc-17d">
         <name>.text:memcpy</name>
         <load_address>0x788e</load_address>
         <run_address>0x788e</run_address>
         <size>0x12</size>
         <input_file_ref idref="fl-67"/>
      </object_component>
      <object_component id="oc-696">
         <name>.text:l_asr</name>
         <load_address>0x78a0</load_address>
         <run_address>0x78a0</run_address>
         <size>0x10</size>
         <input_file_ref idref="fl-74"/>
      </object_component>
      <object_component id="oc-691">
         <name>.text:l_lsl</name>
         <load_address>0x78b0</load_address>
         <run_address>0x78b0</run_address>
         <size>0x10</size>
         <input_file_ref idref="fl-76"/>
      </object_component>
      <object_component id="oc-16d">
         <name>.text</name>
         <load_address>0x78c0</load_address>
         <run_address>0x78c0</run_address>
         <size>0x10</size>
         <input_file_ref idref="fl-2a"/>
      </object_component>
      <object_component id="oc-56e">
         <name>.text:strcpy</name>
         <load_address>0x78d0</load_address>
         <run_address>0x78d0</run_address>
         <size>0x10</size>
         <input_file_ref idref="fl-88"/>
      </object_component>
      <object_component id="oc-321">
         <name>.text:strlen</name>
         <load_address>0x78e0</load_address>
         <run_address>0x78e0</run_address>
         <size>0xe</size>
         <input_file_ref idref="fl-6b"/>
      </object_component>
      <object_component id="oc-5e0">
         <name>.text:__mspabi_fltid</name>
         <load_address>0x78ee</load_address>
         <run_address>0x78ee</run_address>
         <size>0xc</size>
         <input_file_ref idref="fl-56"/>
      </object_component>
      <object_component id="oc-433">
         <name>.text:toupper</name>
         <load_address>0x78fa</load_address>
         <run_address>0x78fa</run_address>
         <size>0xc</size>
         <input_file_ref idref="fl-6c"/>
      </object_component>
      <object_component id="oc-5b3">
         <name>.text:abs</name>
         <load_address>0x7906</load_address>
         <run_address>0x7906</run_address>
         <size>0xa</size>
         <input_file_ref idref="fl-70"/>
      </object_component>
      <object_component id="oc-3e2">
         <name>.text:malloc</name>
         <load_address>0x7910</load_address>
         <run_address>0x7910</run_address>
         <size>0x8</size>
         <input_file_ref idref="fl-68"/>
      </object_component>
      <object_component id="oc-2ab">
         <name>.text:_outc</name>
         <load_address>0x7918</load_address>
         <run_address>0x7918</run_address>
         <size>0x6</size>
         <input_file_ref idref="fl-1d"/>
      </object_component>
      <object_component id="oc-25c">
         <name>.text:abort</name>
         <load_address>0x791e</load_address>
         <run_address>0x791e</run_address>
         <size>0x6</size>
         <input_file_ref idref="fl-5e"/>
      </object_component>
      <object_component id="oc-2a5">
         <name>.text:_outs</name>
         <load_address>0x7924</load_address>
         <run_address>0x7924</run_address>
         <size>0x4</size>
         <input_file_ref idref="fl-1d"/>
      </object_component>
      <object_component id="oc-1f0">
         <name>.text:_system_pre_init</name>
         <load_address>0x7928</load_address>
         <run_address>0x7928</run_address>
         <size>0x4</size>
         <input_file_ref idref="fl-4d"/>
      </object_component>
      <object_component id="oc-310">
         <name>.text:_nop</name>
         <load_address>0x792c</load_address>
         <run_address>0x792c</run_address>
         <size>0x2</size>
         <input_file_ref idref="fl-5f"/>
      </object_component>
      <object_component id="oc-2ef">
         <name>.text:_system_post_cinit</name>
         <load_address>0x792e</load_address>
         <run_address>0x792e</run_address>
         <size>0x2</size>
         <input_file_ref idref="fl-4e"/>
      </object_component>
      <object_component id="oc-18a">
         <name>.text:_isr:__TI_ISR_TRAP</name>
         <load_address>0x7c1c</load_address>
         <run_address>0x7c1c</run_address>
         <size>0x8</size>
         <input_file_ref idref="fl-3c"/>
      </object_component>
      <object_component id="oc-704">
         <name>.cinit..data.load</name>
         <load_address>0x7c24</load_address>
         <run_address>0x7c24</run_address>
         <size>0x44</size>
      </object_component>
      <object_component id="oc-701">
         <name>__TI_handler_table</name>
         <load_address>0x7c68</load_address>
         <run_address>0x7c68</run_address>
         <size>0x6</size>
      </object_component>
      <object_component id="oc-703">
         <name>.cinit..bss.load</name>
         <load_address>0x7c6e</load_address>
         <run_address>0x7c6e</run_address>
         <size>0x4</size>
      </object_component>
      <object_component id="oc-702">
         <name>__TI_cinit_table</name>
         <load_address>0x7c72</load_address>
         <run_address>0x7c72</run_address>
         <size>0x8</size>
      </object_component>
      <object_component id="oc-41a">
         <name>.const:.string:_ctypes_</name>
         <load_address>0x7930</load_address>
         <run_address>0x7930</run_address>
         <size>0x101</size>
         <input_file_ref idref="fl-62"/>
      </object_component>
      <object_component id="oc-22a">
         <name>.const:$P$T0$1</name>
         <load_address>0x7a32</load_address>
         <run_address>0x7a32</run_address>
         <size>0x80</size>
         <input_file_ref idref="fl-2"/>
      </object_component>
      <object_component id="oc-22d">
         <name>.const:$P$T1$2</name>
         <load_address>0x7ab2</load_address>
         <run_address>0x7ab2</run_address>
         <size>0x80</size>
         <input_file_ref idref="fl-2"/>
      </object_component>
      <object_component id="oc-230">
         <name>.const:$P$T2$3</name>
         <load_address>0x7b32</load_address>
         <run_address>0x7b32</run_address>
         <size>0x80</size>
         <input_file_ref idref="fl-2"/>
      </object_component>
      <object_component id="oc-238">
         <name>.const:.string</name>
         <load_address>0x7bb2</load_address>
         <run_address>0x7bb2</run_address>
         <size>0x44</size>
         <input_file_ref idref="fl-2"/>
      </object_component>
      <object_component id="oc-3a9">
         <name>.const:.string</name>
         <load_address>0x7bf6</load_address>
         <run_address>0x7bf6</run_address>
         <size>0x26</size>
         <input_file_ref idref="fl-1e"/>
      </object_component>
      <object_component id="oc-5fa">
         <name>.cio</name>
         <uninitialized>true</uninitialized>
         <run_address>0x122c</run_address>
         <size>0x120</size>
         <input_file_ref idref="fl-82"/>
      </object_component>
      <object_component id="oc-6b4">
         <name>.binit</name>
         <load_address>0x3100</load_address>
         <run_address>0x3100</run_address>
         <size>0x0</size>
      </object_component>
      <object_component id="oc-53">
         <name>.int14</name>
         <load_address>0xffdc</load_address>
         <run_address>0xffdc</run_address>
         <size>0x2</size>
         <input_file_ref idref="fl-2b"/>
      </object_component>
      <object_component id="oc-54">
         <name>.int15</name>
         <load_address>0xffde</load_address>
         <run_address>0xffde</run_address>
         <size>0x2</size>
         <input_file_ref idref="fl-2c"/>
      </object_component>
      <object_component id="oc-55">
         <name>.int16</name>
         <load_address>0xffe0</load_address>
         <run_address>0xffe0</run_address>
         <size>0x2</size>
         <input_file_ref idref="fl-2d"/>
      </object_component>
      <object_component id="oc-56">
         <name>.int17</name>
         <load_address>0xffe2</load_address>
         <run_address>0xffe2</run_address>
         <size>0x2</size>
         <input_file_ref idref="fl-2e"/>
      </object_component>
      <object_component id="oc-57">
         <name>.int18</name>
         <load_address>0xffe4</load_address>
         <run_address>0xffe4</run_address>
         <size>0x2</size>
         <input_file_ref idref="fl-2f"/>
      </object_component>
      <object_component id="oc-58">
         <name>.int19</name>
         <load_address>0xffe6</load_address>
         <run_address>0xffe6</run_address>
         <size>0x2</size>
         <input_file_ref idref="fl-30"/>
      </object_component>
      <object_component id="oc-59">
         <name>.int20</name>
         <load_address>0xffe8</load_address>
         <run_address>0xffe8</run_address>
         <size>0x2</size>
         <input_file_ref idref="fl-31"/>
      </object_component>
      <object_component id="oc-5a">
         <name>.int21</name>
         <load_address>0xffea</load_address>
         <run_address>0xffea</run_address>
         <size>0x2</size>
         <input_file_ref idref="fl-32"/>
      </object_component>
      <object_component id="oc-5b">
         <name>.int22</name>
         <load_address>0xffec</load_address>
         <run_address>0xffec</run_address>
         <size>0x2</size>
         <input_file_ref idref="fl-33"/>
      </object_component>
      <object_component id="oc-5c">
         <name>.int23</name>
         <load_address>0xffee</load_address>
         <run_address>0xffee</run_address>
         <size>0x2</size>
         <input_file_ref idref="fl-34"/>
      </object_component>
      <object_component id="oc-5d">
         <name>.int24</name>
         <load_address>0xfff0</load_address>
         <run_address>0xfff0</run_address>
         <size>0x2</size>
         <input_file_ref idref="fl-35"/>
      </object_component>
      <object_component id="oc-5e">
         <name>.int25</name>
         <load_address>0xfff2</load_address>
         <run_address>0xfff2</run_address>
         <size>0x2</size>
         <input_file_ref idref="fl-36"/>
      </object_component>
      <object_component id="oc-5f">
         <name>.int26</name>
         <load_address>0xfff4</load_address>
         <run_address>0xfff4</run_address>
         <size>0x2</size>
         <input_file_ref idref="fl-37"/>
      </object_component>
      <object_component id="oc-60">
         <name>.int27</name>
         <load_address>0xfff6</load_address>
         <run_address>0xfff6</run_address>
         <size>0x2</size>
         <input_file_ref idref="fl-38"/>
      </object_component>
      <object_component id="oc-61">
         <name>.int28</name>
         <load_address>0xfff8</load_address>
         <run_address>0xfff8</run_address>
         <size>0x2</size>
         <input_file_ref idref="fl-39"/>
      </object_component>
      <object_component id="oc-62">
         <name>.int29</name>
         <load_address>0xfffa</load_address>
         <run_address>0xfffa</run_address>
         <size>0x2</size>
         <input_file_ref idref="fl-3a"/>
      </object_component>
      <object_component id="oc-63">
         <name>.int30</name>
         <load_address>0xfffc</load_address>
         <run_address>0xfffc</run_address>
         <size>0x2</size>
         <input_file_ref idref="fl-3b"/>
      </object_component>
      <object_component id="oc-15f">
         <name>.reset</name>
         <load_address>0xfffe</load_address>
         <run_address>0xfffe</run_address>
         <size>0x2</size>
         <input_file_ref idref="fl-45"/>
      </object_component>
      <object_component id="oc-25b">
         <name>.debug_info</name>
         <load_address>0x0</load_address>
         <run_address>0x0</run_address>
         <size>0x265</size>
         <input_file_ref idref="fl-2"/>
      </object_component>
      <object_component id="oc-22b">
         <name>.debug_info</name>
         <load_address>0x265</load_address>
         <run_address>0x265</run_address>
         <size>0xd3</size>
         <input_file_ref idref="fl-2"/>
      </object_component>
      <object_component id="oc-22e">
         <name>.debug_info</name>
         <load_address>0x338</load_address>
         <run_address>0x338</run_address>
         <size>0xd3</size>
         <input_file_ref idref="fl-2"/>
      </object_component>
      <object_component id="oc-231">
         <name>.debug_info</name>
         <load_address>0x40b</load_address>
         <run_address>0x40b</run_address>
         <size>0xd3</size>
         <input_file_ref idref="fl-2"/>
      </object_component>
      <object_component id="oc-1f8">
         <name>.debug_info</name>
         <load_address>0x4de</load_address>
         <run_address>0x4de</run_address>
         <size>0x28b</size>
         <input_file_ref idref="fl-2"/>
      </object_component>
      <object_component id="oc-240">
         <name>.debug_info</name>
         <load_address>0x769</load_address>
         <run_address>0x769</run_address>
         <size>0x1ac</size>
         <input_file_ref idref="fl-2"/>
      </object_component>
      <object_component id="oc-250">
         <name>.debug_info</name>
         <load_address>0x915</load_address>
         <run_address>0x915</run_address>
         <size>0x1ac</size>
         <input_file_ref idref="fl-2"/>
      </object_component>
      <object_component id="oc-256">
         <name>.debug_info</name>
         <load_address>0xac1</load_address>
         <run_address>0xac1</run_address>
         <size>0x1b0</size>
         <input_file_ref idref="fl-2"/>
      </object_component>
      <object_component id="oc-2d9">
         <name>.debug_info</name>
         <load_address>0xc71</load_address>
         <run_address>0xc71</run_address>
         <size>0x26b</size>
         <input_file_ref idref="fl-2"/>
      </object_component>
      <object_component id="oc-178">
         <name>.debug_info</name>
         <load_address>0xedc</load_address>
         <run_address>0xedc</run_address>
         <size>0x84</size>
         <input_file_ref idref="fl-2"/>
      </object_component>
      <object_component id="oc-36d">
         <name>.debug_info</name>
         <load_address>0xf60</load_address>
         <run_address>0xf60</run_address>
         <size>0x275</size>
         <input_file_ref idref="fl-2"/>
      </object_component>
      <object_component id="oc-2de">
         <name>.debug_info</name>
         <load_address>0x11d5</load_address>
         <run_address>0x11d5</run_address>
         <size>0xcc</size>
         <input_file_ref idref="fl-2"/>
      </object_component>
      <object_component id="oc-341">
         <name>.debug_info</name>
         <load_address>0x12a1</load_address>
         <run_address>0x12a1</run_address>
         <size>0x2c</size>
         <input_file_ref idref="fl-2"/>
      </object_component>
      <object_component id="oc-2bb">
         <name>.debug_info</name>
         <load_address>0x12cd</load_address>
         <run_address>0x12cd</run_address>
         <size>0x2c1</size>
         <input_file_ref idref="fl-1d"/>
      </object_component>
      <object_component id="oc-2ac">
         <name>.debug_info</name>
         <load_address>0x158e</load_address>
         <run_address>0x158e</run_address>
         <size>0x166</size>
         <input_file_ref idref="fl-1d"/>
      </object_component>
      <object_component id="oc-2a6">
         <name>.debug_info</name>
         <load_address>0x16f4</load_address>
         <run_address>0x16f4</run_address>
         <size>0x16a</size>
         <input_file_ref idref="fl-1d"/>
      </object_component>
      <object_component id="oc-23b">
         <name>.debug_info</name>
         <load_address>0x185e</load_address>
         <run_address>0x185e</run_address>
         <size>0x188</size>
         <input_file_ref idref="fl-1d"/>
      </object_component>
      <object_component id="oc-34f">
         <name>.debug_info</name>
         <load_address>0x19e6</load_address>
         <run_address>0x19e6</run_address>
         <size>0xb2</size>
         <input_file_ref idref="fl-1d"/>
      </object_component>
      <object_component id="oc-340">
         <name>.debug_info</name>
         <load_address>0x1a98</load_address>
         <run_address>0x1a98</run_address>
         <size>0x428</size>
         <input_file_ref idref="fl-1e"/>
      </object_component>
      <object_component id="oc-328">
         <name>.debug_info</name>
         <load_address>0x1ec0</load_address>
         <run_address>0x1ec0</run_address>
         <size>0x232</size>
         <input_file_ref idref="fl-1e"/>
      </object_component>
      <object_component id="oc-422">
         <name>.debug_info</name>
         <load_address>0x20f2</load_address>
         <run_address>0x20f2</run_address>
         <size>0x1b7</size>
         <input_file_ref idref="fl-1e"/>
      </object_component>
      <object_component id="oc-428">
         <name>.debug_info</name>
         <load_address>0x22a9</load_address>
         <run_address>0x22a9</run_address>
         <size>0x28b</size>
         <input_file_ref idref="fl-1e"/>
      </object_component>
      <object_component id="oc-3ab">
         <name>.debug_info</name>
         <load_address>0x2534</load_address>
         <run_address>0x2534</run_address>
         <size>0x24f</size>
         <input_file_ref idref="fl-1e"/>
      </object_component>
      <object_component id="oc-4e5">
         <name>.debug_info</name>
         <load_address>0x2783</load_address>
         <run_address>0x2783</run_address>
         <size>0x3cf</size>
         <input_file_ref idref="fl-1e"/>
      </object_component>
      <object_component id="oc-4eb">
         <name>.debug_info</name>
         <load_address>0x2b52</load_address>
         <run_address>0x2b52</run_address>
         <size>0x1c1</size>
         <input_file_ref idref="fl-1e"/>
      </object_component>
      <object_component id="oc-4f1">
         <name>.debug_info</name>
         <load_address>0x2d13</load_address>
         <run_address>0x2d13</run_address>
         <size>0x21f</size>
         <input_file_ref idref="fl-1e"/>
      </object_component>
      <object_component id="oc-441">
         <name>.debug_info</name>
         <load_address>0x2f32</load_address>
         <run_address>0x2f32</run_address>
         <size>0x271</size>
         <input_file_ref idref="fl-1e"/>
      </object_component>
      <object_component id="oc-4f8">
         <name>.debug_info</name>
         <load_address>0x31a3</load_address>
         <run_address>0x31a3</run_address>
         <size>0x3e6</size>
         <input_file_ref idref="fl-1e"/>
      </object_component>
      <object_component id="oc-4fe">
         <name>.debug_info</name>
         <load_address>0x3589</load_address>
         <run_address>0x3589</run_address>
         <size>0x20a</size>
         <input_file_ref idref="fl-1e"/>
      </object_component>
      <object_component id="oc-446">
         <name>.debug_info</name>
         <load_address>0x3793</load_address>
         <run_address>0x3793</run_address>
         <size>0x236</size>
         <input_file_ref idref="fl-1e"/>
      </object_component>
      <object_component id="oc-44d">
         <name>.debug_info</name>
         <load_address>0x39c9</load_address>
         <run_address>0x39c9</run_address>
         <size>0x37a</size>
         <input_file_ref idref="fl-1e"/>
      </object_component>
      <object_component id="oc-519">
         <name>.debug_info</name>
         <load_address>0x3d43</load_address>
         <run_address>0x3d43</run_address>
         <size>0x45d</size>
         <input_file_ref idref="fl-1e"/>
      </object_component>
      <object_component id="oc-452">
         <name>.debug_info</name>
         <load_address>0x41a0</load_address>
         <run_address>0x41a0</run_address>
         <size>0x284</size>
         <input_file_ref idref="fl-1e"/>
      </object_component>
      <object_component id="oc-3b2">
         <name>.debug_info</name>
         <load_address>0x4424</load_address>
         <run_address>0x4424</run_address>
         <size>0x399</size>
         <input_file_ref idref="fl-1e"/>
      </object_component>
      <object_component id="oc-32f">
         <name>.debug_info</name>
         <load_address>0x47bd</load_address>
         <run_address>0x47bd</run_address>
         <size>0x309</size>
         <input_file_ref idref="fl-1e"/>
      </object_component>
      <object_component id="oc-334">
         <name>.debug_info</name>
         <load_address>0x4ac6</load_address>
         <run_address>0x4ac6</run_address>
         <size>0x271</size>
         <input_file_ref idref="fl-1e"/>
      </object_component>
      <object_component id="oc-33a">
         <name>.debug_info</name>
         <load_address>0x4d37</load_address>
         <run_address>0x4d37</run_address>
         <size>0x26e</size>
         <input_file_ref idref="fl-1e"/>
      </object_component>
      <object_component id="oc-2b3">
         <name>.debug_info</name>
         <load_address>0x4fa5</load_address>
         <run_address>0x4fa5</run_address>
         <size>0x34b</size>
         <input_file_ref idref="fl-1e"/>
      </object_component>
      <object_component id="oc-346">
         <name>.debug_info</name>
         <load_address>0x52f0</load_address>
         <run_address>0x52f0</run_address>
         <size>0x86</size>
         <input_file_ref idref="fl-1e"/>
      </object_component>
      <object_component id="oc-3cf">
         <name>.debug_info</name>
         <load_address>0x5376</load_address>
         <run_address>0x5376</run_address>
         <size>0x39</size>
         <input_file_ref idref="fl-1e"/>
      </object_component>
      <object_component id="oc-58d">
         <name>.debug_info</name>
         <load_address>0x53af</load_address>
         <run_address>0x53af</run_address>
         <size>0x94</size>
         <input_file_ref idref="fl-1e"/>
      </object_component>
      <object_component id="oc-4dc">
         <name>.debug_info</name>
         <load_address>0x5443</load_address>
         <run_address>0x5443</run_address>
         <size>0x46</size>
         <input_file_ref idref="fl-1e"/>
      </object_component>
      <object_component id="oc-42e">
         <name>.debug_info</name>
         <load_address>0x5489</load_address>
         <run_address>0x5489</run_address>
         <size>0x46</size>
         <input_file_ref idref="fl-1e"/>
      </object_component>
      <object_component id="oc-3ca">
         <name>.debug_info</name>
         <load_address>0x54cf</load_address>
         <run_address>0x54cf</run_address>
         <size>0x2c</size>
         <input_file_ref idref="fl-1e"/>
[...]
         <name>__TI_dtors_ptr</name>
         <value>0x143c</value>
         <object_component_ref idref="oc-2e7"/>
      </symbol>
      <symbol id="sm-56c">
         <name>__TI_cleanup_ptr</name>
         <value>0x143a</value>
         <object_component_ref idref="oc-2ea"/>
      </symbol>
      <symbol id="sm-57b">
         <name>__mspabi_srlll</name>
         <value>0x7266</value>
         <object_component_ref idref="oc-4d5"/>
      </symbol>
      <symbol id="sm-5ae">
         <name>__mspabi_divull</name>
         <value>0x3578</value>
         <object_component_ref idref="oc-4c5"/>
      </symbol>
      <symbol id="sm-5b7">
         <name>_system_pre_init</name>
         <value>0x7928</value>
         <object_component_ref idref="oc-1f0"/>
      </symbol>
      <symbol id="sm-5c0">
         <name>_system_post_cinit</name>
         <value>0x792e</value>
         <object_component_ref idref="oc-2ef"/>
      </symbol>
      <symbol id="sm-5d6">
         <name>__TI_decompress_none</name>
         <value>0x786a</value>
         <object_component_ref idref="oc-4d"/>
      </symbol>
      <symbol id="sm-5f9">
         <name>__TI_decompress_lzss</name>
         <value>0x6aa6</value>
         <object_component_ref idref="oc-47"/>
      </symbol>
      <symbol id="sm-620">
         <name>__mspabi_addd</name>
         <value>0x38d8</value>
         <object_component_ref idref="oc-623"/>
      </symbol>
      <symbol id="sm-63a">
         <name>__mspabi_cmpd</name>
         <value>0x6052</value>
         <object_component_ref idref="oc-457"/>
      </symbol>
      <symbol id="sm-65b">
         <name>__mspabi_divd</name>
         <value>0x4cb2</value>
         <object_component_ref idref="oc-50a"/>
      </symbol>
      <symbol id="sm-668">
         <name>__mspabi_fixdi</name>
         <value>0x76aa</value>
         <object_component_ref idref="oc-5ac"/>
      </symbol>
      <symbol id="sm-677">
         <name>__mspabi_fixdli</name>
         <value>0x6c88</value>
         <object_component_ref idref="oc-594"/>
      </symbol>
      <symbol id="sm-680">
         <name>__mspabi_fltid</name>
         <value>0x78ee</value>
         <object_component_ref idref="oc-5e0"/>
      </symbol>
      <symbol id="sm-697">
         <name>__mspabi_fltlid</name>
         <value>0x64fa</value>
         <object_component_ref idref="oc-5a0"/>
      </symbol>
      <symbol id="sm-6b8">
         <name>__TI_frcaddd</name>
         <value>0x45bc</value>
         <object_component_ref idref="oc-673"/>
      </symbol>
      <symbol id="sm-6d3">
         <name>__TI_frcdivd</name>
         <value>0x3100</value>
         <object_component_ref idref="oc-5c5"/>
      </symbol>
      <symbol id="sm-6f5">
         <name>__mspabi_mpyd</name>
         <value>0x40e0</value>
         <object_component_ref idref="oc-504"/>
      </symbol>
      <symbol id="sm-6fe">
         <name>__mspabi_negd</name>
         <value>0x7680</value>
         <object_component_ref idref="oc-439"/>
      </symbol>
      <symbol id="sm-711">
         <name>__TI_renormd</name>
         <value>0x638c</value>
         <object_component_ref idref="oc-69b"/>
      </symbol>
      <symbol id="sm-71a">
         <name>__mspabi_subd</name>
         <value>0x7546</value>
         <object_component_ref idref="oc-5a6"/>
      </symbol>
      <symbol id="sm-737">
         <name>C$$EXIT</name>
         <value>0x791e</value>
         <object_component_ref idref="oc-25c"/>
      </symbol>
      <symbol id="sm-738">
         <name>abort</name>
         <value>0x791e</value>
         <object_component_ref idref="oc-25c"/>
      </symbol>
      <symbol id="sm-739">
         <name>__TI_enable_exit_profile_output</name>
         <value>0x1446</value>
         <object_component_ref idref="oc-2e4"/>
      </symbol>
      <symbol id="sm-73a">
         <name>exit</name>
         <value>0x7334</value>
         <object_component_ref idref="oc-262"/>
      </symbol>
      <symbol id="sm-750">
         <name>_nop</name>
         <value>0x792c</value>
         <object_component_ref idref="oc-310"/>
      </symbol>
      <symbol id="sm-751">
         <name>_lock</name>
         <value>0x143e</value>
         <object_component_ref idref="oc-2a2"/>
      </symbol>
      <symbol id="sm-752">
         <name>_unlock</name>
         <value>0x1440</value>
         <object_component_ref idref="oc-2b7"/>
      </symbol>
      <symbol id="sm-766">
         <name>atoi</name>
         <value>0x7130</value>
         <object_component_ref idref="oc-39c"/>
      </symbol>
      <symbol id="sm-770">
         <name>_ctypes_</name>
         <value>0x7930</value>
         <object_component_ref idref="oc-41a"/>
      </symbol>
      <symbol id="sm-780">
         <name>__TI_tmpnams</name>
         <value>0x144a</value>
      </symbol>
      <symbol id="sm-781">
         <name>_ftable</name>
         <value>0x134c</value>
         <object_component_ref idref="oc-245"/>
      </symbol>
      <symbol id="sm-782">
         <name>__TI_ft_end</name>
         <value>0x1442</value>
         <object_component_ref idref="oc-487"/>
      </symbol>
      <symbol id="sm-791">
         <name>ltoa</name>
         <value>0x6a22</value>
         <object_component_ref idref="oc-59a"/>
      </symbol>
      <symbol id="sm-7a0">
         <name>memccpy</name>
         <value>0x77a4</value>
         <object_component_ref idref="oc-3b6"/>
      </symbol>
      <symbol id="sm-7af">
         <name>memchr</name>
         <value>0x781a</value>
         <object_component_ref idref="oc-392"/>
      </symbol>
      <symbol id="sm-7bd">
         <name>memcpy</name>
         <value>0x788e</value>
         <object_component_ref idref="oc-17d"/>
      </symbol>
      <symbol id="sm-832">
         <name>_sys_memory</name>
         <value>0x1100</value>
         <object_component_ref idref="oc-160"/>
      </symbol>
      <symbol id="sm-833">
         <name>free</name>
         <value>0x61fe</value>
         <object_component_ref idref="oc-3dc"/>
      </symbol>
      <symbol id="sm-834">
         <name>memalign</name>
         <value>0x5e8c</value>
         <object_component_ref idref="oc-47a"/>
      </symbol>
      <symbol id="sm-835">
         <name>malloc</name>
         <value>0x7910</value>
         <object_component_ref idref="oc-3e2"/>
      </symbol>
      <symbol id="sm-836">
         <name>aligned_alloc</name>
         <value>0x5e8c</value>
         <object_component_ref idref="oc-47a"/>
      </symbol>
      <symbol id="sm-844">
         <name>memset</name>
         <value>0x782e</value>
         <object_component_ref idref="oc-3a3"/>
      </symbol>
      <symbol id="sm-853">
         <name>strchr</name>
         <value>0x77be</value>
         <object_component_ref idref="oc-5da"/>
      </symbol>
      <symbol id="sm-860">
         <name>strlen</name>
         <value>0x78e0</value>
         <object_component_ref idref="oc-321"/>
      </symbol>
      <symbol id="sm-86d">
         <name>toupper</name>
         <value>0x78fa</value>
         <object_component_ref idref="oc-433"/>
      </symbol>
      <symbol id="sm-874">
         <name>errno</name>
         <value>0x1444</value>
         <object_component_ref idref="oc-3c4"/>
      </symbol>
      <symbol id="sm-88b">
         <name>write</name>
         <value>0x7748</value>
         <object_component_ref idref="oc-2cd"/>
      </symbol>
      <symbol id="sm-89a">
         <name>_stream</name>
         <value>0x1412</value>
         <object_component_ref idref="oc-366"/>
      </symbol>
      <symbol id="sm-89b">
         <name>_device</name>
         <value>0x13c4</value>
         <object_component_ref idref="oc-3f9"/>
      </symbol>
      <symbol id="sm-8a5">
         <name>abs</name>
         <value>0x7906</value>
         <object_component_ref idref="oc-5b3"/>
      </symbol>
      <symbol id="sm-8b6">
         <name>__TI_doflush</name>
         <value>0x6f0a</value>
         <object_component_ref idref="oc-2c7"/>
      </symbol>
      <symbol id="sm-8c2">
         <name>__TI_cleanup</name>
         <value>0x74b0</value>
         <object_component_ref idref="oc-3e8"/>
      </symbol>
      <symbol id="sm-8d2">
         <name>fseek</name>
         <value>0x6cfa</value>
         <object_component_ref idref="oc-356"/>
      </symbol>
      <symbol id="sm-8e2">
         <name>__mspabi_sral</name>
         <value>0x78a0</value>
         <object_component_ref idref="oc-696"/>
      </symbol>
      <symbol id="sm-8e3">
         <name>__mspabi_sral_15</name>
         <value>0x73f8</value>
         <object_component_ref idref="oc-62c"/>
      </symbol>
      <symbol id="sm-8e4">
         <name>__mspabi_sral_14</name>
         <value>0x73fc</value>
         <object_component_ref idref="oc-62c"/>
      </symbol>
      <symbol id="sm-8e5">
         <name>__mspabi_sral_13</name>
         <value>0x7400</value>
         <object_component_ref idref="oc-62c"/>
      </symbol>
      <symbol id="sm-8e6">
         <name>__mspabi_sral_12</name>
         <value>0x7404</value>
         <object_component_ref idref="oc-62c"/>
      </symbol>
      <symbol id="sm-8e7">
         <name>__mspabi_sral_11</name>
         <value>0x7408</value>
         <object_component_ref idref="oc-62c"/>
      </symbol>
      <symbol id="sm-8e8">
         <name>__mspabi_sral_10</name>
         <value>0x740c</value>
         <object_component_ref idref="oc-62c"/>
      </symbol>
      <symbol id="sm-8e9">
         <name>__mspabi_sral_8</name>
         <value>0x7414</value>
         <object_component_ref idref="oc-62c"/>
      </symbol>
      <symbol id="sm-8ea">
         <name>__mspabi_sral_9</name>
         <value>0x7410</value>
         <object_component_ref idref="oc-62c"/>
      </symbol>
      <symbol id="sm-8eb">
         <name>__mspabi_sral_6</name>
         <value>0x741c</value>
         <object_component_ref idref="oc-62c"/>
      </symbol>
      <symbol id="sm-8ec">
         <name>__mspabi_sral_7</name>
         <value>0x7418</value>
         <object_component_ref idref="oc-62c"/>
      </symbol>
      <symbol id="sm-8ed">
         <name>__mspabi_sral_4</name>
         <value>0x7424</value>
         <object_component_ref idref="oc-62c"/>
      </symbol>
      <symbol id="sm-8ee">
         <name>__mspabi_sral_5</name>
         <value>0x7420</value>
         <object_component_ref idref="oc-62c"/>
      </symbol>
      <symbol id="sm-8ef">
         <name>__mspabi_sral_2</name>
         <value>0x742c</value>
         <object_component_ref idref="oc-62c"/>
      </symbol>
      <symbol id="sm-8f0">
         <name>__mspabi_sral_3</name>
         <value>0x7428</value>
         <object_component_ref idref="oc-62c"/>
      </symbol>
      <symbol id="sm-8f1">
         <name>__mspabi_sral_1</name>
         <value>0x7430</value>
         <object_component_ref idref="oc-62c"/>
      </symbol>
      <symbol id="sm-8fd">
         <name>__mspabi_remli</name>
         <value>0x73b8</value>
         <object_component_ref idref="oc-615"/>
      </symbol>
      <symbol id="sm-8fe">
         <name>__mspabi_divli</name>
         <value>0x73b8</value>
         <object_component_ref idref="oc-615"/>
      </symbol>
      <symbol id="sm-90e">
         <name>__mspabi_slll_9</name>
         <value>0x744e</value>
         <object_component_ref idref="oc-565"/>
      </symbol>
      <symbol id="sm-90f">
         <name>__mspabi_slll_8</name>
         <value>0x7452</value>
         <object_component_ref idref="oc-565"/>
      </symbol>
      <symbol id="sm-910">
         <name>__mspabi_slll_7</name>
         <value>0x7456</value>
         <object_component_ref idref="oc-565"/>
      </symbol>
      <symbol id="sm-911">
         <name>__mspabi_slll_6</name>
         <value>0x745a</value>
         <object_component_ref idref="oc-565"/>
      </symbol>
      <symbol id="sm-912">
         <name>__mspabi_slll_5</name>
         <value>0x745e</value>
         <object_component_ref idref="oc-565"/>
      </symbol>
      <symbol id="sm-913">
         <name>__mspabi_slll_4</name>
         <value>0x7462</value>
         <object_component_ref idref="oc-565"/>
      </symbol>
      <symbol id="sm-914">
         <name>__mspabi_slll_3</name>
         <value>0x7466</value>
         <object_component_ref idref="oc-565"/>
      </symbol>
      <symbol id="sm-915">
         <name>__mspabi_slll_2</name>
         <value>0x746a</value>
         <object_component_ref idref="oc-565"/>
      </symbol>
      <symbol id="sm-916">
         <name>__mspabi_slll_1</name>
         <value>0x746e</value>
         <object_component_ref idref="oc-565"/>
      </symbol>
      <symbol id="sm-917">
         <name>__mspabi_slll</name>
         <value>0x78b0</value>
         <object_component_ref idref="oc-691"/>
      </symbol>
      <symbol id="sm-918">
         <name>__mspabi_slll_15</name>
         <value>0x7436</value>
         <object_component_ref idref="oc-565"/>
      </symbol>
      <symbol id="sm-919">
         <name>__mspabi_slll_14</name>
         <value>0x743a</value>
         <object_component_ref idref="oc-565"/>
      </symbol>
      <symbol id="sm-91a">
         <name>__mspabi_slll_13</name>
         <value>0x743e</value>
         <object_component_ref idref="oc-565"/>
      </symbol>
      <symbol id="sm-91b">
         <name>__mspabi_slll_12</name>
         <value>0x7442</value>
         <object_component_ref idref="oc-565"/>
      </symbol>
      <symbol id="sm-91c">
         <name>__mspabi_slll_11</name>
         <value>0x7446</value>
         <object_component_ref idref="oc-565"/>
      </symbol>
      <symbol id="sm-91d">
         <name>__mspabi_slll_10</name>
         <value>0x744a</value>
         <object_component_ref idref="oc-565"/>
      </symbol>
      <symbol id="sm-92d">
         <name>__mspabi_srll_8</name>
         <value>0x6ff6</value>
         <object_component_ref idref="oc-61c"/>
      </symbol>
      <symbol id="sm-92e">
         <name>__mspabi_srll_9</name>
         <value>0x6ff0</value>
         <object_component_ref idref="oc-61c"/>
      </symbol>
      <symbol id="sm-92f">
         <name>__mspabi_srll_6</name>
         <value>0x7002</value>
         <object_component_ref idref="oc-61c"/>
      </symbol>
      <symbol id="sm-930">
         <name>__mspabi_srll_7</name>
         <value>0x6ffc</value>
         <object_component_ref idref="oc-61c"/>
      </symbol>
      <symbol id="sm-931">
         <name>__mspabi_srll_4</name>
         <value>0x700e</value>
         <object_component_ref idref="oc-61c"/>
      </symbol>
      <symbol id="sm-932">
         <name>__mspabi_srll_5</name>
         <value>0x7008</value>
         <object_component_ref idref="oc-61c"/>
      </symbol>
      <symbol id="sm-933">
         <name>__mspabi_srll_2</name>
         <value>0x701a</value>
         <object_component_ref idref="oc-61c"/>
      </symbol>
      <symbol id="sm-934">
         <name>__mspabi_srll_3</name>
         <value>0x7014</value>
         <object_component_ref idref="oc-61c"/>
      </symbol>
      <symbol id="sm-935">
         <name>__mspabi_srll_1</name>
         <value>0x7020</value>
         <object_component_ref idref="oc-61c"/>
      </symbol>
      <symbol id="sm-936">
         <name>__mspabi_srll_15</name>
         <value>0x6fcc</value>
         <object_component_ref idref="oc-61c"/>
      </symbol>
      <symbol id="sm-937">
         <name>__mspabi_srll_14</name>
         <value>0x6fd2</value>
         <object_component_ref idref="oc-61c"/>
      </symbol>
      <symbol id="sm-938">
         <name>__mspabi_srll_13</name>
         <value>0x6fd8</value>
         <object_component_ref idref="oc-61c"/>
      </symbol>
      <symbol id="sm-939">
         <name>__mspabi_srll_12</name>
         <value>0x6fde</value>
         <object_component_ref idref="oc-61c"/>
      </symbol>
      <symbol id="sm-93a">
         <name>__mspabi_srll_11</name>
         <value>0x6fe4</value>
         <object_component_ref idref="oc-61c"/>
      </symbol>
      <symbol id="sm-93b">
         <name>__mspabi_srll_10</name>
         <value>0x6fea</value>
         <object_component_ref idref="oc-61c"/>
      </symbol>
      <symbol id="sm-93c">
         <name>__mspabi_srll</name>
         <value>0x787c</value>
         <object_component_ref idref="oc-57e"/>
      </symbol>
      <symbol id="sm-94a">
         <name>__mspabi_sllll</name>
         <value>0x72f0</value>
         <object_component_ref idref="oc-578"/>
      </symbol>
      <symbol id="sm-95a">
         <name>__TI_frcmpyd</name>
         <value>0x3e5a</value>
         <object_component_ref idref="oc-5bd"/>
      </symbol>
      <symbol id="sm-966">
         <name>HOSTclose</name>
         <value>0x72ac</value>
         <object_component_ref idref="oc-493"/>
      </symbol>
      <symbol id="sm-972">
         <name>HOSTlseek</name>
         <value>0x6802</value>
         <object_component_ref idref="oc-4a5"/>
      </symbol>
      <symbol id="sm-980">
         <name>parmbuf</name>
         <value>0x14ea</value>
      </symbol>
      <symbol id="sm-981">
         <name>HOSTopen</name>
         <value>0x6e42</value>
         <object_component_ref idref="oc-48d"/>
      </symbol>
      <symbol id="sm-98e">
         <name>HOSTread</name>
         <value>0x6f6c</value>
         <object_component_ref idref="oc-499"/>
      </symbol>
      <symbol id="sm-99a">
         <name>HOSTrename</name>
         <value>0x6dd8</value>
         <object_component_ref idref="oc-4b1"/>
      </symbol>
      <symbol id="sm-9a6">
         <name>HOSTunlink</name>
         <value>0x7378</value>
         <object_component_ref idref="oc-4ab"/>
      </symbol>
      <symbol id="sm-9b3">
         <name>HOSTwrite</name>
         <value>0x6ea8</value>
         <object_component_ref idref="oc-49f"/>
      </symbol>
      <symbol id="sm-9d1">
         <name>__TI_readmsg</name>
         <value>0x75d0</value>
         <object_component_ref idref="oc-558"/>
      </symbol>
      <symbol id="sm-9d2">
         <name>C$$IO$$</name>
         <value>0x7542</value>
         <object_component_ref idref="oc-552"/>
      </symbol>
      <symbol id="sm-9d3">
         <name>_CIOBUF_</name>
         <value>0x122c</value>
         <object_component_ref idref="oc-5fa"/>
      </symbol>
      <symbol id="sm-9d4">
         <name>__TI_writemsg</name>
         <value>0x7518</value>
         <object_component_ref idref="oc-552"/>
      </symbol>
      <symbol id="sm-9e2">
         <name>lseek</name>
         <value>0x7722</value>
         <object_component_ref idref="oc-3d4"/>
      </symbol>
      <symbol id="sm-9f2">
         <name>__TI_closefile</name>
         <value>0x6c16</value>
         <object_component_ref idref="oc-481"/>
      </symbol>
      <symbol id="sm-a10">
         <name>finddevice</name>
         <value>0x74e4</value>
         <object_component_ref idref="oc-658"/>
      </symbol>
      <symbol id="sm-a11">
         <name>getdevice</name>
         <value>0x7080</value>
         <object_component_ref idref="oc-5ee"/>
      </symbol>
      <symbol id="sm-a1f">
         <name>strcmp</name>
         <value>0x77d8</value>
         <object_component_ref idref="oc-688"/>
      </symbol>
      <symbol id="sm-a2c">
         <name>strcpy</name>
         <value>0x78d0</value>
         <object_component_ref idref="oc-56e"/>
      </symbol>
      <symbol id="sm-a3c">
         <name>strncpy</name>
         <value>0x7654</value>
         <object_component_ref idref="oc-652"/>
      </symbol>
      <symbol id="sm-a4f">
         <name>close</name>
         <value>0x721c</value>
         <object_component_ref idref="oc-53e"/>
      </symbol>
      <symbol id="sm-a5b">
         <name>unlink</name>
         <value>0x76fa</value>
         <object_component_ref idref="oc-545"/>
      </symbol>
      <symbol id="sm-a5e">
         <name>remove</name>
         <value>0x76fa</value>
      </symbol>
   </symbol_table>
   <title>Link successful</title>
</link_info>
